PROGRESS 2/0/0 error 0
PROGRESS 3/4/10 error 0
{
  "final": {
    "run": 2,
    "state": 3,
    "case": 4,
    "round": 10,
    "rounds": 10,
    "dram_before": 26000,
    "dram_after": 27092,
    "state_bytes": 6582,
    "empty_task_us": 47,
    "error": 0,
    "physical_output": false,
    "results": [
      {
        "id": 0,
        "packets": 120,
        "samples": 115200,
        "wall_us": 554101,
        "task_us": 550198,
        "max_wall_us": 6238,
        "pcm_hash": 898651720,
        "scratch_bytes": 1808,
        "scratch_words": 14112,
        "min_dram": 8916,
        "stack_free_lifetime": 1660,
        "error": 0
      },
      {
        "id": 1,
        "packets": 120,
        "samples": 115200,
        "wall_us": 1363718,
        "task_us": 1347681,
        "max_wall_us": 14299,
        "pcm_hash": 3216561658,
        "scratch_bytes": 2904,
        "scratch_words": 15600,
        "min_dram": 9512,
        "stack_free_lifetime": 1660,
        "error": 0
      },
      {
        "id": 2,
        "packets": 120,
        "samples": 115200,
        "wall_us": 1899386,
        "task_us": 1873244,
        "max_wall_us": 18118,
        "pcm_hash": 2337883435,
        "scratch_bytes": 5488,
        "scratch_words": 15600,
        "min_dram": 9512,
        "stack_free_lifetime": 1660,
        "error": 0
      },
      {
        "id": 3,
        "packets": 120,
        "samples": 115200,
        "wall_us": 2472363,
        "task_us": 2438416,
        "max_wall_us": 24544,
        "pcm_hash": 1528306318,
        "scratch_bytes": 5488,
        "scratch_words": 15600,
        "min_dram": 9512,
        "stack_free_lifetime": 1660,
        "error": 0
      },
      {
        "id": 4,
        "packets": 120,
        "samples": 115200,
        "wall_us": 3079370,
        "task_us": 3026743,
        "max_wall_us": 30587,
        "pcm_hash": 1717014079,
        "scratch_bytes": 5488,
        "scratch_words": 15600,
        "min_dram": 9864,
        "stack_free_lifetime": 1660,
        "error": 0
      }
    ]
  },
  "comparison": [
    {
      "name": "mono-12",
      "id": 0,
      "packets": 120,
      "samples": 115200,
      "wall_us": 554101,
      "task_us": 550198,
      "max_wall_us": 6238,
      "pcm_hash": 898651720,
      "scratch_bytes": 1808,
      "scratch_words": 14112,
      "min_dram": 8916,
      "stack_free_lifetime": 1660,
      "error": 0,
      "audio_duration_us": 2400000,
      "task_budget_percent": 22.924916666666665,
      "wall_budget_percent": 23.087541666666667,
      "task_budget_minus_empty_estimate_percent": 22.689916666666665
    },
    {
      "name": "mono-24",
      "id": 1,
      "packets": 120,
      "samples": 115200,
      "wall_us": 1363718,
      "task_us": 1347681,
      "max_wall_us": 14299,
      "pcm_hash": 3216561658,
      "scratch_bytes": 2904,
      "scratch_words": 15600,
      "min_dram": 9512,
      "stack_free_lifetime": 1660,
      "error": 0,
      "audio_duration_us": 2400000,
      "task_budget_percent": 56.153375,
      "wall_budget_percent": 56.82158333333333,
      "task_budget_minus_empty_estimate_percent": 55.918375
    },
    {
      "name": "stereo-64",
      "id": 2,
      "packets": 120,
      "samples": 115200,
      "wall_us": 1899386,
      "task_us": 1873244,
      "max_wall_us": 18118,
      "pcm_hash": 2337883435,
      "scratch_bytes": 5488,
      "scratch_words": 15600,
      "min_dram": 9512,
      "stack_free_lifetime": 1660,
      "error": 0,
      "audio_duration_us": 2400000,
      "task_budget_percent": 78.05183333333332,
      "wall_budget_percent": 79.14108333333333,
      "task_budget_minus_empty_estimate_percent": 77.81683333333332
    },
    {
      "name": "stereo-128",
      "id": 3,
      "packets": 120,
      "samples": 115200,
      "wall_us": 2472363,
      "task_us": 2438416,
      "max_wall_us": 24544,
      "pcm_hash": 1528306318,
      "scratch_bytes": 5488,
      "scratch_words": 15600,
      "min_dram": 9512,
      "stack_free_lifetime": 1660,
      "error": 0,
      "audio_duration_us": 2400000,
      "task_budget_percent": 101.60066666666665,
      "wall_budget_percent": 103.015125,
      "task_budget_minus_empty_estimate_percent": 101.36566666666666
    },
    {
      "name": "stereo-192",
      "id": 4,
      "packets": 120,
      "samples": 115200,
      "wall_us": 3079370,
      "task_us": 3026743,
      "max_wall_us": 30587,
      "pcm_hash": 1717014079,
      "scratch_bytes": 5488,
      "scratch_words": 15600,
      "min_dram": 9864,
      "stack_free_lifetime": 1660,
      "error": 0,
      "audio_duration_us": 2400000,
      "task_budget_percent": 126.11429166666667,
      "wall_budget_percent": 128.30708333333334,
      "task_budget_minus_empty_estimate_percent": 125.87929166666667
    }
  ]
}
