TAP version 13
# Subtest: IRAM link capacity never substitutes for measured runtime headroom
ok 1 - IRAM link capacity never substitutes for measured runtime headroom
  ---
  duration_ms: 9.843
  type: 'test'
  ...
# Subtest: ABBA preserves ten trials per variant and alternates first-run bias
ok 2 - ABBA preserves ten trials per variant and alternates first-run bias
  ---
  duration_ms: 1.8221
  type: 'test'
  ...
# Subtest: IRAM experiment permits placement only and rejects mismatched RAM or corpus
ok 3 - IRAM experiment permits placement only and rejects mismatched RAM or corpus
  ---
  duration_ms: 63.6038
  type: 'test'
  ...
# Subtest: matching physical A/B artifacts and raw fixtures are verified before OTA
ok 4 - matching physical A/B artifacts and raw fixtures are verified before OTA
  ---
  duration_ms: 18.6193
  type: 'test'
  ...
# Subtest: compiler command parser does not invoke a shell and keeps quoted definitions
ok 5 - compiler command parser does not invoke a shell and keeps quoted definitions
  ---
  duration_ms: 4.8946
  type: 'test'
  ...
# Subtest: full ASM snapshot covers every upstream unit and both variants verify
ok 6 - full ASM snapshot covers every upstream unit and both variants verify
  ---
  duration_ms: 286.8743
  type: 'test'
  ...
# Subtest: annotations preserve comments and describe the function ABI
ok 7 - annotations preserve comments and describe the function ABI
  ---
  duration_ms: 0.84
  type: 'test'
  ...
# Subtest: stale source hashes and a different exported feature set fail closed
ok 8 - stale source hashes and a different exported feature set fail closed
  ---
  duration_ms: 13.266
  type: 'test'
  ...
# Subtest: ASM backend is opt-in, diagnostic only and ABI-incompatible features are rejected
ok 9 - ASM backend is opt-in, diagnostic only and ABI-incompatible features are rejected
  ---
  duration_ms: 0.5184
  type: 'test'
  ...
# Subtest: hoisted SAR keeps every register, store and exact rounding for 10000 cases
ok 10 - hoisted SAR keeps every register, store and exact rounding for 10000 cases
  ---
  duration_ms: 46361.7021
  type: 'test'
  ...
# Subtest: transform refuses calls, new shift writes, invariant mutation and external entries
ok 11 - transform refuses calls, new shift writes, invariant mutation and external entries
  ---
  duration_ms: 9.4552
  type: 'test'
  ...
# Subtest: LF and CRLF comments preserve every non-SSR instruction
ok 12 - LF and CRLF comments preserve every non-SSR instruction
  ---
  duration_ms: 6.0963
  type: 'test'
  ...
# Subtest: all three snapshots keep hashes, comments and independent entropy implementation
ok 13 - all three snapshots keep hashes, comments and independent entropy implementation
  ---
  duration_ms: 305.1492
  type: 'test'
  ...
# Subtest: accepts smaller low-bitrate regressions when high-bitrate gains dominate
ok 14 - accepts smaller low-bitrate regressions when high-bitrate gains dominate
  ---
  duration_ms: 1.6688
  type: 'test'
  ...
# Subtest: rejects high-bitrate slowdown, dominant low-bitrate loss and realtime budget failure
ok 15 - rejects high-bitrate slowdown, dominant low-bitrate loss and realtime budget failure
  ---
  duration_ms: 2.0663
  type: 'test'
  ...
# Subtest: intensity overlay is one decoder-only early branch, not entropy removal
ok 16 - intensity overlay is one decoder-only early branch, not entropy removal
  ---
  duration_ms: 133.0936
  type: 'test'
  ...
# Subtest: early qn=1 preserves final qn across intensity/N/budget boundaries
ok 17 - early qn=1 preserves final qn across intensity/N/budget boundaries
  ---
  duration_ms: 16.5401
  type: 'test'
  ...
# Subtest: only three reviewed block-count division sites change; arbitrary entropy division stays
ok 18 - only three reviewed block-count division sites change; arbitrary entropy division stays
  ---
  duration_ms: 130.1604
  type: 'test'
  ...
# Subtest: NSAU-based unsigned shift equals integer division, including uint32 high bit
ok 19 - NSAU-based unsigned shift equals integer division, including uint32 high bit
  ---
  duration_ms: 251.2607
  type: 'test'
  ...
# Subtest: assembly equivalence check retains operands and branch graph, permits density encodings
ok 20 - assembly equivalence check retains operands and branch graph, permits density encodings
  ---
  duration_ms: 1.5043
  type: 'test'
  ...
# Subtest: combined ASM is precisely intensity on block shifts, with unchanged vq overlay
ok 21 - combined ASM is precisely intensity on block shifts, with unchanged vq overlay
  ---
  duration_ms: 364.8626
  type: 'test'
  ...
# Subtest: 10000 exact ASM loops: raw iy, PCM, mask, live registers, guards and word loads
ok 22 - 10000 exact ASM loops: raw iy, PCM, mask, live registers, guards and word loads
  ---
  duration_ms: 13386.4215
  type: 'test'
  ...
# Subtest: scope/hash/frame guards and original rotation/fallback stay unchanged
ok 23 - scope/hash/frame guards and original rotation/fallback stay unchanged
  ---
  duration_ms: 70.6449
  type: 'test'
  ...
# Subtest: placement overlays change only unreachable prefix; parent, C and GCC stay pinned
ok 24 - placement overlays change only unreachable prefix; parent, C and GCC stay pinned
  ---
  duration_ms: 483.3518
  type: 'test'
  ...
# Subtest: only relocated quant_partition entry literals normalize; numeric data remain checked
ok 25 - only relocated quant_partition entry literals normalize; numeric data remain checked
  ---
  duration_ms: 1.5277
  type: 'test'
  ...
# Subtest: both placement modes exposed through build configuration
ok 26 - both placement modes exposed through build configuration
  ---
  duration_ms: 0.7117
  type: 'test'
  ...
# Subtest: linked graph compares direct CALL0 and relocated indirect CALLX0 without hiding cost
ok 27 - linked graph compares direct CALL0 and relocated indirect CALLX0 without hiding cost
  ---
  duration_ms: 3.4327
  type: 'test'
  ...
# Subtest: linked graph retains branch destinations, register operations and numeric literals
ok 28 - linked graph retains branch destinations, register operations and numeric literals
  ---
  duration_ms: 1.4471
  type: 'test'
  ...
# Subtest: CFG follows real targets, never decodes padding after J, rejects reachable garbage
ok 29 - CFG follows real targets, never decodes padding after J, rejects reachable garbage
  ---
  duration_ms: 7.438
  type: 'test'
  ...
# Subtest: literal profile differs only by placement and artifact identity
ok 30 - literal profile differs only by placement and artifact identity
  ---
  duration_ms: 10.0779
  type: 'test'
  ...
# Subtest: text literal option is scoped to exactly one pinned bands ASM unit
ok 31 - text literal option is scoped to exactly one pinned bands ASM unit
  ---
  duration_ms: 0.831
  type: 'test'
  ...
# Subtest: literal offsets are recorded without claiming cache misses
ok 32 - literal offsets are recorded without claiming cache misses
  ---
  duration_ms: 0.9319
  type: 'test'
  ...
# Subtest: build flag defaults OFF and protects production/C fallback
ok 33 - build flag defaults OFF and protects production/C fallback
  ---
  duration_ms: 0.4396
  type: 'test'
  ...
# Subtest: actual ASM snippet has exact lookup/guards and preserves live registers
ok 34 - actual ASM snippet has exact lookup/guards and preserves live registers
  ---
  duration_ms: 509.3359
  type: 'test'
  ...
# Subtest: C mirror matches original rate.h including custom pointer and budget fallback
ok 35 - C mirror matches original rate.h including custom pointer and budget fallback
  ---
  duration_ms: 5883.1091
  type: 'test'
  ...
# Subtest: ASM overlays are reproducible and baseline remains protected
ok 36 - ASM overlays are reproducible and baseline remains protected
  ---
  duration_ms: 86.8247
  type: 'test'
  ...
# Subtest: only three constant-one sites added to pinned tell-inline; C/GCC remain protected
ok 37 - only three constant-one sites added to pinned tell-inline; C/GCC remain protected
  ---
  duration_ms: 260.1955
  type: 'test'
  ...
# Subtest: 100000 interpreted macro executions: bit, counters, cold state and preserved registers
ok 38 - 100000 interpreted macro executions: bit, counters, cold state and preserved registers
  ---
  duration_ms: 658.4942
  type: 'test'
  ...
# Subtest: macro arithmetic is the exact GCC leaf body without return
ok 39 - macro arithmetic is the exact GCC leaf body without return
  ---
  duration_ms: 3.2234
  type: 'test'
  ...
# Subtest: only four pinned quant_partition calls are expanded and baseline stays exact
ok 40 - only four pinned quant_partition calls are expanded and baseline stays exact
  ---
  duration_ms: 129.0446
  type: 'test'
  ...
# Subtest: actual macro preserves results and live registers at every normalized threshold
ok 41 - actual macro preserves results and live registers at every normalized threshold
  ---
  duration_ms: 420.0601
  type: 'test'
  ...
# Subtest: tell + intensity is exactly either composition order, with one correction table
ok 42 - tell + intensity is exactly either composition order, with one correction table
  ---
  duration_ms: 322.4038
  type: 'test'
  ...
# Subtest: absolute report distinguishes relative slowdown from CPU percentage points
ok 43 - absolute report distinguishes relative slowdown from CPU percentage points
  ---
  duration_ms: 6.8369
  type: 'test'
  ...
# Subtest: tell/update composition changes only six exact sites and retains one shared table
ok 44 - tell/update composition changes only six exact sites and retains one shared table
  ---
  duration_ms: 320.8584
  type: 'test'
  ...
# Subtest: two decoder call sites only; protected baseline and shared function unchanged
ok 45 - two decoder call sites only; protected baseline and shared function unchanged
  ---
  duration_ms: 111.766
  type: 'test'
  ...
# Subtest: 100000 real macro executions preserve uint32 math, registers and cold-path state
ok 46 - 100000 real macro executions preserve uint32 math, registers and cold-path state
  ---
  duration_ms: 640.0634
  type: 'test'
  ...
1..46
# tests 46
# suites 0
# pass 46
# fail 0
# cancelled 0
# skipped 0
# todo 0
# duration_ms 46968.4113
