PROGRESS 2/0/0 error 0
PROGRESS 3/4/10 error 0
{
  "final": {
    "run": 1,
    "state": 3,
    "case": 4,
    "round": 10,
    "rounds": 10,
    "dram_before": 25872,
    "dram_after": 26612,
    "state_bytes": 6582,
    "empty_task_us": 46,
    "error": 0,
    "physical_output": false,
    "results": [
      {
        "id": 0,
        "packets": 120,
        "samples": 115200,
        "wall_us": 573667,
        "task_us": 570665,
        "max_wall_us": 6995,
        "pcm_hash": 898651720,
        "scratch_bytes": 1808,
        "scratch_words": 14112,
        "min_dram": 9376,
        "stack_free_lifetime": 1676,
        "error": 0
      },
      {
        "id": 1,
        "packets": 120,
        "samples": 115200,
        "wall_us": 1539494,
        "task_us": 1517334,
        "max_wall_us": 15015,
        "pcm_hash": 3216561658,
        "scratch_bytes": 2904,
        "scratch_words": 15600,
        "min_dram": 9384,
        "stack_free_lifetime": 1516,
        "error": 0
      },
      {
        "id": 2,
        "packets": 120,
        "samples": 115200,
        "wall_us": 2043475,
        "task_us": 2011752,
        "max_wall_us": 20290,
        "pcm_hash": 2337883435,
        "scratch_bytes": 5488,
        "scratch_words": 15600,
        "min_dram": 9384,
        "stack_free_lifetime": 1452,
        "error": 0
      },
      {
        "id": 3,
        "packets": 120,
        "samples": 115200,
        "wall_us": 2495845,
        "task_us": 2454550,
        "max_wall_us": 25434,
        "pcm_hash": 1528306318,
        "scratch_bytes": 5488,
        "scratch_words": 15600,
        "min_dram": 9384,
        "stack_free_lifetime": 1452,
        "error": 0
      },
      {
        "id": 4,
        "packets": 120,
        "samples": 115200,
        "wall_us": 2994735,
        "task_us": 2947906,
        "max_wall_us": 27942,
        "pcm_hash": 1717014079,
        "scratch_bytes": 5488,
        "scratch_words": 15600,
        "min_dram": 9384,
        "stack_free_lifetime": 1452,
        "error": 0
      }
    ],
    "function_case": 4,
    "function_error": 0,
    "function_clock_hz": 1000000,
    "function_clock_min_us": 1,
    "function_clock_max_us": 4,
    "functions": [
      {
        "id": 0,
        "calls": 120,
        "cpu_us": 2934107,
        "self_cpu_us": 470669,
        "max_cpu_us": 25727,
        "wall_us": 2989382,
        "self_wall_us": 485463,
        "max_wall_us": 27888
      },
      {
        "id": 1,
        "calls": 0,
        "cpu_us": 0,
        "self_cpu_us": 0,
        "max_cpu_us": 0,
        "wall_us": 0,
        "self_wall_us": 0,
        "max_wall_us": 0
      },
      {
        "id": 2,
        "calls": 120,
        "cpu_us": 1980321,
        "self_cpu_us": 1980321,
        "max_cpu_us": 17696,
        "wall_us": 2012042,
        "self_wall_us": 2012042,
        "max_wall_us": 18990
      },
      {
        "id": 3,
        "calls": 0,
        "cpu_us": 0,
        "self_cpu_us": 0,
        "max_cpu_us": 0,
        "wall_us": 0,
        "self_wall_us": 0,
        "max_wall_us": 0
      },
      {
        "id": 4,
        "calls": 0,
        "cpu_us": 0,
        "self_cpu_us": 0,
        "max_cpu_us": 0,
        "wall_us": 0,
        "self_wall_us": 0,
        "max_wall_us": 0
      },
      {
        "id": 5,
        "calls": 0,
        "cpu_us": 0,
        "self_cpu_us": 0,
        "max_cpu_us": 0,
        "wall_us": 0,
        "self_wall_us": 0,
        "max_wall_us": 0
      },
      {
        "id": 6,
        "calls": 190,
        "cpu_us": 483117,
        "self_cpu_us": 266332,
        "max_cpu_us": 4425,
        "wall_us": 491877,
        "self_wall_us": 270056,
        "max_wall_us": 6049
      },
      {
        "id": 7,
        "calls": 190,
        "cpu_us": 216785,
        "self_cpu_us": 216785,
        "max_cpu_us": 2045,
        "wall_us": 221821,
        "self_wall_us": 221821,
        "max_wall_us": 2998
      },
      {
        "id": 8,
        "calls": 0,
        "cpu_us": 0,
        "self_cpu_us": 0,
        "max_cpu_us": 0,
        "wall_us": 0,
        "self_wall_us": 0,
        "max_wall_us": 0
      },
      {
        "id": 9,
        "calls": 0,
        "cpu_us": 0,
        "self_cpu_us": 0,
        "max_cpu_us": 0,
        "wall_us": 0,
        "self_wall_us": 0,
        "max_wall_us": 0
      },
      {
        "id": 10,
        "calls": 0,
        "cpu_us": 0,
        "self_cpu_us": 0,
        "max_cpu_us": 0,
        "wall_us": 0,
        "self_wall_us": 0,
        "max_wall_us": 0
      },
      {
        "id": 11,
        "calls": 0,
        "cpu_us": 0,
        "self_cpu_us": 0,
        "max_cpu_us": 0,
        "wall_us": 0,
        "self_wall_us": 0,
        "max_wall_us": 0
      },
      {
        "id": 12,
        "calls": 0,
        "cpu_us": 0,
        "self_cpu_us": 0,
        "max_cpu_us": 0,
        "wall_us": 0,
        "self_wall_us": 0,
        "max_wall_us": 0
      },
      {
        "id": 13,
        "calls": 0,
        "cpu_us": 0,
        "self_cpu_us": 0,
        "max_cpu_us": 0,
        "wall_us": 0,
        "self_wall_us": 0,
        "max_wall_us": 0
      }
    ]
  },
  "comparison": [
    {
      "name": "mono-12",
      "id": 0,
      "packets": 120,
      "samples": 115200,
      "wall_us": 573667,
      "task_us": 570665,
      "max_wall_us": 6995,
      "pcm_hash": 898651720,
      "scratch_bytes": 1808,
      "scratch_words": 14112,
      "min_dram": 9376,
      "stack_free_lifetime": 1676,
      "error": 0,
      "audio_duration_us": 2400000,
      "task_budget_percent": 23.777708333333333,
      "wall_budget_percent": 23.90279166666667,
      "task_budget_minus_empty_estimate_percent": 23.547708333333333
    },
    {
      "name": "mono-24",
      "id": 1,
      "packets": 120,
      "samples": 115200,
      "wall_us": 1539494,
      "task_us": 1517334,
      "max_wall_us": 15015,
      "pcm_hash": 3216561658,
      "scratch_bytes": 2904,
      "scratch_words": 15600,
      "min_dram": 9384,
      "stack_free_lifetime": 1516,
      "error": 0,
      "audio_duration_us": 2400000,
      "task_budget_percent": 63.22225,
      "wall_budget_percent": 64.14558333333333,
      "task_budget_minus_empty_estimate_percent": 62.99225
    },
    {
      "name": "stereo-64",
      "id": 2,
      "packets": 120,
      "samples": 115200,
      "wall_us": 2043475,
      "task_us": 2011752,
      "max_wall_us": 20290,
      "pcm_hash": 2337883435,
      "scratch_bytes": 5488,
      "scratch_words": 15600,
      "min_dram": 9384,
      "stack_free_lifetime": 1452,
      "error": 0,
      "audio_duration_us": 2400000,
      "task_budget_percent": 83.823,
      "wall_budget_percent": 85.14479166666666,
      "task_budget_minus_empty_estimate_percent": 83.593
    },
    {
      "name": "stereo-128",
      "id": 3,
      "packets": 120,
      "samples": 115200,
      "wall_us": 2495845,
      "task_us": 2454550,
      "max_wall_us": 25434,
      "pcm_hash": 1528306318,
      "scratch_bytes": 5488,
      "scratch_words": 15600,
      "min_dram": 9384,
      "stack_free_lifetime": 1452,
      "error": 0,
      "audio_duration_us": 2400000,
      "task_budget_percent": 102.27291666666666,
      "wall_budget_percent": 103.99354166666667,
      "task_budget_minus_empty_estimate_percent": 102.04291666666667
    },
    {
      "name": "stereo-192",
      "id": 4,
      "packets": 120,
      "samples": 115200,
      "wall_us": 2994735,
      "task_us": 2947906,
      "max_wall_us": 27942,
      "pcm_hash": 1717014079,
      "scratch_bytes": 5488,
      "scratch_words": 15600,
      "min_dram": 9384,
      "stack_free_lifetime": 1452,
      "error": 0,
      "audio_duration_us": 2400000,
      "task_budget_percent": 122.82941666666666,
      "wall_budget_percent": 124.780625,
      "task_budget_minus_empty_estimate_percent": 122.59941666666666
    }
  ]
}
