PROGRESS 2/0/0 error 0
PROGRESS 3/4/10 error 0
{
  "final": {
    "run": 2,
    "state": 3,
    "case": 4,
    "round": 10,
    "rounds": 10,
    "dram_before": 24828,
    "dram_after": 26612,
    "state_bytes": 6582,
    "empty_task_us": 51,
    "error": 0,
    "physical_output": false,
    "results": [
      {
        "id": 0,
        "packets": 120,
        "samples": 115200,
        "wall_us": 577905,
        "task_us": 571314,
        "max_wall_us": 6675,
        "pcm_hash": 898651720,
        "scratch_bytes": 1808,
        "scratch_words": 14112,
        "min_dram": 8436,
        "stack_free_lifetime": 1452,
        "error": 0
      },
      {
        "id": 1,
        "packets": 120,
        "samples": 115200,
        "wall_us": 1542481,
        "task_us": 1518188,
        "max_wall_us": 14806,
        "pcm_hash": 3216561658,
        "scratch_bytes": 2904,
        "scratch_words": 15600,
        "min_dram": 9180,
        "stack_free_lifetime": 1452,
        "error": 0
      },
      {
        "id": 2,
        "packets": 120,
        "samples": 115200,
        "wall_us": 2051774,
        "task_us": 2013165,
        "max_wall_us": 20416,
        "pcm_hash": 2337883435,
        "scratch_bytes": 5488,
        "scratch_words": 15600,
        "min_dram": 9032,
        "stack_free_lifetime": 1452,
        "error": 0
      },
      {
        "id": 3,
        "packets": 120,
        "samples": 115200,
        "wall_us": 2499847,
        "task_us": 2453949,
        "max_wall_us": 23789,
        "pcm_hash": 1528306318,
        "scratch_bytes": 5488,
        "scratch_words": 15600,
        "min_dram": 9384,
        "stack_free_lifetime": 1452,
        "error": 0
      },
      {
        "id": 4,
        "packets": 120,
        "samples": 115200,
        "wall_us": 2991467,
        "task_us": 2946717,
        "max_wall_us": 28531,
        "pcm_hash": 1717014079,
        "scratch_bytes": 5488,
        "scratch_words": 15600,
        "min_dram": 9384,
        "stack_free_lifetime": 1452,
        "error": 0
      }
    ],
    "function_case": 4,
    "function_error": 0,
    "function_clock_hz": 1000000,
    "function_clock_min_us": 1,
    "function_clock_max_us": 4,
    "functions": [
      {
        "id": 0,
        "calls": 120,
        "cpu_us": 2932884,
        "self_cpu_us": 470694,
        "max_cpu_us": 25841,
        "wall_us": 2986115,
        "self_wall_us": 487017,
        "max_wall_us": 28478
      },
      {
        "id": 1,
        "calls": 0,
        "cpu_us": 0,
        "self_cpu_us": 0,
        "max_cpu_us": 0,
        "wall_us": 0,
        "self_wall_us": 0,
        "max_wall_us": 0
      },
      {
        "id": 2,
        "calls": 120,
        "cpu_us": 1979505,
        "self_cpu_us": 1979505,
        "max_cpu_us": 17739,
        "wall_us": 2008793,
        "self_wall_us": 2008793,
        "max_wall_us": 19927
      },
      {
        "id": 3,
        "calls": 0,
        "cpu_us": 0,
        "self_cpu_us": 0,
        "max_cpu_us": 0,
        "wall_us": 0,
        "self_wall_us": 0,
        "max_wall_us": 0
      },
      {
        "id": 4,
        "calls": 0,
        "cpu_us": 0,
        "self_cpu_us": 0,
        "max_cpu_us": 0,
        "wall_us": 0,
        "self_wall_us": 0,
        "max_wall_us": 0
      },
      {
        "id": 5,
        "calls": 0,
        "cpu_us": 0,
        "self_cpu_us": 0,
        "max_cpu_us": 0,
        "wall_us": 0,
        "self_wall_us": 0,
        "max_wall_us": 0
      },
      {
        "id": 6,
        "calls": 190,
        "cpu_us": 482685,
        "self_cpu_us": 265961,
        "max_cpu_us": 4537,
        "wall_us": 490305,
        "self_wall_us": 269327,
        "max_wall_us": 6280
      },
      {
        "id": 7,
        "calls": 190,
        "cpu_us": 216724,
        "self_cpu_us": 216724,
        "max_cpu_us": 2180,
        "wall_us": 220978,
        "self_wall_us": 220978,
        "max_wall_us": 3923
      },
      {
        "id": 8,
        "calls": 0,
        "cpu_us": 0,
        "self_cpu_us": 0,
        "max_cpu_us": 0,
        "wall_us": 0,
        "self_wall_us": 0,
        "max_wall_us": 0
      },
      {
        "id": 9,
        "calls": 0,
        "cpu_us": 0,
        "self_cpu_us": 0,
        "max_cpu_us": 0,
        "wall_us": 0,
        "self_wall_us": 0,
        "max_wall_us": 0
      },
      {
        "id": 10,
        "calls": 0,
        "cpu_us": 0,
        "self_cpu_us": 0,
        "max_cpu_us": 0,
        "wall_us": 0,
        "self_wall_us": 0,
        "max_wall_us": 0
      },
      {
        "id": 11,
        "calls": 0,
        "cpu_us": 0,
        "self_cpu_us": 0,
        "max_cpu_us": 0,
        "wall_us": 0,
        "self_wall_us": 0,
        "max_wall_us": 0
      },
      {
        "id": 12,
        "calls": 0,
        "cpu_us": 0,
        "self_cpu_us": 0,
        "max_cpu_us": 0,
        "wall_us": 0,
        "self_wall_us": 0,
        "max_wall_us": 0
      },
      {
        "id": 13,
        "calls": 0,
        "cpu_us": 0,
        "self_cpu_us": 0,
        "max_cpu_us": 0,
        "wall_us": 0,
        "self_wall_us": 0,
        "max_wall_us": 0
      }
    ]
  },
  "comparison": [
    {
      "name": "mono-12",
      "id": 0,
      "packets": 120,
      "samples": 115200,
      "wall_us": 577905,
      "task_us": 571314,
      "max_wall_us": 6675,
      "pcm_hash": 898651720,
      "scratch_bytes": 1808,
      "scratch_words": 14112,
      "min_dram": 8436,
      "stack_free_lifetime": 1452,
      "error": 0,
      "audio_duration_us": 2400000,
      "task_budget_percent": 23.80475,
      "wall_budget_percent": 24.079375,
      "task_budget_minus_empty_estimate_percent": 23.549749999999996
    },
    {
      "name": "mono-24",
      "id": 1,
      "packets": 120,
      "samples": 115200,
      "wall_us": 1542481,
      "task_us": 1518188,
      "max_wall_us": 14806,
      "pcm_hash": 3216561658,
      "scratch_bytes": 2904,
      "scratch_words": 15600,
      "min_dram": 9180,
      "stack_free_lifetime": 1452,
      "error": 0,
      "audio_duration_us": 2400000,
      "task_budget_percent": 63.25783333333333,
      "wall_budget_percent": 64.27004166666667,
      "task_budget_minus_empty_estimate_percent": 63.00283333333333
    },
    {
      "name": "stereo-64",
      "id": 2,
      "packets": 120,
      "samples": 115200,
      "wall_us": 2051774,
      "task_us": 2013165,
      "max_wall_us": 20416,
      "pcm_hash": 2337883435,
      "scratch_bytes": 5488,
      "scratch_words": 15600,
      "min_dram": 9032,
      "stack_free_lifetime": 1452,
      "error": 0,
      "audio_duration_us": 2400000,
      "task_budget_percent": 83.881875,
      "wall_budget_percent": 85.49058333333333,
      "task_budget_minus_empty_estimate_percent": 83.626875
    },
    {
      "name": "stereo-128",
      "id": 3,
      "packets": 120,
      "samples": 115200,
      "wall_us": 2499847,
      "task_us": 2453949,
      "max_wall_us": 23789,
      "pcm_hash": 1528306318,
      "scratch_bytes": 5488,
      "scratch_words": 15600,
      "min_dram": 9384,
      "stack_free_lifetime": 1452,
      "error": 0,
      "audio_duration_us": 2400000,
      "task_budget_percent": 102.247875,
      "wall_budget_percent": 104.16029166666667,
      "task_budget_minus_empty_estimate_percent": 101.992875
    },
    {
      "name": "stereo-192",
      "id": 4,
      "packets": 120,
      "samples": 115200,
      "wall_us": 2991467,
      "task_us": 2946717,
      "max_wall_us": 28531,
      "pcm_hash": 1717014079,
      "scratch_bytes": 5488,
      "scratch_words": 15600,
      "min_dram": 9384,
      "stack_free_lifetime": 1452,
      "error": 0,
      "audio_duration_us": 2400000,
      "task_budget_percent": 122.77987499999999,
      "wall_budget_percent": 124.64445833333333,
      "task_budget_minus_empty_estimate_percent": 122.524875
    }
  ]
}
