PROGRESS 2/0/0 error 0
PROGRESS 3/4/10 error 0
{
  "final": {
    "run": 5,
    "state": 3,
    "case": 4,
    "round": 10,
    "rounds": 10,
    "dram_before": 24836,
    "dram_after": 26612,
    "state_bytes": 6582,
    "empty_task_us": 43,
    "error": 0,
    "physical_output": false,
    "results": [
      {
        "id": 0,
        "packets": 120,
        "samples": 115200,
        "wall_us": 579278,
        "task_us": 571552,
        "max_wall_us": 7849,
        "pcm_hash": 898651720,
        "scratch_bytes": 1808,
        "scratch_words": 14112,
        "min_dram": 9208,
        "stack_free_lifetime": 1452,
        "error": 0
      },
      {
        "id": 1,
        "packets": 120,
        "samples": 115200,
        "wall_us": 1539773,
        "task_us": 1518124,
        "max_wall_us": 15315,
        "pcm_hash": 3216561658,
        "scratch_bytes": 2904,
        "scratch_words": 15600,
        "min_dram": 9208,
        "stack_free_lifetime": 1452,
        "error": 0
      },
      {
        "id": 2,
        "packets": 120,
        "samples": 115200,
        "wall_us": 2049509,
        "task_us": 2013741,
        "max_wall_us": 21793,
        "pcm_hash": 2337883435,
        "scratch_bytes": 5488,
        "scratch_words": 15600,
        "min_dram": 9208,
        "stack_free_lifetime": 1452,
        "error": 0
      },
      {
        "id": 3,
        "packets": 120,
        "samples": 115200,
        "wall_us": 2504940,
        "task_us": 2455409,
        "max_wall_us": 26900,
        "pcm_hash": 1528306318,
        "scratch_bytes": 5488,
        "scratch_words": 15600,
        "min_dram": 9560,
        "stack_free_lifetime": 1452,
        "error": 0
      },
      {
        "id": 4,
        "packets": 120,
        "samples": 115200,
        "wall_us": 2997503,
        "task_us": 2947833,
        "max_wall_us": 27970,
        "pcm_hash": 1717014079,
        "scratch_bytes": 5488,
        "scratch_words": 15600,
        "min_dram": 9560,
        "stack_free_lifetime": 1452,
        "error": 0
      }
    ],
    "function_case": 4,
    "function_error": 0,
    "function_clock_hz": 1000000,
    "function_clock_min_us": 1,
    "function_clock_max_us": 3,
    "functions": [
      {
        "id": 0,
        "calls": 120,
        "cpu_us": 2933989,
        "self_cpu_us": 470828,
        "max_cpu_us": 25759,
        "wall_us": 2992173,
        "self_wall_us": 489256,
        "max_wall_us": 27928
      },
      {
        "id": 1,
        "calls": 0,
        "cpu_us": 0,
        "self_cpu_us": 0,
        "max_cpu_us": 0,
        "wall_us": 0,
        "self_wall_us": 0,
        "max_wall_us": 0
      },
      {
        "id": 2,
        "calls": 120,
        "cpu_us": 1980408,
        "self_cpu_us": 1980408,
        "max_cpu_us": 17739,
        "wall_us": 2012044,
        "self_wall_us": 2012044,
        "max_wall_us": 19591
      },
      {
        "id": 3,
        "calls": 0,
        "cpu_us": 0,
        "self_cpu_us": 0,
        "max_cpu_us": 0,
        "wall_us": 0,
        "self_wall_us": 0,
        "max_wall_us": 0
      },
      {
        "id": 4,
        "calls": 0,
        "cpu_us": 0,
        "self_cpu_us": 0,
        "max_cpu_us": 0,
        "wall_us": 0,
        "self_wall_us": 0,
        "max_wall_us": 0
      },
      {
        "id": 5,
        "calls": 0,
        "cpu_us": 0,
        "self_cpu_us": 0,
        "max_cpu_us": 0,
        "wall_us": 0,
        "self_wall_us": 0,
        "max_wall_us": 0
      },
      {
        "id": 6,
        "calls": 190,
        "cpu_us": 482753,
        "self_cpu_us": 266042,
        "max_cpu_us": 4634,
        "wall_us": 490873,
        "self_wall_us": 269792,
        "max_wall_us": 7157
      },
      {
        "id": 7,
        "calls": 190,
        "cpu_us": 216711,
        "self_cpu_us": 216711,
        "max_cpu_us": 2272,
        "wall_us": 221081,
        "self_wall_us": 221081,
        "max_wall_us": 4795
      },
      {
        "id": 8,
        "calls": 0,
        "cpu_us": 0,
        "self_cpu_us": 0,
        "max_cpu_us": 0,
        "wall_us": 0,
        "self_wall_us": 0,
        "max_wall_us": 0
      },
      {
        "id": 9,
        "calls": 0,
        "cpu_us": 0,
        "self_cpu_us": 0,
        "max_cpu_us": 0,
        "wall_us": 0,
        "self_wall_us": 0,
        "max_wall_us": 0
      },
      {
        "id": 10,
        "calls": 0,
        "cpu_us": 0,
        "self_cpu_us": 0,
        "max_cpu_us": 0,
        "wall_us": 0,
        "self_wall_us": 0,
        "max_wall_us": 0
      },
      {
        "id": 11,
        "calls": 0,
        "cpu_us": 0,
        "self_cpu_us": 0,
        "max_cpu_us": 0,
        "wall_us": 0,
        "self_wall_us": 0,
        "max_wall_us": 0
      },
      {
        "id": 12,
        "calls": 0,
        "cpu_us": 0,
        "self_cpu_us": 0,
        "max_cpu_us": 0,
        "wall_us": 0,
        "self_wall_us": 0,
        "max_wall_us": 0
      },
      {
        "id": 13,
        "calls": 0,
        "cpu_us": 0,
        "self_cpu_us": 0,
        "max_cpu_us": 0,
        "wall_us": 0,
        "self_wall_us": 0,
        "max_wall_us": 0
      }
    ]
  },
  "comparison": [
    {
      "name": "mono-12",
      "id": 0,
      "packets": 120,
      "samples": 115200,
      "wall_us": 579278,
      "task_us": 571552,
      "max_wall_us": 7849,
      "pcm_hash": 898651720,
      "scratch_bytes": 1808,
      "scratch_words": 14112,
      "min_dram": 9208,
      "stack_free_lifetime": 1452,
      "error": 0,
      "audio_duration_us": 2400000,
      "task_budget_percent": 23.814666666666668,
      "wall_budget_percent": 24.136583333333334,
      "task_budget_minus_empty_estimate_percent": 23.599666666666668
    },
    {
      "name": "mono-24",
      "id": 1,
      "packets": 120,
      "samples": 115200,
      "wall_us": 1539773,
      "task_us": 1518124,
      "max_wall_us": 15315,
      "pcm_hash": 3216561658,
      "scratch_bytes": 2904,
      "scratch_words": 15600,
      "min_dram": 9208,
      "stack_free_lifetime": 1452,
      "error": 0,
      "audio_duration_us": 2400000,
      "task_budget_percent": 63.25516666666667,
      "wall_budget_percent": 64.15720833333333,
      "task_budget_minus_empty_estimate_percent": 63.04016666666667
    },
    {
      "name": "stereo-64",
      "id": 2,
      "packets": 120,
      "samples": 115200,
      "wall_us": 2049509,
      "task_us": 2013741,
      "max_wall_us": 21793,
      "pcm_hash": 2337883435,
      "scratch_bytes": 5488,
      "scratch_words": 15600,
      "min_dram": 9208,
      "stack_free_lifetime": 1452,
      "error": 0,
      "audio_duration_us": 2400000,
      "task_budget_percent": 83.905875,
      "wall_budget_percent": 85.39620833333333,
      "task_budget_minus_empty_estimate_percent": 83.69087499999999
    },
    {
      "name": "stereo-128",
      "id": 3,
      "packets": 120,
      "samples": 115200,
      "wall_us": 2504940,
      "task_us": 2455409,
      "max_wall_us": 26900,
      "pcm_hash": 1528306318,
      "scratch_bytes": 5488,
      "scratch_words": 15600,
      "min_dram": 9560,
      "stack_free_lifetime": 1452,
      "error": 0,
      "audio_duration_us": 2400000,
      "task_budget_percent": 102.30870833333333,
      "wall_budget_percent": 104.3725,
      "task_budget_minus_empty_estimate_percent": 102.09370833333332
    },
    {
      "name": "stereo-192",
      "id": 4,
      "packets": 120,
      "samples": 115200,
      "wall_us": 2997503,
      "task_us": 2947833,
      "max_wall_us": 27970,
      "pcm_hash": 1717014079,
      "scratch_bytes": 5488,
      "scratch_words": 15600,
      "min_dram": 9560,
      "stack_free_lifetime": 1452,
      "error": 0,
      "audio_duration_us": 2400000,
      "task_budget_percent": 122.826375,
      "wall_budget_percent": 124.89595833333334,
      "task_budget_minus_empty_estimate_percent": 122.61137500000001
    }
  ]
}
