TAP version 13
# ┌─────────┬────────────────────┬────────┬────────┬────────┬────────┬────────┬────────────┬────────────┬────────────┬────────────┐
# │ (index) │ name               │ linear │ binary │ tree4  │ tree8  │ tree16 │ prefix0min │ prefix0max │ prefix2min │ prefix2max │
# ├─────────┼────────────────────┼────────┼────────┼────────┼────────┼────────┼────────────┼────────────┼────────────┼────────────┤
# │ 0       │ 'mono-12'          │ 0      │ 0      │ 0      │ 0      │ 0      │ 0          │ 0          │ 0          │ 0          │
# │ 1       │ 'mono-24'          │ 124    │ 154    │ 115    │ 112    │ 118    │ 121        │ 130        │ 74         │ 105        │
# │ 2       │ 'stereo-64'        │ 2803   │ 2379   │ 2471   │ 2390   │ 2511   │ 2068       │ 2657       │ 1721       │ 2373       │
# │ 3       │ 'stereo-128'       │ 11682  │ 9594   │ 10099  │ 9832   │ 10461  │ 8000       │ 10533      │ 6639       │ 9327       │
# │ 4       │ 'stereo-192'       │ 24259  │ 17587  │ 19688  │ 18633  │ 18928  │ 14502      │ 18538      │ 10834      │ 15258      │
# │ 5       │ 'stereo-320-2.5ms' │ 45485  │ 20595  │ 39465  │ 36489  │ 29982  │ 20813      │ 24505      │ 12031      │ 16304      │
# │ 6       │ 'stereo-320-5ms'   │ 53872  │ 21774  │ 47474  │ 44418  │ 37214  │ 23656      │ 28004      │ 13099      │ 17709      │
# │ 7       │ 'stereo-320-10ms'  │ 63208  │ 27369  │ 55032  │ 51890  │ 45312  │ 28366      │ 34081      │ 16613      │ 22861      │
# │ 8       │ 'stereo-320-20ms'  │ 66093  │ 25785  │ 58169  │ 54621  │ 46373  │ 28252      │ 33436      │ 15292      │ 20782      │
# │ 9       │ 'stereo-510'       │ 377680 │ 132249 │ 336787 │ 315354 │ 259819 │ 156820     │ 179787     │ 79624      │ 105454     │
# └─────────┴────────────────────┴────────┴────────┴────────┴────────┴────────┴────────────┴────────────┴────────────┴────────────┘
# Subtest: alphabetic tree preserves ordered leaves and favours frequent results
ok 1 - alphabetic tree preserves ordered leaves and favours frequent results
  ---
  duration_ms: 2.0067
  type: 'test'
  ...
# Subtest: all real U intervals pass tree/prefix verification without limiting bitrate
ok 2 - all real U intervals pass tree/prefix verification without limiting bitrate
  ---
  duration_ms: 292.1759
  type: 'test'
  ...
# Subtest: search census is reproducible and includes metadata reads and high bitrates
ok 3 - search census is reproducible and includes metadata reads and high bitrates
  ---
  duration_ms: 685.8978
  type: 'test'
  ...
1..3
# tests 3
# suites 0
# pass 3
# fail 0
# cancelled 0
# skipped 0
# todo 0
# duration_ms 1132.8876
