PROGRESS 2/0/0 error 0
PROGRESS 3/4/10 error 0
{
  "final": {
    "run": 1,
    "state": 3,
    "case": 4,
    "round": 10,
    "rounds": 10,
    "dram_before": 26284,
    "dram_after": 26476,
    "state_bytes": 6582,
    "empty_task_us": 57,
    "error": 0,
    "physical_output": false,
    "results": [
      {
        "id": 0,
        "packets": 120,
        "samples": 115200,
        "wall_us": 554923,
        "task_us": 554114,
        "max_wall_us": 6772,
        "pcm_hash": 898651720,
        "scratch_bytes": 1808,
        "scratch_words": 14112,
        "min_dram": 8512,
        "stack_free_lifetime": 1740,
        "error": 0
      },
      {
        "id": 1,
        "packets": 120,
        "samples": 115200,
        "wall_us": 1320346,
        "task_us": 1302826,
        "max_wall_us": 12753,
        "pcm_hash": 3216561658,
        "scratch_bytes": 2904,
        "scratch_words": 15600,
        "min_dram": 9976,
        "stack_free_lifetime": 1724,
        "error": 0
      },
      {
        "id": 2,
        "packets": 120,
        "samples": 115200,
        "wall_us": 1562185,
        "task_us": 1543779,
        "max_wall_us": 15935,
        "pcm_hash": 2337883435,
        "scratch_bytes": 5488,
        "scratch_words": 15600,
        "min_dram": 9976,
        "stack_free_lifetime": 1724,
        "error": 0
      },
      {
        "id": 3,
        "packets": 120,
        "samples": 115200,
        "wall_us": 1867805,
        "task_us": 1834047,
        "max_wall_us": 18847,
        "pcm_hash": 1528306318,
        "scratch_bytes": 5488,
        "scratch_words": 15600,
        "min_dram": 9976,
        "stack_free_lifetime": 1660,
        "error": 0
      },
      {
        "id": 4,
        "packets": 120,
        "samples": 115200,
        "wall_us": 2116772,
        "task_us": 2081639,
        "max_wall_us": 20364,
        "pcm_hash": 1717014079,
        "scratch_bytes": 5488,
        "scratch_words": 15600,
        "min_dram": 9976,
        "stack_free_lifetime": 1660,
        "error": 0
      }
    ]
  },
  "comparison": [
    {
      "name": "mono-12",
      "id": 0,
      "packets": 120,
      "samples": 115200,
      "wall_us": 554923,
      "task_us": 554114,
      "max_wall_us": 6772,
      "pcm_hash": 898651720,
      "scratch_bytes": 1808,
      "scratch_words": 14112,
      "min_dram": 8512,
      "stack_free_lifetime": 1740,
      "error": 0,
      "audio_duration_us": 2400000,
      "task_budget_percent": 23.08808333333333,
      "wall_budget_percent": 23.121791666666667,
      "task_budget_minus_empty_estimate_percent": 22.80308333333333
    },
    {
      "name": "mono-24",
      "id": 1,
      "packets": 120,
      "samples": 115200,
      "wall_us": 1320346,
      "task_us": 1302826,
      "max_wall_us": 12753,
      "pcm_hash": 3216561658,
      "scratch_bytes": 2904,
      "scratch_words": 15600,
      "min_dram": 9976,
      "stack_free_lifetime": 1724,
      "error": 0,
      "audio_duration_us": 2400000,
      "task_budget_percent": 54.284416666666665,
      "wall_budget_percent": 55.01441666666666,
      "task_budget_minus_empty_estimate_percent": 53.99941666666666
    },
    {
      "name": "stereo-64",
      "id": 2,
      "packets": 120,
      "samples": 115200,
      "wall_us": 1562185,
      "task_us": 1543779,
      "max_wall_us": 15935,
      "pcm_hash": 2337883435,
      "scratch_bytes": 5488,
      "scratch_words": 15600,
      "min_dram": 9976,
      "stack_free_lifetime": 1724,
      "error": 0,
      "audio_duration_us": 2400000,
      "task_budget_percent": 64.324125,
      "wall_budget_percent": 65.09104166666667,
      "task_budget_minus_empty_estimate_percent": 64.039125
    },
    {
      "name": "stereo-128",
      "id": 3,
      "packets": 120,
      "samples": 115200,
      "wall_us": 1867805,
      "task_us": 1834047,
      "max_wall_us": 18847,
      "pcm_hash": 1528306318,
      "scratch_bytes": 5488,
      "scratch_words": 15600,
      "min_dram": 9976,
      "stack_free_lifetime": 1660,
      "error": 0,
      "audio_duration_us": 2400000,
      "task_budget_percent": 76.41862499999999,
      "wall_budget_percent": 77.82520833333334,
      "task_budget_minus_empty_estimate_percent": 76.133625
    },
    {
      "name": "stereo-192",
      "id": 4,
      "packets": 120,
      "samples": 115200,
      "wall_us": 2116772,
      "task_us": 2081639,
      "max_wall_us": 20364,
      "pcm_hash": 1717014079,
      "scratch_bytes": 5488,
      "scratch_words": 15600,
      "min_dram": 9976,
      "stack_free_lifetime": 1660,
      "error": 0,
      "audio_duration_us": 2400000,
      "task_budget_percent": 86.73495833333332,
      "wall_budget_percent": 88.19883333333333,
      "task_budget_minus_empty_estimate_percent": 86.44995833333333
    }
  ]
}
