TAP version 13
# Subtest: IRAM link capacity never substitutes for measured runtime headroom
ok 1 - IRAM link capacity never substitutes for measured runtime headroom
  ---
  duration_ms: 7.5794
  type: 'test'
  ...
# Subtest: ABBA preserves ten trials per variant and alternates first-run bias
ok 2 - ABBA preserves ten trials per variant and alternates first-run bias
  ---
  duration_ms: 1.9475
  type: 'test'
  ...
# Subtest: IRAM experiment permits placement only and rejects mismatched RAM or corpus
ok 3 - IRAM experiment permits placement only and rejects mismatched RAM or corpus
  ---
  duration_ms: 53.1936
  type: 'test'
  ...
# Subtest: matching physical A/B artifacts and raw fixtures are verified before OTA
ok 4 - matching physical A/B artifacts and raw fixtures are verified before OTA
  ---
  duration_ms: 20.0574
  type: 'test'
  ...
# Subtest: compiler command parser does not invoke a shell and keeps quoted definitions
ok 5 - compiler command parser does not invoke a shell and keeps quoted definitions
  ---
  duration_ms: 3.0935
  type: 'test'
  ...
# Subtest: full ASM snapshot covers every upstream unit and both variants verify
ok 6 - full ASM snapshot covers every upstream unit and both variants verify
  ---
  duration_ms: 255.2204
  type: 'test'
  ...
# Subtest: annotations preserve comments and describe the function ABI
ok 7 - annotations preserve comments and describe the function ABI
  ---
  duration_ms: 0.7982
  type: 'test'
  ...
# Subtest: stale source hashes and a different exported feature set fail closed
ok 8 - stale source hashes and a different exported feature set fail closed
  ---
  duration_ms: 18.2154
  type: 'test'
  ...
# Subtest: ASM backend is opt-in, diagnostic only and ABI-incompatible features are rejected
ok 9 - ASM backend is opt-in, diagnostic only and ABI-incompatible features are rejected
  ---
  duration_ms: 0.5785
  type: 'test'
  ...
# Subtest: hoisted SAR keeps every register, store and exact rounding for 10000 cases
ok 10 - hoisted SAR keeps every register, store and exact rounding for 10000 cases
  ---
  duration_ms: 27640.123
  type: 'test'
  ...
# Subtest: transform refuses calls, new shift writes, invariant mutation and external entries
ok 11 - transform refuses calls, new shift writes, invariant mutation and external entries
  ---
  duration_ms: 3.3782
  type: 'test'
  ...
# Subtest: LF and CRLF comments preserve every non-SSR instruction
ok 12 - LF and CRLF comments preserve every non-SSR instruction
  ---
  duration_ms: 2.9831
  type: 'test'
  ...
# Subtest: all three snapshots keep hashes, comments and independent entropy implementation
ok 13 - all three snapshots keep hashes, comments and independent entropy implementation
  ---
  duration_ms: 64.7494
  type: 'test'
  ...
# Subtest: accepts smaller low-bitrate regressions when high-bitrate gains dominate
ok 14 - accepts smaller low-bitrate regressions when high-bitrate gains dominate
  ---
  duration_ms: 1.6283
  type: 'test'
  ...
# Subtest: rejects high-bitrate slowdown, dominant low-bitrate loss and realtime budget failure
ok 15 - rejects high-bitrate slowdown, dominant low-bitrate loss and realtime budget failure
  ---
  duration_ms: 1.2259
  type: 'test'
  ...
# Subtest: intensity overlay is one decoder-only early branch, not entropy removal
ok 16 - intensity overlay is one decoder-only early branch, not entropy removal
  ---
  duration_ms: 130.1031
  type: 'test'
  ...
# Subtest: early qn=1 preserves final qn across intensity/N/budget boundaries
ok 17 - early qn=1 preserves final qn across intensity/N/budget boundaries
  ---
  duration_ms: 12.7597
  type: 'test'
  ...
# Subtest: only three reviewed block-count division sites change; arbitrary entropy division stays
ok 18 - only three reviewed block-count division sites change; arbitrary entropy division stays
  ---
  duration_ms: 134.6019
  type: 'test'
  ...
# Subtest: NSAU-based unsigned shift equals integer division, including uint32 high bit
ok 19 - NSAU-based unsigned shift equals integer division, including uint32 high bit
  ---
  duration_ms: 240.8397
  type: 'test'
  ...
# Subtest: assembly equivalence check retains operands and branch graph, permits density encodings
ok 20 - assembly equivalence check retains operands and branch graph, permits density encodings
  ---
  duration_ms: 2.0808
  type: 'test'
  ...
# { total: 376832, pathsWithSavedLoad: 1956 }
# Subtest: real ASM preserves all 16 registers and exact cost across every standard cache/budget
ok 21 - real ASM preserves all 16 registers and exact cost across every standard cache/budget
  ---
  duration_ms: 5927.0121
  type: 'test'
  ...
# Subtest: only three anchored edits; no whole qn=1 branch removal or new storage
ok 22 - only three anchored edits; no whole qn=1 branch removal or new storage
  ---
  duration_ms: 2.769
  type: 'test'
  ...
# Subtest: backend verifies pinned sources and remains opt-in
ok 23 - backend verifies pinned sources and remains opt-in
  ---
  duration_ms: 143.868
  type: 'test'
  ...
# Subtest: combined ASM is precisely intensity on block shifts, with unchanged vq overlay
ok 24 - combined ASM is precisely intensity on block shifts, with unchanged vq overlay
  ---
  duration_ms: 309.352
  type: 'test'
  ...
# Subtest: 10000 exact ASM loops: raw iy, PCM, mask, live registers, guards and word loads
ok 25 - 10000 exact ASM loops: raw iy, PCM, mask, live registers, guards and word loads
  ---
  duration_ms: 12816.5332
  type: 'test'
  ...
# Subtest: scope/hash/frame guards and original rotation/fallback stay unchanged
ok 26 - scope/hash/frame guards and original rotation/fallback stay unchanged
  ---
  duration_ms: 73.9563
  type: 'test'
  ...
# Subtest: placement overlays change only unreachable prefix; parent, C and GCC stay pinned
ok 27 - placement overlays change only unreachable prefix; parent, C and GCC stay pinned
  ---
  duration_ms: 412.9106
  type: 'test'
  ...
# Subtest: only relocated quant_partition entry literals normalize; numeric data remain checked
ok 28 - only relocated quant_partition entry literals normalize; numeric data remain checked
  ---
  duration_ms: 1.5784
  type: 'test'
  ...
# Subtest: both placement modes exposed through build configuration
ok 29 - both placement modes exposed through build configuration
  ---
  duration_ms: 0.6447
  type: 'test'
  ...
# Subtest: linked graph compares direct CALL0 and relocated indirect CALLX0 without hiding cost
ok 30 - linked graph compares direct CALL0 and relocated indirect CALLX0 without hiding cost
  ---
  duration_ms: 2.965
  type: 'test'
  ...
# Subtest: linked graph retains branch destinations, register operations and numeric literals
ok 31 - linked graph retains branch destinations, register operations and numeric literals
  ---
  duration_ms: 1.4041
  type: 'test'
  ...
# Subtest: CFG follows real targets, never decodes padding after J, rejects reachable garbage
ok 32 - CFG follows real targets, never decodes padding after J, rejects reachable garbage
  ---
  duration_ms: 6.6906
  type: 'test'
  ...
# Subtest: literal profile differs only by placement and artifact identity
ok 33 - literal profile differs only by placement and artifact identity
  ---
  duration_ms: 3.0308
  type: 'test'
  ...
# Subtest: text literal option is scoped to exactly one pinned bands ASM unit
ok 34 - text literal option is scoped to exactly one pinned bands ASM unit
  ---
  duration_ms: 0.8243
  type: 'test'
  ...
# Subtest: literal offsets are recorded without claiming cache misses
ok 35 - literal offsets are recorded without claiming cache misses
  ---
  duration_ms: 0.8276
  type: 'test'
  ...
# Subtest: build flag defaults OFF and protects production/C fallback
ok 36 - build flag defaults OFF and protects production/C fallback
  ---
  duration_ms: 0.4749
  type: 'test'
  ...
# Subtest: actual ASM snippet has exact lookup/guards and preserves live registers
ok 37 - actual ASM snippet has exact lookup/guards and preserves live registers
  ---
  duration_ms: 478.899
  type: 'test'
  ...
# Subtest: C mirror matches original rate.h including custom pointer and budget fallback
ok 38 - C mirror matches original rate.h including custom pointer and budget fallback
  ---
  duration_ms: 5625.5126
  type: 'test'
  ...
# Subtest: ASM overlays are reproducible and baseline remains protected
ok 39 - ASM overlays are reproducible and baseline remains protected
  ---
  duration_ms: 83.9172
  type: 'test'
  ...
# Subtest: only three constant-one sites added to pinned tell-inline; C/GCC remain protected
ok 40 - only three constant-one sites added to pinned tell-inline; C/GCC remain protected
  ---
  duration_ms: 239.7073
  type: 'test'
  ...
# Subtest: 100000 interpreted macro executions: bit, counters, cold state and preserved registers
ok 41 - 100000 interpreted macro executions: bit, counters, cold state and preserved registers
  ---
  duration_ms: 641.2241
  type: 'test'
  ...
# Subtest: macro arithmetic is the exact GCC leaf body without return
ok 42 - macro arithmetic is the exact GCC leaf body without return
  ---
  duration_ms: 2.4917
  type: 'test'
  ...
# Subtest: only four pinned quant_partition calls are expanded and baseline stays exact
ok 43 - only four pinned quant_partition calls are expanded and baseline stays exact
  ---
  duration_ms: 136.9604
  type: 'test'
  ...
# Subtest: actual macro preserves results and live registers at every normalized threshold
ok 44 - actual macro preserves results and live registers at every normalized threshold
  ---
  duration_ms: 402.9488
  type: 'test'
  ...
# Subtest: tell + intensity is exactly either composition order, with one correction table
ok 45 - tell + intensity is exactly either composition order, with one correction table
  ---
  duration_ms: 301.7402
  type: 'test'
  ...
# Subtest: absolute report distinguishes relative slowdown from CPU percentage points
ok 46 - absolute report distinguishes relative slowdown from CPU percentage points
  ---
  duration_ms: 7.033
  type: 'test'
  ...
# Subtest: tell/update composition changes only six exact sites and retains one shared table
ok 47 - tell/update composition changes only six exact sites and retains one shared table
  ---
  duration_ms: 300.7781
  type: 'test'
  ...
# Subtest: source/table evidence stays pinned until the host proof is rerun
ok 48 - source/table evidence stays pinned until the host proof is rerun
  ---
  duration_ms: 11.3282
  type: 'test'
  ...
# Subtest: all standard-mode split budgets exclude qb < 4, independently of bitrate
ok 49 - all standard-mode split budgets exclude qb < 4, independently of bitrate
  ---
  duration_ms: 22.2949
  type: 'test'
  ...
# Subtest: proof rejects a weakened caller guard; generic low-budget theta is not dead
ok 50 - proof rejects a weakened caller guard; generic low-budget theta is not dead
  ---
  duration_ms: 1.2522
  type: 'test'
  ...
# Subtest: screened-out ASM only replaces the no-entropy calculation, not its branch
ok 51 - screened-out ASM only replaces the no-entropy calculation, not its branch
  ---
  duration_ms: 10.9421
  type: 'test'
  ...
# Subtest: two decoder call sites only; protected baseline and shared function unchanged
ok 52 - two decoder call sites only; protected baseline and shared function unchanged
  ---
  duration_ms: 113.5121
  type: 'test'
  ...
# Subtest: 100000 real macro executions preserve uint32 math, registers and cold-path state
ok 53 - 100000 real macro executions preserve uint32 math, registers and cold-path state
  ---
  duration_ms: 549.0153
  type: 'test'
  ...
1..53
# tests 53
# suites 0
# pass 53
# fail 0
# cancelled 0
# skipped 0
# todo 0
# duration_ms 27819.9127
