PROGRESS 2/0/0 error 0
PROGRESS 3/4/10 error 0
{
  "final": {
    "run": 7,
    "state": 3,
    "case": 4,
    "round": 10,
    "rounds": 10,
    "dram_before": 26108,
    "dram_after": 26828,
    "state_bytes": 6582,
    "empty_task_us": 55,
    "error": 0,
    "physical_output": false,
    "results": [
      {
        "id": 0,
        "packets": 120,
        "samples": 115200,
        "wall_us": 555093,
        "task_us": 554148,
        "max_wall_us": 6792,
        "pcm_hash": 898651720,
        "scratch_bytes": 1808,
        "scratch_words": 14112,
        "min_dram": 9212,
        "stack_free_lifetime": 1660,
        "error": 0
      },
      {
        "id": 1,
        "packets": 120,
        "samples": 115200,
        "wall_us": 1322275,
        "task_us": 1298556,
        "max_wall_us": 14154,
        "pcm_hash": 3216561658,
        "scratch_bytes": 2904,
        "scratch_words": 15600,
        "min_dram": 9976,
        "stack_free_lifetime": 1660,
        "error": 0
      },
      {
        "id": 2,
        "packets": 120,
        "samples": 115200,
        "wall_us": 1532281,
        "task_us": 1507349,
        "max_wall_us": 15884,
        "pcm_hash": 2337883435,
        "scratch_bytes": 5488,
        "scratch_words": 15600,
        "min_dram": 9976,
        "stack_free_lifetime": 1660,
        "error": 0
      },
      {
        "id": 3,
        "packets": 120,
        "samples": 115200,
        "wall_us": 1773163,
        "task_us": 1742431,
        "max_wall_us": 17655,
        "pcm_hash": 1528306318,
        "scratch_bytes": 5488,
        "scratch_words": 15600,
        "min_dram": 10260,
        "stack_free_lifetime": 1660,
        "error": 0
      },
      {
        "id": 4,
        "packets": 120,
        "samples": 115200,
        "wall_us": 1971700,
        "task_us": 1943811,
        "max_wall_us": 19089,
        "pcm_hash": 1717014079,
        "scratch_bytes": 5488,
        "scratch_words": 15600,
        "min_dram": 10328,
        "stack_free_lifetime": 1660,
        "error": 0
      }
    ]
  },
  "comparison": [
    {
      "name": "mono-12",
      "id": 0,
      "packets": 120,
      "samples": 115200,
      "wall_us": 555093,
      "task_us": 554148,
      "max_wall_us": 6792,
      "pcm_hash": 898651720,
      "scratch_bytes": 1808,
      "scratch_words": 14112,
      "min_dram": 9212,
      "stack_free_lifetime": 1660,
      "error": 0,
      "audio_duration_us": 2400000,
      "task_budget_percent": 23.089499999999997,
      "wall_budget_percent": 23.128875,
      "task_budget_minus_empty_estimate_percent": 22.8145
    },
    {
      "name": "mono-24",
      "id": 1,
      "packets": 120,
      "samples": 115200,
      "wall_us": 1322275,
      "task_us": 1298556,
      "max_wall_us": 14154,
      "pcm_hash": 3216561658,
      "scratch_bytes": 2904,
      "scratch_words": 15600,
      "min_dram": 9976,
      "stack_free_lifetime": 1660,
      "error": 0,
      "audio_duration_us": 2400000,
      "task_budget_percent": 54.1065,
      "wall_budget_percent": 55.094791666666666,
      "task_budget_minus_empty_estimate_percent": 53.8315
    },
    {
      "name": "stereo-64",
      "id": 2,
      "packets": 120,
      "samples": 115200,
      "wall_us": 1532281,
      "task_us": 1507349,
      "max_wall_us": 15884,
      "pcm_hash": 2337883435,
      "scratch_bytes": 5488,
      "scratch_words": 15600,
      "min_dram": 9976,
      "stack_free_lifetime": 1660,
      "error": 0,
      "audio_duration_us": 2400000,
      "task_budget_percent": 62.80620833333334,
      "wall_budget_percent": 63.84504166666667,
      "task_budget_minus_empty_estimate_percent": 62.53120833333333
    },
    {
      "name": "stereo-128",
      "id": 3,
      "packets": 120,
      "samples": 115200,
      "wall_us": 1773163,
      "task_us": 1742431,
      "max_wall_us": 17655,
      "pcm_hash": 1528306318,
      "scratch_bytes": 5488,
      "scratch_words": 15600,
      "min_dram": 10260,
      "stack_free_lifetime": 1660,
      "error": 0,
      "audio_duration_us": 2400000,
      "task_budget_percent": 72.60129166666667,
      "wall_budget_percent": 73.88179166666667,
      "task_budget_minus_empty_estimate_percent": 72.32629166666666
    },
    {
      "name": "stereo-192",
      "id": 4,
      "packets": 120,
      "samples": 115200,
      "wall_us": 1971700,
      "task_us": 1943811,
      "max_wall_us": 19089,
      "pcm_hash": 1717014079,
      "scratch_bytes": 5488,
      "scratch_words": 15600,
      "min_dram": 10328,
      "stack_free_lifetime": 1660,
      "error": 0,
      "audio_duration_us": 2400000,
      "task_budget_percent": 80.99212499999999,
      "wall_budget_percent": 82.15416666666667,
      "task_budget_minus_empty_estimate_percent": 80.717125
    }
  ]
}
