[0;32mI (147) net_bench: begin cases=3[0m
[0;32mI (6002) net_bench: case=0 path=/mp3-320?rate=0 output=0 begin rssi=-73[0m
[0;32mI (26110) net_bench: case=0 output=0 wall_us=20000378 bytes=1151244 open_us=91519 error=0 rssi=-82 heap_min=11928[0m
[0;32mI (26112) net_bench: case=0 calls=16586 empty=14547 rx_gap_us=921355 app_gap_us=5490 empty_wait_us=920047 recv_max_us=5467 commit_max_us=0 ready_max=0 ready_probes=0[0m
[0;32mI (26128) net_bench: case=0 pcm_frames=0 rate=0 eof=1881 underrun=1880 stack=1264[0m
[0;32mI (26136) net_bench: case=0 second=0 bytes=48112[0m
[0;32mI (26141) net_bench: case=0 second=1 bytes=88200[0m
[0;32mI (26146) net_bench: case=0 second=2 bytes=104824[0m
[0;32mI (26152) net_bench: case=0 second=3 bytes=25728[0m
[0;32mI (26157) net_bench: case=0 second=4 bytes=31920[0m
[0;32mI (26162) net_bench: case=0 second=5 bytes=63304[0m
[0;32mI (26167) net_bench: case=0 second=6 bytes=57648[0m
[0;32mI (26173) net_bench: case=0 second=7 bytes=42400[0m
[0;32mI (26178) net_bench: case=0 second=8 bytes=45568[0m
[0;32mI (26183) net_bench: case=0 second=9 bytes=57408[0m
[0;32mI (26188) net_bench: case=0 second=10 bytes=120656[0m
[0;32mI (26194) net_bench: case=0 second=11 bytes=73488[0m
[0;32mI (26199) net_bench: case=0 second=12 bytes=30016[0m
[0;32mI (26207) net_bench: case=0 second=13 bytes=68468[0m
[0;32mI (26210) net_bench: case=0 second=14 bytes=67544[0m
[0;32mI (26215) net_bench: case=0 second=15 bytes=49312[0m
[0;32mI (26221) net_bench: case=0 second=16 bytes=43864[0m
[0;32mI (26226) net_bench: case=0 second=17 bytes=79720[0m
[0;32mI (26232) net_bench: case=0 second=18 bytes=41272[0m
[0;32mI (26237) net_bench: case=0 second=19 bytes=11792[0m
[0;32mI (27243) net_bench: case=1 path=/mp3-320?rate=0 output=0 begin rssi=-82[0m
[0;32mI (47330) net_bench: case=1 output=0 wall_us=20001277 bytes=1309360 open_us=77126 error=0 rssi=-82 heap_min=11700[0m
[0;32mI (47333) net_bench: case=1 calls=16046 empty=13713 rx_gap_us=523960 app_gap_us=5179 empty_wait_us=523298 recv_max_us=4567 commit_max_us=0 ready_max=0 ready_probes=0[0m
[0;32mI (47348) net_bench: case=1 pcm_frames=0 rate=0 eof=1881 underrun=1880 stack=1264[0m
[0;32mI (47356) net_bench: case=1 second=0 bytes=42216[0m
[0;32mI (47362) net_bench: case=1 second=1 bytes=81288[0m
[0;32mI (47367) net_bench: case=1 second=2 bytes=85280[0m
[0;32mI (47372) net_bench: case=1 second=3 bytes=54192[0m
[0;32mI (47378) net_bench: case=1 second=4 bytes=58480[0m
[0;32mI (47383) net_bench: case=1 second=5 bytes=123640[0m
[0;32mI (47388) net_bench: case=1 second=6 bytes=94336[0m
[0;32mI (47393) net_bench: case=1 second=7 bytes=131968[0m
[0;32mI (47399) net_bench: case=1 second=8 bytes=46928[0m
[0;32mI (47404) net_bench: case=1 second=9 bytes=33232[0m
[0;32mI (47409) net_bench: case=1 second=10 bytes=70216[0m
[0;32mI (47415) net_bench: case=1 second=11 bytes=114760[0m
[0;32mI (47420) net_bench: case=1 second=12 bytes=61888[0m
[0;32mI (47427) net_bench: case=1 second=13 bytes=60032[0m
[0;32mI (47432) net_bench: case=1 second=14 bytes=59496[0m
[0;32mI (47437) net_bench: case=1 second=15 bytes=38056[0m
[0;32mI (47443) net_bench: case=1 second=16 bytes=64080[0m
[0;32mI (47448) net_bench: case=1 second=17 bytes=22512[0m
[0;32mI (47453) net_bench: case=1 second=18 bytes=45320[0m
[0;32mI (47459) net_bench: case=1 second=19 bytes=21440[0m
[0;32mI (48465) net_bench: case=2 path=/mp3-320?rate=0 output=0 begin rssi=-73[0m
[0;32mI (49551) net_bench: case=2 output=0 wall_us=1000207 bytes=408 open_us=78106 error=-116 rssi=-72 heap_min=12620[0m
[0;32mI (49554) net_bench: case=2 calls=991 empty=990 rx_gap_us=1000216 app_gap_us=2721 empty_wait_us=999931 recv_max_us=2048 commit_max_us=0 ready_max=0 ready_probes=0[0m
[0;32mI (49569) net_bench: case=2 pcm_frames=0 rate=0 eof=94 underrun=93 stack=1264[0m
[0;32mI (49577) net_bench: case=2 second=0 bytes=408[0m
[0;32mI (49582) net_bench: case=2 second=1 bytes=0[0m
[0;32mI (49587) net_bench: case=2 second=2 bytes=0[0m
[0;32mI (49592) net_bench: case=2 second=3 bytes=0[0m
[0;32mI (49597) net_bench: case=2 second=4 bytes=0[0m
[0;32mI (49602) net_bench: case=2 second=5 bytes=0[0m
[0;32mI (49607) net_bench: case=2 second=6 bytes=0[0m
[0;32mI (49612) net_bench: case=2 second=7 bytes=0[0m
[0;32mI (49616) net_bench: case=2 second=8 bytes=0[0m
[0;32mI (49621) net_bench: case=2 second=9 bytes=0[0m
[0;32mI (49626) net_bench: case=2 second=10 bytes=0[0m
[0;32mI (49631) net_bench: case=2 second=11 bytes=0[0m
[0;32mI (49636) net_bench: case=2 second=12 bytes=0[0m
[0;32mI (49641) net_bench: case=2 second=13 bytes=0[0m
[0;32mI (49646) net_bench: case=2 second=14 bytes=0[0m
[0;32mI (49651) net_bench: case=2 second=15 bytes=0[0m
[0;32mI (49656) net_bench: case=2 second=16 bytes=0[0m
[0;32mI (49661) net_bench: case=2 second=17 bytes=0[0m
[0;32mI (49666) net_bench: case=2 second=18 bytes=0[0m
[0;32mI (49671) net_bench: case=2 second=19 bytes=0[0m
[0;32mI (50677) net_bench: complete[0m
