[0;32mI (6024) net_bench: case=0 path=/mp3-320?rate=0 output=0 begin rssi=-74[0m
[0;32mI (26127) net_bench: case=0 output=0 wall_us=20000386 bytes=1424732 open_us=86398 error=0 rssi=-73 heap_min=11692[0m
[0;32mI (26129) net_bench: case=0 calls=15493 empty=12951 rx_gap_us=328331 app_gap_us=6241 empty_wait_us=327556 recv_max_us=6197 commit_max_us=0 ready_max=0[0m
[0;32mI (26143) net_bench: case=0 pcm_frames=0 rate=0 eof=1880 underrun=1879 stack=1272[0m
[0;32mI (26151) net_bench: case=0 second=0 bytes=89976[0m
[0;32mI (26157) net_bench: case=0 second=1 bytes=131080[0m
[0;32mI (26162) net_bench: case=0 second=2 bytes=131968[0m
[0;32mI (26168) net_bench: case=0 second=3 bytes=76944[0m
[0;32mI (26173) net_bench: case=0 second=4 bytes=7504[0m
[0;32mI (26178) net_bench: case=0 second=5 bytes=48536[0m
[0;32mI (26183) net_bench: case=0 second=6 bytes=79484[0m
[0;32mI (26189) net_bench: case=0 second=7 bytes=94688[0m
[0;32mI (26194) net_bench: case=0 second=8 bytes=57064[0m
[0;32mI (26199) net_bench: case=0 second=9 bytes=72416[0m
[0;32mI (26205) net_bench: case=0 second=10 bytes=9648[0m
[0;32mI (26210) net_bench: case=0 second=11 bytes=57408[0m
[0;32mI (26215) net_bench: case=0 second=12 bytes=89568[0m
[0;32mI (26221) net_bench: case=0 second=13 bytes=49368[0m
[0;32mI (26226) net_bench: case=0 second=14 bytes=85816[0m
[0;32mI (26231) net_bench: case=0 second=15 bytes=74504[0m
[0;32mI (26237) net_bench: case=0 second=16 bytes=58480[0m
[0;32mI (26242) net_bench: case=0 second=17 bytes=48000[0m
[0;32mI (26247) net_bench: case=0 second=18 bytes=86888[0m
[0;32mI (26253) net_bench: case=0 second=19 bytes=75392[0m
[0;32mI (27259) net_bench: case=1 path=/mp3-128?rate=128 output=0 begin rssi=-82[0m
[0;32mI (47346) net_bench: case=1 output=0 wall_us=20000391 bytes=320714 open_us=79241 error=0 rssi=-72 heap_min=12320[0m
[0;32mI (47350) net_bench: case=1 calls=18700 empty=18109 rx_gap_us=434204 app_gap_us=3770 empty_wait_us=433346 recv_max_us=3473 commit_max_us=0 ready_max=0[0m
[0;32mI (47364) net_bench: case=1 pcm_frames=0 rate=0 eof=1881 underrun=1880 stack=1272[0m
[0;32mI (47372) net_bench: case=1 second=0 bytes=16384[0m
[0;32mI (47377) net_bench: case=1 second=1 bytes=15206[0m
[0;32mI (47383) net_bench: case=1 second=2 bytes=15694[0m
[0;32mI (47388) net_bench: case=1 second=3 bytes=17206[0m
[0;32mI (47393) net_bench: case=1 second=4 bytes=15694[0m
[0;32mI (47398) net_bench: case=1 second=5 bytes=16718[0m
[0;32mI (47404) net_bench: case=1 second=6 bytes=15694[0m
[0;32mI (47409) net_bench: case=1 second=7 bytes=14182[0m
[0;32mI (47414) net_bench: case=1 second=8 bytes=18230[0m
[0;32mI (47420) net_bench: case=1 second=9 bytes=15694[0m
[0;32mI (47425) net_bench: case=1 second=10 bytes=15694[0m
[0;32mI (47430) net_bench: case=1 second=11 bytes=15206[0m
[0;32mI (47436) net_bench: case=1 second=12 bytes=14134[0m
[0;32mI (47441) net_bench: case=1 second=13 bytes=18766[0m
[0;32mI (47446) net_bench: case=1 second=14 bytes=14670[0m
[0;32mI (47452) net_bench: case=1 second=15 bytes=17742[0m
[0;32mI (47457) net_bench: case=1 second=16 bytes=15694[0m
[0;32mI (47462) net_bench: case=1 second=17 bytes=15694[0m
[0;32mI (47468) net_bench: case=1 second=18 bytes=16718[0m
[0;32mI (47473) net_bench: case=1 second=19 bytes=15694[0m
[0;32mI (48479) net_bench: case=2 path=/mp3-320?rate=320 output=0 begin rssi=-83[0m
[0;32mI (68555) net_bench: case=2 output=0 wall_us=20000572 bytes=801292 open_us=66576 error=0 rssi=-81 heap_min=11756[0m
[0;32mI (68560) net_bench: case=2 calls=17123 empty=15684 rx_gap_us=947421 app_gap_us=4025 empty_wait_us=946264 recv_max_us=3995 commit_max_us=0 ready_max=0[0m
[0;32mI (68574) net_bench: case=2 pcm_frames=0 rate=0 eof=1881 underrun=1880 stack=1272[0m
[0;32mI (68582) net_bench: case=2 second=0 bytes=39936[0m
[0;32mI (68587) net_bench: case=2 second=1 bytes=40772[0m
[0;32mI (68592) net_bench: case=2 second=2 bytes=22436[0m
[0;32mI (68598) net_bench: case=2 second=3 bytes=55548[0m
[0;32mI (68603) net_bench: case=2 second=4 bytes=42284[0m
[0;32mI (68608) net_bench: case=2 second=5 bytes=39260[0m
[0;32mI (68613) net_bench: case=2 second=6 bytes=37164[0m
[0;32mI (68619) net_bench: case=2 second=7 bytes=3560[0m
[0;32mI (68624) net_bench: case=2 second=8 bytes=6192[0m
[0;32mI (68629) net_bench: case=2 second=9 bytes=73872[0m
[0;32mI (68634) net_bench: case=2 second=10 bytes=35744[0m
[0;32mI (68640) net_bench: case=2 second=11 bytes=2680[0m
[0;32mI (68645) net_bench: case=2 second=12 bytes=21256[0m
[0;32mI (68651) net_bench: case=2 second=13 bytes=78056[0m
[0;32mI (68656) net_bench: case=2 second=14 bytes=49328[0m
[0;32mI (68661) net_bench: case=2 second=15 bytes=51964[0m
[0;32mI (68667) net_bench: case=2 second=16 bytes=64320[0m
[0;32mI (68672) net_bench: case=2 second=17 bytes=56400[0m
[0;32mI (68677) net_bench: case=2 second=18 bytes=39748[0m
[0;32mI (68683) net_bench: case=2 second=19 bytes=40772[0m
[0;32mI (69689) net_bench: case=3 path=/aac-64?rate=64 output=0 begin rssi=-73[0m
[0;32mI (89765) net_bench: case=3 output=0 wall_us=20000037 bytes=160751 open_us=68356 error=0 rssi=-73 heap_min=14052[0m
[0;32mI (89768) net_bench: case=3 calls=19256 empty=18953 rx_gap_us=573032 app_gap_us=3804 empty_wait_us=571836 recv_max_us=3322 commit_max_us=0 ready_max=0[0m
[0;32mI (89782) net_bench: case=3 pcm_frames=0 rate=0 eof=1880 underrun=1879 stack=1272[0m
[0;32mI (89790) net_bench: case=3 second=0 bytes=8192[0m
[0;32mI (89795) net_bench: case=3 second=1 bytes=8245[0m
[0;32mI (89800) net_bench: case=3 second=2 bytes=8245[0m
[0;32mI (89805) net_bench: case=3 second=3 bytes=8245[0m
[0;32mI (89811) net_bench: case=3 second=4 bytes=7221[0m
[0;32mI (89816) net_bench: case=3 second=5 bytes=8245[0m
[0;32mI (89821) net_bench: case=3 second=6 bytes=8245[0m
[0;32mI (89826) net_bench: case=3 second=7 bytes=6733[0m
[0;32mI (89831) net_bench: case=3 second=8 bytes=8733[0m
[0;32mI (89837) net_bench: case=3 second=9 bytes=7221[0m
[0;32mI (89842) net_bench: case=3 second=10 bytes=9269[0m
[0;32mI (89847) net_bench: case=3 second=11 bytes=8245[0m
[0;32mI (89853) net_bench: case=3 second=12 bytes=8245[0m
[0;32mI (89859) net_bench: case=3 second=13 bytes=7221[0m
[0;32mI (89864) net_bench: case=3 second=14 bytes=6733[0m
[0;32mI (89869) net_bench: case=3 second=15 bytes=9757[0m
[0;32mI (89874) net_bench: case=3 second=16 bytes=8245[0m
[0;32mI (89880) net_bench: case=3 second=17 bytes=7221[0m
[0;32mI (89885) net_bench: case=3 second=18 bytes=8245[0m
[0;32mI (89890) net_bench: case=3 second=19 bytes=8245[0m
[0;32mI (90897) net_bench: case=4 path=/mp3-128?rate=128 output=1 begin rssi=-84[0m
[0;32mI (110993) net_bench: case=4 output=1 wall_us=20000690 bytes=135053 open_us=87302 error=0 rssi=-74 heap_min=11048[0m
[0;32mI (110996) net_bench: case=4 calls=11649 empty=11409 rx_gap_us=831747 app_gap_us=82050 empty_wait_us=806773 recv_max_us=3006 commit_max_us=80937 ready_max=0[0m
[0;32mI (111011) net_bench: case=4 pcm_frames=372096 rate=44100 eof=9981 underrun=8652 stack=1272[0m
[0;32mI (111020) net_bench: case=4 second=0 bytes=5168[0m
[0;32mI (111025) net_bench: case=4 second=1 bytes=5608[0m
[0;32mI (111030) net_bench: case=4 second=2 bytes=8084[0m
[0;32mI (111035) net_bench: case=4 second=3 bytes=8777[0m
[0;32mI (111041) net_bench: case=4 second=4 bytes=13792[0m
[0;32mI (111047) net_bench: case=4 second=5 bytes=12768[0m
[0;32mI (111052) net_bench: case=4 second=6 bytes=12309[0m
[0;32mI (111057) net_bench: case=4 second=7 bytes=6709[0m
[0;32mI (111062) net_bench: case=4 second=8 bytes=9696[0m
[0;32mI (111067) net_bench: case=4 second=9 bytes=4288[0m
[0;32mI (111073) net_bench: case=4 second=10 bytes=3216[0m
[0;32mI (111078) net_bench: case=4 second=11 bytes=3512[0m
[0;32mI (111083) net_bench: case=4 second=12 bytes=2680[0m
[0;32mI (111089) net_bench: case=4 second=13 bytes=3512[0m
[0;32mI (111094) net_bench: case=4 second=14 bytes=4824[0m
[0;32mI (111100) net_bench: case=4 second=15 bytes=8185[0m
[0;32mI (111105) net_bench: case=4 second=16 bytes=2737[0m
[0;32mI (111110) net_bench: case=4 second=17 bytes=5810[0m
[0;32mI (111116) net_bench: case=4 second=18 bytes=6270[0m
[0;32mI (111121) net_bench: case=4 second=19 bytes=7108[0m
[0;32mI (112127) net_bench: case=5 path=/mp3-320?rate=320 output=1 begin rssi=-82[0m
[0;32mI (132257) net_bench: case=5 output=1 wall_us=20000536 bytes=316603 open_us=121346 error=0 rssi=-71 heap_min=11124[0m
[0;32mI (132262) net_bench: case=5 calls=9946 empty=9335 rx_gap_us=333385 app_gap_us=40649 empty_wait_us=299379 recv_max_us=3061 commit_max_us=40205 ready_max=0[0m
[0;32mI (132276) net_bench: case=5 pcm_frames=347904 rate=44100 eof=11597 underrun=9069 stack=1272[0m
[0;32mI (132285) net_bench: case=5 second=0 bytes=16164[0m
[0;32mI (132290) net_bench: case=5 second=1 bytes=30281[0m
[0;32mI (132296) net_bench: case=5 second=2 bytes=20898[0m
[0;32mI (132301) net_bench: case=5 second=3 bytes=28054[0m
[0;32mI (132306) net_bench: case=5 second=4 bytes=10985[0m
[0;32mI (132312) net_bench: case=5 second=5 bytes=17386[0m
[0;32mI (132317) net_bench: case=5 second=6 bytes=20739[0m
[0;32mI (132322) net_bench: case=5 second=7 bytes=30461[0m
[0;32mI (132328) net_bench: case=5 second=8 bytes=13527[0m
[0;32mI (132333) net_bench: case=5 second=9 bytes=19703[0m
[0;32mI (132338) net_bench: case=5 second=10 bytes=10656[0m
[0;32mI (132344) net_bench: case=5 second=11 bytes=13584[0m
[0;32mI (132349) net_bench: case=5 second=12 bytes=5224[0m
[0;32mI (132355) net_bench: case=5 second=13 bytes=14768[0m
[0;32mI (132360) net_bench: case=5 second=14 bytes=11196[0m
[0;32mI (132366) net_bench: case=5 second=15 bytes=8518[0m
[0;32mI (132371) net_bench: case=5 second=16 bytes=18731[0m
[0;32mI (132376) net_bench: case=5 second=17 bytes=15008[0m
[0;32mI (132382) net_bench: case=5 second=18 bytes=6432[0m
[0;32mI (132387) net_bench: case=5 second=19 bytes=4288[0m
[0;32mI (133394) net_bench: case=6 path=/aac-64?rate=64 output=1 begin rssi=-82[0m
[0;32mI (154518) net_bench: case=6 output=1 wall_us=20036174 bytes=130702 open_us=1079026 error=0 rssi=-71 heap_min=13028[0m
[0;32mI (154520) net_bench: case=6 calls=645 empty=459 rx_gap_us=234323 app_gap_us=186687 empty_wait_us=152650 recv_max_us=2780 commit_max_us=186107 ready_max=0[0m
[0;32mI (154535) net_bench: case=6 pcm_frames=729088 rate=44100 eof=4786 underrun=2665 stack=1272[0m
[0;32mI (154543) net_bench: case=6 second=0 bytes=6877[0m
[0;32mI (154550) net_bench: case=6 second=1 bytes=6036[0m
[0;32mI (154555) net_bench: case=6 second=2 bytes=6899[0m
[0;32mI (154560) net_bench: case=6 second=3 bytes=5992[0m
[0;32mI (154566) net_bench: case=6 second=4 bytes=6829[0m
[0;32mI (154571) net_bench: case=6 second=5 bytes=6391[0m
[0;32mI (154576) net_bench: case=6 second=6 bytes=6802[0m
[0;32mI (154581) net_bench: case=6 second=7 bytes=5779[0m
[0;32mI (154587) net_bench: case=6 second=8 bytes=5538[0m
[0;32mI (154592) net_bench: case=6 second=9 bytes=7277[0m
[0;32mI (154597) net_bench: case=6 second=10 bytes=6208[0m
[0;32mI (154603) net_bench: case=6 second=11 bytes=6710[0m
[0;32mI (154608) net_bench: case=6 second=12 bytes=7247[0m
[0;32mI (154614) net_bench: case=6 second=13 bytes=5921[0m
[0;32mI (154619) net_bench: case=6 second=14 bytes=6894[0m
[0;32mI (154624) net_bench: case=6 second=15 bytes=7232[0m
[0;32mI (154629) net_bench: case=6 second=16 bytes=5686[0m
[0;32mI (154635) net_bench: case=6 second=17 bytes=7247[0m
[0;32mI (154640) net_bench: case=6 second=18 bytes=6945[0m
[0;32mI (154646) net_bench: case=6 second=19 bytes=6192[0m
[0;32mI (155652) net_bench: complete[0m
