ninja: Entering directory `.build/rcpdm-speed'
[1/28] Building ASM object esp-idf/main/CMakeFiles/__idf_main.dir/__/__/script.js.gz.S.obj
[2/28] Performing build step for 'bootloader'
ninja: no work to do.
[3/26] Building C object esp-idf/main/CMakeFiles/__idf_main.dir/app_main.c.obj
[4/26] Building C object esp-idf/main/CMakeFiles/__idf_main.dir/http_stream_protocol.c.obj
[5/26] Building C object esp-idf/main/CMakeFiles/__idf_main.dir/audio_output_benchmark.c.obj
[6/26] Building C object esp-idf/main/CMakeFiles/__idf_main.dir/input_service.c.obj
[7/26] Building C object esp-idf/main/CMakeFiles/__idf_main.dir/native_state.c.obj
[8/26] Building C object esp-idf/main/CMakeFiles/__idf_main.dir/persistent_settings.c.obj
[9/26] Building C object esp-idf/main/CMakeFiles/__idf_main.dir/playlist_service.c.obj
[10/26] Building C object esp-idf/main/CMakeFiles/__idf_main.dir/web_upload.c.obj
[11/26] Building C object esp-idf/main/CMakeFiles/__idf_main.dir/esp8266_nodac_i2s.c.obj
[12/26] Building CXX object esp-idf/main/CMakeFiles/__idf_main.dir/web_pages_bridge.cpp.obj
[13/26] Building C object esp-idf/main/CMakeFiles/__idf_main.dir/native_audio_output.c.obj
[14/26] Building C object esp-idf/main/CMakeFiles/__idf_main.dir/storage_service.c.obj
[15/26] Building C object esp-idf/main/CMakeFiles/__idf_main.dir/status_led.c.obj
[16/26] Building CXX object esp-idf/main/CMakeFiles/__idf_main.dir/C_/Work/yoRadio/yoRadio/src/audioI2S/AudioNormalizer.cpp.obj
[17/26] Building C object esp-idf/main/CMakeFiles/__idf_main.dir/network_service.c.obj
[18/26] Building C object esp-idf/main/CMakeFiles/__idf_main.dir/audio_service.c.obj
[19/26] Building CXX object esp-idf/main/CMakeFiles/__idf_main.dir/native_audio_normalizer.cpp.obj
[20/26] Building C object esp-idf/main/CMakeFiles/__idf_main.dir/radio_control.c.obj
[21/26] Building C object esp-idf/main/CMakeFiles/__idf_main.dir/web_service.c.obj
[22/26] Building C object esp-idf/main/CMakeFiles/__idf_main.dir/time_service.c.obj
[23/26] Linking CXX static library esp-idf\main\libmain.a
[24/26] Generating ld/esp8266.project.ld
[25/26] Linking CXX executable yoradio_esp8266_helix_native.elf
[26/26] Generating binary image from built executable
esptool.py v2.4.0
Generated C:/Work/yoRadio/.build/rcpdm-speed/yoradio_esp8266_helix_native.bin
