[0;32mI (110131) radio: Station 498: ROCK FM[0m

[0;33mW (120517) audio: Profile header RX failed: received=-1 total=0 errno=11[0m

[0;33mW (120522) audio: Stream open attempt 1 failed: -4[0m

[0;32mI (126955) audio: Profile header RX started: 1023 bytes[0m

[0;32mI (126959) audio: Stream response 200, ICY interval 16000[0m

[0;32mI (126961) audio: Profile detection: codec=1 bytes=320 free_heap=20456[0m

[0;32mI (126966) audio: Profile decoder switch begin[0m

[0;32mI (126972) helix_bridge: Helix MP3 workspace: DRAM 27856, IRAM 0, arena used 23244[0m

[0;32mI (126979) audio: Profile decoder switch end: ready=1 free_heap=8880[0m

[0;32mI (126986) audio: Profile stack decoder ready: high_water=1520 bytes[0m

[0;32mI (126993) audio: Profile initial feed begin[0m

[0;32mI (126998) audio: Profile initial feed end: result=0[0m

[0;32mI (155985) radio: Station 2: Radio Caprice — Opera[0m

[0;32mI (156311) audio: Profile header RX started: 536 bytes[0m

[0;32mI (156314) audio: Stream response 200, ICY interval 8192[0m

[0;32mI (156335) audio: Profile detection: codec=2 bytes=536 free_heap=10176[0m

[0;32mI (156340) audio: Profile decoder switch begin[0m

[0;32mI (156342) audio: Profile decoder switch end: ready=1 free_heap=11204[0m

[0;32mI (156348) audio: Profile stack decoder ready: high_water=1176 bytes[0m

[0;32mI (156355) audio: Profile initial feed begin[0m

[0;32mI (156360) audio: Profile initial feed end: result=0[0m

[0;32mI (186349) audio_profile: === AAC window=30006 ms audio=16137 ms (53.7% realtime) frames=695 net=172 kbps ===[0m

[0;32mI (186353) audio_profile: tcp_wait=1109.586 ms (3.6%), calls=3502 max=2981 us[0m

[0;32mI (186360) audio_profile: frame_scan=155.339 ms (0.5%), calls=1413 max=2132 us[0m

[0;32mI (186368) audio_profile: decode_core=12264.545 ms (40.8%), calls=695 max=24109 us[0m

[0;32mI (186376) audio_profile: pcm_output=13414.422 ms (44.7%), calls=695 max=32531 us[0m

[0;32mI (186384) audio_profile: normalize=7.360 ms (0.0%), calls=695 max=355 us[0m

[0;32mI (186392) audio_profile: output_dma_wait=11643.297 ms (38.8%), calls=1506 max=12642 us[0m

[0;32mI (186400) audio_profile: pcm_gap=16549.798 ms (55.1%), calls=694 max=346345 us[0m

[0;32mI (186408) audio_profile: dma eof=2822 underrun=1309 empty_start=1309 blocked_partial=1307 missing_words=321440 fifo_empty=0[0m

[0;32mI (186420) audio_profile: gain+mix+pdm=1763.765 ms (5.8%)[0m

[0;32mI (186426) audio_profile: heap total=98568 used=85888 free=12680 min_free=7568[0m

[0;33mW (187649) audio: Radio stream ended cleanly; reconnecting (heap 13760)[0m

[0;32mI (188196) audio: Profile header RX started: 536 bytes[0m

[0;32mI (188200) audio: Stream response 200, ICY interval 8192[0m

[0;32mI (188223) audio: Profile detection: codec=2 bytes=536 free_heap=13728[0m

[0;32mI (188227) audio: Profile decoder switch begin[0m

[0;32mI (188230) audio: Profile decoder switch end: ready=1 free_heap=13728[0m

[0;32mI (188235) audio: Profile stack decoder ready: high_water=1176 bytes[0m

[0;32mI (188243) audio: Profile initial feed begin[0m

[0;32mI (188248) audio: Profile initial feed end: result=0[0m

[0;32mI (201840) radio: Station 498: ROCK FM[0m

[0;32mI (202355) audio: Profile header RX started: 536 bytes[0m

[0;32mI (202376) audio: Stream response 200, ICY interval 16000[0m

[0;32mI (202378) audio: Profile detection: codec=1 bytes=320 free_heap=12428[0m

[0;32mI (202381) audio: Profile decoder switch begin[0m

[0;32mI (202386) audio: Profile decoder switch end: ready=1 free_heap=10776[0m

[0;32mI (202393) audio: Profile stack decoder ready: high_water=1176 bytes[0m

[0;32mI (202400) audio: Profile initial feed begin[0m

[0;32mI (202405) audio: Profile initial feed end: result=0[0m

[0;32mI (202795) audio: Profile codec release stop: DRAM=27856 IRAM=0 heap=11696[0m

