PROGRESS 2/0/0 error 0
PROGRESS 3/4/10 error 0
{
  "final": {
    "run": 1,
    "state": 3,
    "case": 4,
    "round": 10,
    "rounds": 10,
    "dram_before": 25588,
    "dram_after": 26460,
    "state_bytes": 6582,
    "empty_task_us": 52,
    "error": 0,
    "physical_output": false,
    "results": [
      {
        "id": 0,
        "packets": 120,
        "samples": 115200,
        "wall_us": 559086,
        "task_us": 557227,
        "max_wall_us": 6287,
        "pcm_hash": 898651720,
        "scratch_bytes": 1808,
        "scratch_words": 14112,
        "min_dram": 8684,
        "stack_free_lifetime": 1740,
        "error": 0
      },
      {
        "id": 1,
        "packets": 120,
        "samples": 115200,
        "wall_us": 1336115,
        "task_us": 1320699,
        "max_wall_us": 13917,
        "pcm_hash": 3216561658,
        "scratch_bytes": 2904,
        "scratch_words": 15600,
        "min_dram": 10108,
        "stack_free_lifetime": 1724,
        "error": 0
      },
      {
        "id": 2,
        "packets": 120,
        "samples": 115200,
        "wall_us": 1580679,
        "task_us": 1559950,
        "max_wall_us": 16042,
        "pcm_hash": 2337883435,
        "scratch_bytes": 5488,
        "scratch_words": 15600,
        "min_dram": 9960,
        "stack_free_lifetime": 1724,
        "error": 0
      },
      {
        "id": 3,
        "packets": 120,
        "samples": 115200,
        "wall_us": 1958085,
        "task_us": 1927860,
        "max_wall_us": 19967,
        "pcm_hash": 1528306318,
        "scratch_bytes": 5488,
        "scratch_words": 15600,
        "min_dram": 9960,
        "stack_free_lifetime": 1660,
        "error": 0
      },
      {
        "id": 4,
        "packets": 120,
        "samples": 115200,
        "wall_us": 2302357,
        "task_us": 2264236,
        "max_wall_us": 22071,
        "pcm_hash": 1717014079,
        "scratch_bytes": 5488,
        "scratch_words": 15600,
        "min_dram": 9960,
        "stack_free_lifetime": 1660,
        "error": 0
      }
    ]
  },
  "comparison": [
    {
      "name": "mono-12",
      "id": 0,
      "packets": 120,
      "samples": 115200,
      "wall_us": 559086,
      "task_us": 557227,
      "max_wall_us": 6287,
      "pcm_hash": 898651720,
      "scratch_bytes": 1808,
      "scratch_words": 14112,
      "min_dram": 8684,
      "stack_free_lifetime": 1740,
      "error": 0,
      "audio_duration_us": 2400000,
      "task_budget_percent": 23.217791666666667,
      "wall_budget_percent": 23.29525,
      "task_budget_minus_empty_estimate_percent": 22.95779166666667
    },
    {
      "name": "mono-24",
      "id": 1,
      "packets": 120,
      "samples": 115200,
      "wall_us": 1336115,
      "task_us": 1320699,
      "max_wall_us": 13917,
      "pcm_hash": 3216561658,
      "scratch_bytes": 2904,
      "scratch_words": 15600,
      "min_dram": 10108,
      "stack_free_lifetime": 1724,
      "error": 0,
      "audio_duration_us": 2400000,
      "task_budget_percent": 55.029125,
      "wall_budget_percent": 55.671458333333334,
      "task_budget_minus_empty_estimate_percent": 54.769125
    },
    {
      "name": "stereo-64",
      "id": 2,
      "packets": 120,
      "samples": 115200,
      "wall_us": 1580679,
      "task_us": 1559950,
      "max_wall_us": 16042,
      "pcm_hash": 2337883435,
      "scratch_bytes": 5488,
      "scratch_words": 15600,
      "min_dram": 9960,
      "stack_free_lifetime": 1724,
      "error": 0,
      "audio_duration_us": 2400000,
      "task_budget_percent": 64.99791666666667,
      "wall_budget_percent": 65.86162499999999,
      "task_budget_minus_empty_estimate_percent": 64.73791666666666
    },
    {
      "name": "stereo-128",
      "id": 3,
      "packets": 120,
      "samples": 115200,
      "wall_us": 1958085,
      "task_us": 1927860,
      "max_wall_us": 19967,
      "pcm_hash": 1528306318,
      "scratch_bytes": 5488,
      "scratch_words": 15600,
      "min_dram": 9960,
      "stack_free_lifetime": 1660,
      "error": 0,
      "audio_duration_us": 2400000,
      "task_budget_percent": 80.3275,
      "wall_budget_percent": 81.586875,
      "task_budget_minus_empty_estimate_percent": 80.0675
    },
    {
      "name": "stereo-192",
      "id": 4,
      "packets": 120,
      "samples": 115200,
      "wall_us": 2302357,
      "task_us": 2264236,
      "max_wall_us": 22071,
      "pcm_hash": 1717014079,
      "scratch_bytes": 5488,
      "scratch_words": 15600,
      "min_dram": 9960,
      "stack_free_lifetime": 1660,
      "error": 0,
      "audio_duration_us": 2400000,
      "task_budget_percent": 94.34316666666666,
      "wall_budget_percent": 95.93154166666666,
      "task_budget_minus_empty_estimate_percent": 94.08316666666666
    }
  ]
}
