PROGRESS 2/0/0 error 0
PROGRESS 3/4/10 error 0
{
  "final": {
    "run": 3,
    "state": 3,
    "case": 4,
    "round": 10,
    "rounds": 10,
    "dram_before": 25916,
    "dram_after": 27012,
    "state_bytes": 6582,
    "empty_task_us": 27,
    "error": 0,
    "physical_output": false,
    "results": [
      {
        "id": 0,
        "packets": 120,
        "samples": 115200,
        "wall_us": 576372,
        "task_us": 572960,
        "max_wall_us": 6956,
        "pcm_hash": 898651720,
        "scratch_bytes": 1808,
        "scratch_words": 14112,
        "min_dram": 8160,
        "stack_free_lifetime": 1500,
        "error": 0
      },
      {
        "id": 1,
        "packets": 120,
        "samples": 115200,
        "wall_us": 1406800,
        "task_us": 1390214,
        "max_wall_us": 14527,
        "pcm_hash": 3216561658,
        "scratch_bytes": 2904,
        "scratch_words": 15600,
        "min_dram": 9432,
        "stack_free_lifetime": 1500,
        "error": 0
      },
      {
        "id": 2,
        "packets": 120,
        "samples": 115200,
        "wall_us": 1919640,
        "task_us": 1892280,
        "max_wall_us": 18344,
        "pcm_hash": 2337883435,
        "scratch_bytes": 5488,
        "scratch_words": 15600,
        "min_dram": 9432,
        "stack_free_lifetime": 1500,
        "error": 0
      },
      {
        "id": 3,
        "packets": 120,
        "samples": 115200,
        "wall_us": 2326383,
        "task_us": 2293033,
        "max_wall_us": 21599,
        "pcm_hash": 1528306318,
        "scratch_bytes": 5488,
        "scratch_words": 15600,
        "min_dram": 9432,
        "stack_free_lifetime": 1500,
        "error": 0
      },
      {
        "id": 4,
        "packets": 120,
        "samples": 115200,
        "wall_us": 2788448,
        "task_us": 2744400,
        "max_wall_us": 28078,
        "pcm_hash": 1717014079,
        "scratch_bytes": 5488,
        "scratch_words": 15600,
        "min_dram": 9784,
        "stack_free_lifetime": 1500,
        "error": 0
      }
    ]
  },
  "comparison": [
    {
      "name": "mono-12",
      "id": 0,
      "packets": 120,
      "samples": 115200,
      "wall_us": 576372,
      "task_us": 572960,
      "max_wall_us": 6956,
      "pcm_hash": 898651720,
      "scratch_bytes": 1808,
      "scratch_words": 14112,
      "min_dram": 8160,
      "stack_free_lifetime": 1500,
      "error": 0,
      "audio_duration_us": 2400000,
      "task_budget_percent": 23.873333333333335,
      "wall_budget_percent": 24.0155,
      "task_budget_minus_empty_estimate_percent": 23.738333333333333
    },
    {
      "name": "mono-24",
      "id": 1,
      "packets": 120,
      "samples": 115200,
      "wall_us": 1406800,
      "task_us": 1390214,
      "max_wall_us": 14527,
      "pcm_hash": 3216561658,
      "scratch_bytes": 2904,
      "scratch_words": 15600,
      "min_dram": 9432,
      "stack_free_lifetime": 1500,
      "error": 0,
      "audio_duration_us": 2400000,
      "task_budget_percent": 57.925583333333336,
      "wall_budget_percent": 58.61666666666667,
      "task_budget_minus_empty_estimate_percent": 57.79058333333334
    },
    {
      "name": "stereo-64",
      "id": 2,
      "packets": 120,
      "samples": 115200,
      "wall_us": 1919640,
      "task_us": 1892280,
      "max_wall_us": 18344,
      "pcm_hash": 2337883435,
      "scratch_bytes": 5488,
      "scratch_words": 15600,
      "min_dram": 9432,
      "stack_free_lifetime": 1500,
      "error": 0,
      "audio_duration_us": 2400000,
      "task_budget_percent": 78.845,
      "wall_budget_percent": 79.985,
      "task_budget_minus_empty_estimate_percent": 78.71
    },
    {
      "name": "stereo-128",
      "id": 3,
      "packets": 120,
      "samples": 115200,
      "wall_us": 2326383,
      "task_us": 2293033,
      "max_wall_us": 21599,
      "pcm_hash": 1528306318,
      "scratch_bytes": 5488,
      "scratch_words": 15600,
      "min_dram": 9432,
      "stack_free_lifetime": 1500,
      "error": 0,
      "audio_duration_us": 2400000,
      "task_budget_percent": 95.54304166666667,
      "wall_budget_percent": 96.932625,
      "task_budget_minus_empty_estimate_percent": 95.40804166666668
    },
    {
      "name": "stereo-192",
      "id": 4,
      "packets": 120,
      "samples": 115200,
      "wall_us": 2788448,
      "task_us": 2744400,
      "max_wall_us": 28078,
      "pcm_hash": 1717014079,
      "scratch_bytes": 5488,
      "scratch_words": 15600,
      "min_dram": 9784,
      "stack_free_lifetime": 1500,
      "error": 0,
      "audio_duration_us": 2400000,
      "task_budget_percent": 114.35,
      "wall_budget_percent": 116.18533333333333,
      "task_budget_minus_empty_estimate_percent": 114.215
    }
  ]
}
