PROGRESS 2/0/0 error 0
PROGRESS 3/4/10 error 0
{
  "final": {
    "run": 6,
    "state": 3,
    "case": 4,
    "round": 10,
    "rounds": 10,
    "dram_before": 25920,
    "dram_after": 27012,
    "state_bytes": 6582,
    "empty_task_us": 28,
    "error": 0,
    "physical_output": false,
    "results": [
      {
        "id": 0,
        "packets": 120,
        "samples": 115200,
        "wall_us": 575173,
        "task_us": 572696,
        "max_wall_us": 6272,
        "pcm_hash": 898651720,
        "scratch_bytes": 1808,
        "scratch_words": 14112,
        "min_dram": 9428,
        "stack_free_lifetime": 1500,
        "error": 0
      },
      {
        "id": 1,
        "packets": 120,
        "samples": 115200,
        "wall_us": 1408625,
        "task_us": 1390337,
        "max_wall_us": 13303,
        "pcm_hash": 3216561658,
        "scratch_bytes": 2904,
        "scratch_words": 15600,
        "min_dram": 9428,
        "stack_free_lifetime": 1500,
        "error": 0
      },
      {
        "id": 2,
        "packets": 120,
        "samples": 115200,
        "wall_us": 1920315,
        "task_us": 1893113,
        "max_wall_us": 19959,
        "pcm_hash": 2337883435,
        "scratch_bytes": 5488,
        "scratch_words": 15600,
        "min_dram": 9428,
        "stack_free_lifetime": 1500,
        "error": 0
      },
      {
        "id": 3,
        "packets": 120,
        "samples": 115200,
        "wall_us": 2322887,
        "task_us": 2292358,
        "max_wall_us": 22213,
        "pcm_hash": 1528306318,
        "scratch_bytes": 5488,
        "scratch_words": 15600,
        "min_dram": 9428,
        "stack_free_lifetime": 1500,
        "error": 0
      },
      {
        "id": 4,
        "packets": 120,
        "samples": 115200,
        "wall_us": 2787659,
        "task_us": 2743211,
        "max_wall_us": 25473,
        "pcm_hash": 1717014079,
        "scratch_bytes": 5488,
        "scratch_words": 15600,
        "min_dram": 9784,
        "stack_free_lifetime": 1500,
        "error": 0
      }
    ]
  },
  "comparison": [
    {
      "name": "mono-12",
      "id": 0,
      "packets": 120,
      "samples": 115200,
      "wall_us": 575173,
      "task_us": 572696,
      "max_wall_us": 6272,
      "pcm_hash": 898651720,
      "scratch_bytes": 1808,
      "scratch_words": 14112,
      "min_dram": 9428,
      "stack_free_lifetime": 1500,
      "error": 0,
      "audio_duration_us": 2400000,
      "task_budget_percent": 23.862333333333332,
      "wall_budget_percent": 23.965541666666667,
      "task_budget_minus_empty_estimate_percent": 23.72233333333333
    },
    {
      "name": "mono-24",
      "id": 1,
      "packets": 120,
      "samples": 115200,
      "wall_us": 1408625,
      "task_us": 1390337,
      "max_wall_us": 13303,
      "pcm_hash": 3216561658,
      "scratch_bytes": 2904,
      "scratch_words": 15600,
      "min_dram": 9428,
      "stack_free_lifetime": 1500,
      "error": 0,
      "audio_duration_us": 2400000,
      "task_budget_percent": 57.93070833333333,
      "wall_budget_percent": 58.692708333333336,
      "task_budget_minus_empty_estimate_percent": 57.79070833333333
    },
    {
      "name": "stereo-64",
      "id": 2,
      "packets": 120,
      "samples": 115200,
      "wall_us": 1920315,
      "task_us": 1893113,
      "max_wall_us": 19959,
      "pcm_hash": 2337883435,
      "scratch_bytes": 5488,
      "scratch_words": 15600,
      "min_dram": 9428,
      "stack_free_lifetime": 1500,
      "error": 0,
      "audio_duration_us": 2400000,
      "task_budget_percent": 78.87970833333334,
      "wall_budget_percent": 80.013125,
      "task_budget_minus_empty_estimate_percent": 78.73970833333334
    },
    {
      "name": "stereo-128",
      "id": 3,
      "packets": 120,
      "samples": 115200,
      "wall_us": 2322887,
      "task_us": 2292358,
      "max_wall_us": 22213,
      "pcm_hash": 1528306318,
      "scratch_bytes": 5488,
      "scratch_words": 15600,
      "min_dram": 9428,
      "stack_free_lifetime": 1500,
      "error": 0,
      "audio_duration_us": 2400000,
      "task_budget_percent": 95.51491666666666,
      "wall_budget_percent": 96.78695833333333,
      "task_budget_minus_empty_estimate_percent": 95.37491666666666
    },
    {
      "name": "stereo-192",
      "id": 4,
      "packets": 120,
      "samples": 115200,
      "wall_us": 2787659,
      "task_us": 2743211,
      "max_wall_us": 25473,
      "pcm_hash": 1717014079,
      "scratch_bytes": 5488,
      "scratch_words": 15600,
      "min_dram": 9784,
      "stack_free_lifetime": 1500,
      "error": 0,
      "audio_duration_us": 2400000,
      "task_budget_percent": 114.30045833333332,
      "wall_budget_percent": 116.15245833333333,
      "task_budget_minus_empty_estimate_percent": 114.16045833333332
    }
  ]
}
