PROGRESS 2/0/0 error 0
PROGRESS 3/4/10 error 0
{
  "final": {
    "run": 7,
    "state": 3,
    "case": 4,
    "round": 10,
    "rounds": 10,
    "dram_before": 26096,
    "dram_after": 27012,
    "state_bytes": 6582,
    "empty_task_us": 29,
    "error": 0,
    "physical_output": false,
    "results": [
      {
        "id": 0,
        "packets": 120,
        "samples": 115200,
        "wall_us": 573154,
        "task_us": 572253,
        "max_wall_us": 6736,
        "pcm_hash": 898651720,
        "scratch_bytes": 1808,
        "scratch_words": 14112,
        "min_dram": 9608,
        "stack_free_lifetime": 1500,
        "error": 0
      },
      {
        "id": 1,
        "packets": 120,
        "samples": 115200,
        "wall_us": 1409304,
        "task_us": 1391132,
        "max_wall_us": 14605,
        "pcm_hash": 3216561658,
        "scratch_bytes": 2904,
        "scratch_words": 15600,
        "min_dram": 9608,
        "stack_free_lifetime": 1500,
        "error": 0
      },
      {
        "id": 2,
        "packets": 120,
        "samples": 115200,
        "wall_us": 1923098,
        "task_us": 1894465,
        "max_wall_us": 19682,
        "pcm_hash": 2337883435,
        "scratch_bytes": 5488,
        "scratch_words": 15600,
        "min_dram": 9608,
        "stack_free_lifetime": 1500,
        "error": 0
      },
      {
        "id": 3,
        "packets": 120,
        "samples": 115200,
        "wall_us": 2328326,
        "task_us": 2293062,
        "max_wall_us": 22247,
        "pcm_hash": 1528306318,
        "scratch_bytes": 5488,
        "scratch_words": 15600,
        "min_dram": 9608,
        "stack_free_lifetime": 1500,
        "error": 0
      },
      {
        "id": 4,
        "packets": 120,
        "samples": 115200,
        "wall_us": 2783360,
        "task_us": 2741366,
        "max_wall_us": 27070,
        "pcm_hash": 1717014079,
        "scratch_bytes": 5488,
        "scratch_words": 15600,
        "min_dram": 9960,
        "stack_free_lifetime": 1500,
        "error": 0
      }
    ]
  },
  "comparison": [
    {
      "name": "mono-12",
      "id": 0,
      "packets": 120,
      "samples": 115200,
      "wall_us": 573154,
      "task_us": 572253,
      "max_wall_us": 6736,
      "pcm_hash": 898651720,
      "scratch_bytes": 1808,
      "scratch_words": 14112,
      "min_dram": 9608,
      "stack_free_lifetime": 1500,
      "error": 0,
      "audio_duration_us": 2400000,
      "task_budget_percent": 23.843875,
      "wall_budget_percent": 23.881416666666663,
      "task_budget_minus_empty_estimate_percent": 23.698874999999997
    },
    {
      "name": "mono-24",
      "id": 1,
      "packets": 120,
      "samples": 115200,
      "wall_us": 1409304,
      "task_us": 1391132,
      "max_wall_us": 14605,
      "pcm_hash": 3216561658,
      "scratch_bytes": 2904,
      "scratch_words": 15600,
      "min_dram": 9608,
      "stack_free_lifetime": 1500,
      "error": 0,
      "audio_duration_us": 2400000,
      "task_budget_percent": 57.96383333333333,
      "wall_budget_percent": 58.721000000000004,
      "task_budget_minus_empty_estimate_percent": 57.81883333333333
    },
    {
      "name": "stereo-64",
      "id": 2,
      "packets": 120,
      "samples": 115200,
      "wall_us": 1923098,
      "task_us": 1894465,
      "max_wall_us": 19682,
      "pcm_hash": 2337883435,
      "scratch_bytes": 5488,
      "scratch_words": 15600,
      "min_dram": 9608,
      "stack_free_lifetime": 1500,
      "error": 0,
      "audio_duration_us": 2400000,
      "task_budget_percent": 78.93604166666667,
      "wall_budget_percent": 80.12908333333334,
      "task_budget_minus_empty_estimate_percent": 78.79104166666667
    },
    {
      "name": "stereo-128",
      "id": 3,
      "packets": 120,
      "samples": 115200,
      "wall_us": 2328326,
      "task_us": 2293062,
      "max_wall_us": 22247,
      "pcm_hash": 1528306318,
      "scratch_bytes": 5488,
      "scratch_words": 15600,
      "min_dram": 9608,
      "stack_free_lifetime": 1500,
      "error": 0,
      "audio_duration_us": 2400000,
      "task_budget_percent": 95.54424999999999,
      "wall_budget_percent": 97.01358333333333,
      "task_budget_minus_empty_estimate_percent": 95.39925
    },
    {
      "name": "stereo-192",
      "id": 4,
      "packets": 120,
      "samples": 115200,
      "wall_us": 2783360,
      "task_us": 2741366,
      "max_wall_us": 27070,
      "pcm_hash": 1717014079,
      "scratch_bytes": 5488,
      "scratch_words": 15600,
      "min_dram": 9960,
      "stack_free_lifetime": 1500,
      "error": 0,
      "audio_duration_us": 2400000,
      "task_budget_percent": 114.22358333333332,
      "wall_budget_percent": 115.97333333333333,
      "task_budget_minus_empty_estimate_percent": 114.07858333333333
    }
  ]
}
