PROGRESS 2/0/0 error 0
PROGRESS 3/4/10 error 0
{
  "final": {
    "run": 2,
    "state": 3,
    "case": 4,
    "round": 10,
    "rounds": 10,
    "dram_before": 26096,
    "dram_after": 27012,
    "state_bytes": 6582,
    "empty_task_us": 30,
    "error": 0,
    "physical_output": false,
    "results": [
      {
        "id": 0,
        "packets": 120,
        "samples": 115200,
        "wall_us": 577513,
        "task_us": 572818,
        "max_wall_us": 6753,
        "pcm_hash": 898651720,
        "scratch_bytes": 1808,
        "scratch_words": 14112,
        "min_dram": 9608,
        "stack_free_lifetime": 1500,
        "error": 0
      },
      {
        "id": 1,
        "packets": 120,
        "samples": 115200,
        "wall_us": 1410503,
        "task_us": 1390686,
        "max_wall_us": 13524,
        "pcm_hash": 3216561658,
        "scratch_bytes": 2904,
        "scratch_words": 15600,
        "min_dram": 9608,
        "stack_free_lifetime": 1500,
        "error": 0
      },
      {
        "id": 2,
        "packets": 120,
        "samples": 115200,
        "wall_us": 1926227,
        "task_us": 1894930,
        "max_wall_us": 18900,
        "pcm_hash": 2337883435,
        "scratch_bytes": 5488,
        "scratch_words": 15600,
        "min_dram": 9608,
        "stack_free_lifetime": 1500,
        "error": 0
      },
      {
        "id": 3,
        "packets": 120,
        "samples": 115200,
        "wall_us": 2326590,
        "task_us": 2294093,
        "max_wall_us": 21988,
        "pcm_hash": 1528306318,
        "scratch_bytes": 5488,
        "scratch_words": 15600,
        "min_dram": 9784,
        "stack_free_lifetime": 1500,
        "error": 0
      },
      {
        "id": 4,
        "packets": 120,
        "samples": 115200,
        "wall_us": 2785527,
        "task_us": 2743411,
        "max_wall_us": 26309,
        "pcm_hash": 1717014079,
        "scratch_bytes": 5488,
        "scratch_words": 15600,
        "min_dram": 9784,
        "stack_free_lifetime": 1500,
        "error": 0
      }
    ]
  },
  "comparison": [
    {
      "name": "mono-12",
      "id": 0,
      "packets": 120,
      "samples": 115200,
      "wall_us": 577513,
      "task_us": 572818,
      "max_wall_us": 6753,
      "pcm_hash": 898651720,
      "scratch_bytes": 1808,
      "scratch_words": 14112,
      "min_dram": 9608,
      "stack_free_lifetime": 1500,
      "error": 0,
      "audio_duration_us": 2400000,
      "task_budget_percent": 23.867416666666667,
      "wall_budget_percent": 24.063041666666667,
      "task_budget_minus_empty_estimate_percent": 23.717416666666665
    },
    {
      "name": "mono-24",
      "id": 1,
      "packets": 120,
      "samples": 115200,
      "wall_us": 1410503,
      "task_us": 1390686,
      "max_wall_us": 13524,
      "pcm_hash": 3216561658,
      "scratch_bytes": 2904,
      "scratch_words": 15600,
      "min_dram": 9608,
      "stack_free_lifetime": 1500,
      "error": 0,
      "audio_duration_us": 2400000,
      "task_budget_percent": 57.94525,
      "wall_budget_percent": 58.770958333333326,
      "task_budget_minus_empty_estimate_percent": 57.795249999999996
    },
    {
      "name": "stereo-64",
      "id": 2,
      "packets": 120,
      "samples": 115200,
      "wall_us": 1926227,
      "task_us": 1894930,
      "max_wall_us": 18900,
      "pcm_hash": 2337883435,
      "scratch_bytes": 5488,
      "scratch_words": 15600,
      "min_dram": 9608,
      "stack_free_lifetime": 1500,
      "error": 0,
      "audio_duration_us": 2400000,
      "task_budget_percent": 78.95541666666666,
      "wall_budget_percent": 80.25945833333333,
      "task_budget_minus_empty_estimate_percent": 78.80541666666667
    },
    {
      "name": "stereo-128",
      "id": 3,
      "packets": 120,
      "samples": 115200,
      "wall_us": 2326590,
      "task_us": 2294093,
      "max_wall_us": 21988,
      "pcm_hash": 1528306318,
      "scratch_bytes": 5488,
      "scratch_words": 15600,
      "min_dram": 9784,
      "stack_free_lifetime": 1500,
      "error": 0,
      "audio_duration_us": 2400000,
      "task_budget_percent": 95.58720833333334,
      "wall_budget_percent": 96.94125,
      "task_budget_minus_empty_estimate_percent": 95.43720833333333
    },
    {
      "name": "stereo-192",
      "id": 4,
      "packets": 120,
      "samples": 115200,
      "wall_us": 2785527,
      "task_us": 2743411,
      "max_wall_us": 26309,
      "pcm_hash": 1717014079,
      "scratch_bytes": 5488,
      "scratch_words": 15600,
      "min_dram": 9784,
      "stack_free_lifetime": 1500,
      "error": 0,
      "audio_duration_us": 2400000,
      "task_budget_percent": 114.30879166666665,
      "wall_budget_percent": 116.063625,
      "task_budget_minus_empty_estimate_percent": 114.15879166666666
    }
  ]
}
