PROGRESS 2/0/0 error 0
PROGRESS 3/4/10 error 0
{
  "final": {
    "run": 1,
    "state": 3,
    "case": 4,
    "round": 10,
    "rounds": 10,
    "dram_before": 26288,
    "dram_after": 26476,
    "state_bytes": 6582,
    "empty_task_us": 51,
    "error": 0,
    "physical_output": false,
    "results": [
      {
        "id": 0,
        "packets": 120,
        "samples": 115200,
        "wall_us": 556750,
        "task_us": 554023,
        "max_wall_us": 7310,
        "pcm_hash": 898651720,
        "scratch_bytes": 1808,
        "scratch_words": 14112,
        "min_dram": 6652,
        "stack_free_lifetime": 1740,
        "error": 0
      },
      {
        "id": 1,
        "packets": 120,
        "samples": 115200,
        "wall_us": 1315912,
        "task_us": 1295543,
        "max_wall_us": 13957,
        "pcm_hash": 3216561658,
        "scratch_bytes": 2904,
        "scratch_words": 15600,
        "min_dram": 10124,
        "stack_free_lifetime": 1724,
        "error": 0
      },
      {
        "id": 2,
        "packets": 120,
        "samples": 115200,
        "wall_us": 1499964,
        "task_us": 1479340,
        "max_wall_us": 15477,
        "pcm_hash": 2337883435,
        "scratch_bytes": 5488,
        "scratch_words": 15600,
        "min_dram": 9976,
        "stack_free_lifetime": 1660,
        "error": 0
      },
      {
        "id": 3,
        "packets": 120,
        "samples": 115200,
        "wall_us": 1750586,
        "task_us": 1720138,
        "max_wall_us": 17437,
        "pcm_hash": 1528306318,
        "scratch_bytes": 5488,
        "scratch_words": 15600,
        "min_dram": 9976,
        "stack_free_lifetime": 1660,
        "error": 0
      },
      {
        "id": 4,
        "packets": 120,
        "samples": 115200,
        "wall_us": 1933472,
        "task_us": 1909069,
        "max_wall_us": 19082,
        "pcm_hash": 1717014079,
        "scratch_bytes": 5488,
        "scratch_words": 15600,
        "min_dram": 9976,
        "stack_free_lifetime": 1660,
        "error": 0
      }
    ]
  },
  "comparison": [
    {
      "name": "mono-12",
      "id": 0,
      "packets": 120,
      "samples": 115200,
      "wall_us": 556750,
      "task_us": 554023,
      "max_wall_us": 7310,
      "pcm_hash": 898651720,
      "scratch_bytes": 1808,
      "scratch_words": 14112,
      "min_dram": 6652,
      "stack_free_lifetime": 1740,
      "error": 0,
      "audio_duration_us": 2400000,
      "task_budget_percent": 23.084291666666665,
      "wall_budget_percent": 23.197916666666668,
      "task_budget_minus_empty_estimate_percent": 22.829291666666666
    },
    {
      "name": "mono-24",
      "id": 1,
      "packets": 120,
      "samples": 115200,
      "wall_us": 1315912,
      "task_us": 1295543,
      "max_wall_us": 13957,
      "pcm_hash": 3216561658,
      "scratch_bytes": 2904,
      "scratch_words": 15600,
      "min_dram": 10124,
      "stack_free_lifetime": 1724,
      "error": 0,
      "audio_duration_us": 2400000,
      "task_budget_percent": 53.98095833333333,
      "wall_budget_percent": 54.82966666666666,
      "task_budget_minus_empty_estimate_percent": 53.72595833333333
    },
    {
      "name": "stereo-64",
      "id": 2,
      "packets": 120,
      "samples": 115200,
      "wall_us": 1499964,
      "task_us": 1479340,
      "max_wall_us": 15477,
      "pcm_hash": 2337883435,
      "scratch_bytes": 5488,
      "scratch_words": 15600,
      "min_dram": 9976,
      "stack_free_lifetime": 1660,
      "error": 0,
      "audio_duration_us": 2400000,
      "task_budget_percent": 61.63916666666667,
      "wall_budget_percent": 62.4985,
      "task_budget_minus_empty_estimate_percent": 61.384166666666665
    },
    {
      "name": "stereo-128",
      "id": 3,
      "packets": 120,
      "samples": 115200,
      "wall_us": 1750586,
      "task_us": 1720138,
      "max_wall_us": 17437,
      "pcm_hash": 1528306318,
      "scratch_bytes": 5488,
      "scratch_words": 15600,
      "min_dram": 9976,
      "stack_free_lifetime": 1660,
      "error": 0,
      "audio_duration_us": 2400000,
      "task_budget_percent": 71.67241666666666,
      "wall_budget_percent": 72.94108333333332,
      "task_budget_minus_empty_estimate_percent": 71.41741666666667
    },
    {
      "name": "stereo-192",
      "id": 4,
      "packets": 120,
      "samples": 115200,
      "wall_us": 1933472,
      "task_us": 1909069,
      "max_wall_us": 19082,
      "pcm_hash": 1717014079,
      "scratch_bytes": 5488,
      "scratch_words": 15600,
      "min_dram": 9976,
      "stack_free_lifetime": 1660,
      "error": 0,
      "audio_duration_us": 2400000,
      "task_budget_percent": 79.54454166666666,
      "wall_budget_percent": 80.56133333333332,
      "task_budget_minus_empty_estimate_percent": 79.28954166666666
    }
  ]
}
