PROGRESS 2/0/0 error 0
PROGRESS 3/4/10 error 0
{
  "final": {
    "run": 1,
    "state": 3,
    "case": 4,
    "round": 10,
    "rounds": 10,
    "dram_before": 26112,
    "dram_after": 26124,
    "state_bytes": 6582,
    "empty_task_us": 49,
    "error": 0,
    "physical_output": false,
    "results": [
      {
        "id": 0,
        "packets": 120,
        "samples": 115200,
        "wall_us": 574149,
        "task_us": 568876,
        "max_wall_us": 7454,
        "pcm_hash": 898651720,
        "scratch_bytes": 1808,
        "scratch_words": 14112,
        "min_dram": 9624,
        "stack_free_lifetime": 1740,
        "error": 0
      },
      {
        "id": 1,
        "packets": 120,
        "samples": 115200,
        "wall_us": 1354835,
        "task_us": 1332297,
        "max_wall_us": 12963,
        "pcm_hash": 3216561658,
        "scratch_bytes": 2904,
        "scratch_words": 15600,
        "min_dram": 9624,
        "stack_free_lifetime": 1740,
        "error": 0
      },
      {
        "id": 2,
        "packets": 120,
        "samples": 115200,
        "wall_us": 1619405,
        "task_us": 1585937,
        "max_wall_us": 17574,
        "pcm_hash": 2337883435,
        "scratch_bytes": 5488,
        "scratch_words": 15600,
        "min_dram": 9624,
        "stack_free_lifetime": 1660,
        "error": 0
      },
      {
        "id": 3,
        "packets": 120,
        "samples": 115200,
        "wall_us": 1899235,
        "task_us": 1867897,
        "max_wall_us": 18107,
        "pcm_hash": 1528306318,
        "scratch_bytes": 5488,
        "scratch_words": 15600,
        "min_dram": 9624,
        "stack_free_lifetime": 1660,
        "error": 0
      },
      {
        "id": 4,
        "packets": 120,
        "samples": 115200,
        "wall_us": 2170119,
        "task_us": 2134566,
        "max_wall_us": 21786,
        "pcm_hash": 1717014079,
        "scratch_bytes": 5488,
        "scratch_words": 15600,
        "min_dram": 9624,
        "stack_free_lifetime": 1660,
        "error": 0
      }
    ]
  },
  "comparison": [
    {
      "name": "mono-12",
      "id": 0,
      "packets": 120,
      "samples": 115200,
      "wall_us": 574149,
      "task_us": 568876,
      "max_wall_us": 7454,
      "pcm_hash": 898651720,
      "scratch_bytes": 1808,
      "scratch_words": 14112,
      "min_dram": 9624,
      "stack_free_lifetime": 1740,
      "error": 0,
      "audio_duration_us": 2400000,
      "task_budget_percent": 23.703166666666664,
      "wall_budget_percent": 23.922874999999998,
      "task_budget_minus_empty_estimate_percent": 23.458166666666664
    },
    {
      "name": "mono-24",
      "id": 1,
      "packets": 120,
      "samples": 115200,
      "wall_us": 1354835,
      "task_us": 1332297,
      "max_wall_us": 12963,
      "pcm_hash": 3216561658,
      "scratch_bytes": 2904,
      "scratch_words": 15600,
      "min_dram": 9624,
      "stack_free_lifetime": 1740,
      "error": 0,
      "audio_duration_us": 2400000,
      "task_budget_percent": 55.512375,
      "wall_budget_percent": 56.451458333333335,
      "task_budget_minus_empty_estimate_percent": 55.267374999999994
    },
    {
      "name": "stereo-64",
      "id": 2,
      "packets": 120,
      "samples": 115200,
      "wall_us": 1619405,
      "task_us": 1585937,
      "max_wall_us": 17574,
      "pcm_hash": 2337883435,
      "scratch_bytes": 5488,
      "scratch_words": 15600,
      "min_dram": 9624,
      "stack_free_lifetime": 1660,
      "error": 0,
      "audio_duration_us": 2400000,
      "task_budget_percent": 66.08070833333333,
      "wall_budget_percent": 67.47520833333333,
      "task_budget_minus_empty_estimate_percent": 65.83570833333333
    },
    {
      "name": "stereo-128",
      "id": 3,
      "packets": 120,
      "samples": 115200,
      "wall_us": 1899235,
      "task_us": 1867897,
      "max_wall_us": 18107,
      "pcm_hash": 1528306318,
      "scratch_bytes": 5488,
      "scratch_words": 15600,
      "min_dram": 9624,
      "stack_free_lifetime": 1660,
      "error": 0,
      "audio_duration_us": 2400000,
      "task_budget_percent": 77.82904166666667,
      "wall_budget_percent": 79.13479166666667,
      "task_budget_minus_empty_estimate_percent": 77.58404166666666
    },
    {
      "name": "stereo-192",
      "id": 4,
      "packets": 120,
      "samples": 115200,
      "wall_us": 2170119,
      "task_us": 2134566,
      "max_wall_us": 21786,
      "pcm_hash": 1717014079,
      "scratch_bytes": 5488,
      "scratch_words": 15600,
      "min_dram": 9624,
      "stack_free_lifetime": 1660,
      "error": 0,
      "audio_duration_us": 2400000,
      "task_budget_percent": 88.94024999999999,
      "wall_budget_percent": 90.42162499999999,
      "task_budget_minus_empty_estimate_percent": 88.69524999999999
    }
  ]
}
