PROGRESS 2/0/0 error 0
PROGRESS 3/4/10 error 0
{
  "final": {
    "run": 1,
    "state": 3,
    "case": 4,
    "round": 10,
    "rounds": 10,
    "dram_before": 25972,
    "dram_after": 25984,
    "state_bytes": 6582,
    "empty_task_us": 53,
    "error": 0,
    "physical_output": false,
    "results": [
      {
        "id": 0,
        "packets": 120,
        "samples": 115200,
        "wall_us": 559036,
        "task_us": 554303,
        "max_wall_us": 6698,
        "pcm_hash": 898651720,
        "scratch_bytes": 1808,
        "scratch_words": 14112,
        "min_dram": 8888,
        "stack_free_lifetime": 1740,
        "error": 0
      },
      {
        "id": 1,
        "packets": 120,
        "samples": 115200,
        "wall_us": 1323097,
        "task_us": 1304084,
        "max_wall_us": 13880,
        "pcm_hash": 3216561658,
        "scratch_bytes": 2904,
        "scratch_words": 15600,
        "min_dram": 9484,
        "stack_free_lifetime": 1660,
        "error": 0
      },
      {
        "id": 2,
        "packets": 120,
        "samples": 115200,
        "wall_us": 1573853,
        "task_us": 1551771,
        "max_wall_us": 16241,
        "pcm_hash": 2337883435,
        "scratch_bytes": 5488,
        "scratch_words": 15600,
        "min_dram": 9484,
        "stack_free_lifetime": 1660,
        "error": 0
      },
      {
        "id": 3,
        "packets": 120,
        "samples": 115200,
        "wall_us": 1866897,
        "task_us": 1839198,
        "max_wall_us": 19446,
        "pcm_hash": 1528306318,
        "scratch_bytes": 5488,
        "scratch_words": 15600,
        "min_dram": 9484,
        "stack_free_lifetime": 1660,
        "error": 0
      },
      {
        "id": 4,
        "packets": 120,
        "samples": 115200,
        "wall_us": 2128383,
        "task_us": 2094526,
        "max_wall_us": 21951,
        "pcm_hash": 1717014079,
        "scratch_bytes": 5488,
        "scratch_words": 15600,
        "min_dram": 9484,
        "stack_free_lifetime": 1660,
        "error": 0
      }
    ]
  },
  "comparison": [
    {
      "name": "mono-12",
      "id": 0,
      "packets": 120,
      "samples": 115200,
      "wall_us": 559036,
      "task_us": 554303,
      "max_wall_us": 6698,
      "pcm_hash": 898651720,
      "scratch_bytes": 1808,
      "scratch_words": 14112,
      "min_dram": 8888,
      "stack_free_lifetime": 1740,
      "error": 0,
      "audio_duration_us": 2400000,
      "task_budget_percent": 23.095958333333332,
      "wall_budget_percent": 23.293166666666664,
      "task_budget_minus_empty_estimate_percent": 22.83095833333333
    },
    {
      "name": "mono-24",
      "id": 1,
      "packets": 120,
      "samples": 115200,
      "wall_us": 1323097,
      "task_us": 1304084,
      "max_wall_us": 13880,
      "pcm_hash": 3216561658,
      "scratch_bytes": 2904,
      "scratch_words": 15600,
      "min_dram": 9484,
      "stack_free_lifetime": 1660,
      "error": 0,
      "audio_duration_us": 2400000,
      "task_budget_percent": 54.33683333333334,
      "wall_budget_percent": 55.129041666666666,
      "task_budget_minus_empty_estimate_percent": 54.07183333333334
    },
    {
      "name": "stereo-64",
      "id": 2,
      "packets": 120,
      "samples": 115200,
      "wall_us": 1573853,
      "task_us": 1551771,
      "max_wall_us": 16241,
      "pcm_hash": 2337883435,
      "scratch_bytes": 5488,
      "scratch_words": 15600,
      "min_dram": 9484,
      "stack_free_lifetime": 1660,
      "error": 0,
      "audio_duration_us": 2400000,
      "task_budget_percent": 64.657125,
      "wall_budget_percent": 65.57720833333333,
      "task_budget_minus_empty_estimate_percent": 64.392125
    },
    {
      "name": "stereo-128",
      "id": 3,
      "packets": 120,
      "samples": 115200,
      "wall_us": 1866897,
      "task_us": 1839198,
      "max_wall_us": 19446,
      "pcm_hash": 1528306318,
      "scratch_bytes": 5488,
      "scratch_words": 15600,
      "min_dram": 9484,
      "stack_free_lifetime": 1660,
      "error": 0,
      "audio_duration_us": 2400000,
      "task_budget_percent": 76.63325,
      "wall_budget_percent": 77.787375,
      "task_budget_minus_empty_estimate_percent": 76.36825
    },
    {
      "name": "stereo-192",
      "id": 4,
      "packets": 120,
      "samples": 115200,
      "wall_us": 2128383,
      "task_us": 2094526,
      "max_wall_us": 21951,
      "pcm_hash": 1717014079,
      "scratch_bytes": 5488,
      "scratch_words": 15600,
      "min_dram": 9484,
      "stack_free_lifetime": 1660,
      "error": 0,
      "audio_duration_us": 2400000,
      "task_budget_percent": 87.27191666666666,
      "wall_budget_percent": 88.682625,
      "task_budget_minus_empty_estimate_percent": 87.00691666666665
    }
  ]
}
