PROGRESS 2/0/0 error 0
PROGRESS 3/4/10 error 0
{
  "final": {
    "run": 1,
    "state": 3,
    "case": 4,
    "round": 10,
    "rounds": 10,
    "dram_before": 26288,
    "dram_after": 26476,
    "state_bytes": 6582,
    "empty_task_us": 53,
    "error": 0,
    "physical_output": false,
    "results": [
      {
        "id": 0,
        "packets": 120,
        "samples": 115200,
        "wall_us": 547531,
        "task_us": 546794,
        "max_wall_us": 6481,
        "pcm_hash": 898651720,
        "scratch_bytes": 1808,
        "scratch_words": 14112,
        "min_dram": 9388,
        "stack_free_lifetime": 1740,
        "error": 0
      },
      {
        "id": 1,
        "packets": 120,
        "samples": 115200,
        "wall_us": 1329219,
        "task_us": 1313379,
        "max_wall_us": 12870,
        "pcm_hash": 3216561658,
        "scratch_bytes": 2904,
        "scratch_words": 15600,
        "min_dram": 9976,
        "stack_free_lifetime": 1724,
        "error": 0
      },
      {
        "id": 2,
        "packets": 120,
        "samples": 115200,
        "wall_us": 1590947,
        "task_us": 1572340,
        "max_wall_us": 16137,
        "pcm_hash": 2337883435,
        "scratch_bytes": 5488,
        "scratch_words": 15600,
        "min_dram": 9976,
        "stack_free_lifetime": 1724,
        "error": 0
      },
      {
        "id": 3,
        "packets": 120,
        "samples": 115200,
        "wall_us": 1963599,
        "task_us": 1935928,
        "max_wall_us": 19373,
        "pcm_hash": 1528306318,
        "scratch_bytes": 5488,
        "scratch_words": 15600,
        "min_dram": 9976,
        "stack_free_lifetime": 1660,
        "error": 0
      },
      {
        "id": 4,
        "packets": 120,
        "samples": 115200,
        "wall_us": 2260004,
        "task_us": 2228629,
        "max_wall_us": 22508,
        "pcm_hash": 1717014079,
        "scratch_bytes": 5488,
        "scratch_words": 15600,
        "min_dram": 9976,
        "stack_free_lifetime": 1660,
        "error": 0
      }
    ]
  },
  "comparison": [
    {
      "name": "mono-12",
      "id": 0,
      "packets": 120,
      "samples": 115200,
      "wall_us": 547531,
      "task_us": 546794,
      "max_wall_us": 6481,
      "pcm_hash": 898651720,
      "scratch_bytes": 1808,
      "scratch_words": 14112,
      "min_dram": 9388,
      "stack_free_lifetime": 1740,
      "error": 0,
      "audio_duration_us": 2400000,
      "task_budget_percent": 22.78308333333333,
      "wall_budget_percent": 22.813791666666663,
      "task_budget_minus_empty_estimate_percent": 22.51808333333333
    },
    {
      "name": "mono-24",
      "id": 1,
      "packets": 120,
      "samples": 115200,
      "wall_us": 1329219,
      "task_us": 1313379,
      "max_wall_us": 12870,
      "pcm_hash": 3216561658,
      "scratch_bytes": 2904,
      "scratch_words": 15600,
      "min_dram": 9976,
      "stack_free_lifetime": 1724,
      "error": 0,
      "audio_duration_us": 2400000,
      "task_budget_percent": 54.724125,
      "wall_budget_percent": 55.384125000000004,
      "task_budget_minus_empty_estimate_percent": 54.459125
    },
    {
      "name": "stereo-64",
      "id": 2,
      "packets": 120,
      "samples": 115200,
      "wall_us": 1590947,
      "task_us": 1572340,
      "max_wall_us": 16137,
      "pcm_hash": 2337883435,
      "scratch_bytes": 5488,
      "scratch_words": 15600,
      "min_dram": 9976,
      "stack_free_lifetime": 1724,
      "error": 0,
      "audio_duration_us": 2400000,
      "task_budget_percent": 65.51416666666667,
      "wall_budget_percent": 66.28945833333333,
      "task_budget_minus_empty_estimate_percent": 65.24916666666667
    },
    {
      "name": "stereo-128",
      "id": 3,
      "packets": 120,
      "samples": 115200,
      "wall_us": 1963599,
      "task_us": 1935928,
      "max_wall_us": 19373,
      "pcm_hash": 1528306318,
      "scratch_bytes": 5488,
      "scratch_words": 15600,
      "min_dram": 9976,
      "stack_free_lifetime": 1660,
      "error": 0,
      "audio_duration_us": 2400000,
      "task_budget_percent": 80.66366666666667,
      "wall_budget_percent": 81.81662499999999,
      "task_budget_minus_empty_estimate_percent": 80.39866666666667
    },
    {
      "name": "stereo-192",
      "id": 4,
      "packets": 120,
      "samples": 115200,
      "wall_us": 2260004,
      "task_us": 2228629,
      "max_wall_us": 22508,
      "pcm_hash": 1717014079,
      "scratch_bytes": 5488,
      "scratch_words": 15600,
      "min_dram": 9976,
      "stack_free_lifetime": 1660,
      "error": 0,
      "audio_duration_us": 2400000,
      "task_budget_percent": 92.85954166666666,
      "wall_budget_percent": 94.16683333333333,
      "task_budget_minus_empty_estimate_percent": 92.59454166666666
    }
  ]
}
