PROGRESS 2/0/0 error 0
PROGRESS 2/1/4 error 0
PROGRESS 2/2/3 error 0
PROGRESS 2/3/0 error 0
PROGRESS 2/3/8 error 0
PROGRESS 2/4/4 error 0
PROGRESS 3/4/10 error 0
{
  "final": {
    "run": 9,
    "state": 3,
    "case": 4,
    "round": 10,
    "rounds": 10,
    "dram_before": 25076,
    "dram_after": 25772,
    "state_bytes": 6582,
    "empty_task_us": 57,
    "error": 0,
    "physical_output": false,
    "results": [
      {
        "id": 0,
        "packets": 120,
        "samples": 115200,
        "wall_us": 557118,
        "task_us": 553996,
        "max_wall_us": 7529,
        "pcm_hash": 898651720,
        "scratch_bytes": 1808,
        "scratch_words": 14112,
        "min_dram": 9448,
        "stack_free_lifetime": 1660,
        "error": 0
      },
      {
        "id": 1,
        "packets": 120,
        "samples": 115200,
        "wall_us": 1366014,
        "task_us": 1300278,
        "max_wall_us": 38943,
        "pcm_hash": 3216561658,
        "scratch_bytes": 2904,
        "scratch_words": 15600,
        "min_dram": 8860,
        "stack_free_lifetime": 1660,
        "error": 0
      },
      {
        "id": 2,
        "packets": 120,
        "samples": 115200,
        "wall_us": 1583223,
        "task_us": 1507979,
        "max_wall_us": 64850,
        "pcm_hash": 2337883435,
        "scratch_bytes": 5488,
        "scratch_words": 15600,
        "min_dram": 9336,
        "stack_free_lifetime": 1660,
        "error": 0
      },
      {
        "id": 3,
        "packets": 120,
        "samples": 115200,
        "wall_us": 1823413,
        "task_us": 1732184,
        "max_wall_us": 47491,
        "pcm_hash": 1528306318,
        "scratch_bytes": 5488,
        "scratch_words": 15600,
        "min_dram": 8176,
        "stack_free_lifetime": 1660,
        "error": 0
      },
      {
        "id": 4,
        "packets": 120,
        "samples": 115200,
        "wall_us": 2003077,
        "task_us": 1918494,
        "max_wall_us": 71917,
        "pcm_hash": 1717014079,
        "scratch_bytes": 5488,
        "scratch_words": 15600,
        "min_dram": 9160,
        "stack_free_lifetime": 1660,
        "error": 0
      }
    ]
  },
  "comparison": [
    {
      "name": "mono-12",
      "id": 0,
      "packets": 120,
      "samples": 115200,
      "wall_us": 557118,
      "task_us": 553996,
      "max_wall_us": 7529,
      "pcm_hash": 898651720,
      "scratch_bytes": 1808,
      "scratch_words": 14112,
      "min_dram": 9448,
      "stack_free_lifetime": 1660,
      "error": 0,
      "audio_duration_us": 2400000,
      "task_budget_percent": 23.083166666666664,
      "wall_budget_percent": 23.21325,
      "task_budget_minus_empty_estimate_percent": 22.798166666666663
    },
    {
      "name": "mono-24",
      "id": 1,
      "packets": 120,
      "samples": 115200,
      "wall_us": 1366014,
      "task_us": 1300278,
      "max_wall_us": 38943,
      "pcm_hash": 3216561658,
      "scratch_bytes": 2904,
      "scratch_words": 15600,
      "min_dram": 8860,
      "stack_free_lifetime": 1660,
      "error": 0,
      "audio_duration_us": 2400000,
      "task_budget_percent": 54.17825,
      "wall_budget_percent": 56.91725,
      "task_budget_minus_empty_estimate_percent": 53.893249999999995
    },
    {
      "name": "stereo-64",
      "id": 2,
      "packets": 120,
      "samples": 115200,
      "wall_us": 1583223,
      "task_us": 1507979,
      "max_wall_us": 64850,
      "pcm_hash": 2337883435,
      "scratch_bytes": 5488,
      "scratch_words": 15600,
      "min_dram": 9336,
      "stack_free_lifetime": 1660,
      "error": 0,
      "audio_duration_us": 2400000,
      "task_budget_percent": 62.832458333333335,
      "wall_budget_percent": 65.967625,
      "task_budget_minus_empty_estimate_percent": 62.54745833333334
    },
    {
      "name": "stereo-128",
      "id": 3,
      "packets": 120,
      "samples": 115200,
      "wall_us": 1823413,
      "task_us": 1732184,
      "max_wall_us": 47491,
      "pcm_hash": 1528306318,
      "scratch_bytes": 5488,
      "scratch_words": 15600,
      "min_dram": 8176,
      "stack_free_lifetime": 1660,
      "error": 0,
      "audio_duration_us": 2400000,
      "task_budget_percent": 72.17433333333332,
      "wall_budget_percent": 75.97554166666667,
      "task_budget_minus_empty_estimate_percent": 71.88933333333333
    },
    {
      "name": "stereo-192",
      "id": 4,
      "packets": 120,
      "samples": 115200,
      "wall_us": 2003077,
      "task_us": 1918494,
      "max_wall_us": 71917,
      "pcm_hash": 1717014079,
      "scratch_bytes": 5488,
      "scratch_words": 15600,
      "min_dram": 9160,
      "stack_free_lifetime": 1660,
      "error": 0,
      "audio_duration_us": 2400000,
      "task_budget_percent": 79.93724999999999,
      "wall_budget_percent": 83.46154166666666,
      "task_budget_minus_empty_estimate_percent": 79.65225
    }
  ]
}
