TAP version 13
# Subtest: compiler command parser does not invoke a shell and keeps quoted definitions
ok 1 - compiler command parser does not invoke a shell and keeps quoted definitions
  ---
  duration_ms: 2.4588
  type: 'test'
  ...
# Subtest: full ASM snapshot covers every upstream unit and both variants verify
ok 2 - full ASM snapshot covers every upstream unit and both variants verify
  ---
  duration_ms: 328.0439
  type: 'test'
  ...
# Subtest: annotations preserve comments and describe the function ABI
ok 3 - annotations preserve comments and describe the function ABI
  ---
  duration_ms: 0.5917
  type: 'test'
  ...
# Subtest: stale source hashes and a different exported feature set fail closed
ok 4 - stale source hashes and a different exported feature set fail closed
  ---
  duration_ms: 9.2574
  type: 'test'
  ...
# Subtest: ASM backend is opt-in, diagnostic only and ABI-incompatible features are rejected
ok 5 - ASM backend is opt-in, diagnostic only and ABI-incompatible features are rejected
  ---
  duration_ms: 0.7847
  type: 'test'
  ...
# Subtest: accepts smaller low-bitrate regressions when high-bitrate gains dominate
ok 6 - accepts smaller low-bitrate regressions when high-bitrate gains dominate
  ---
  duration_ms: 1.5171
  type: 'test'
  ...
# Subtest: rejects high-bitrate slowdown, dominant low-bitrate loss and realtime budget failure
ok 7 - rejects high-bitrate slowdown, dominant low-bitrate loss and realtime budget failure
  ---
  duration_ms: 1.1436
  type: 'test'
  ...
# Subtest: desktop fixture reader accepts the complete uint16 packet container
ok 8 - desktop fixture reader accepts the complete uint16 packet container
  ---
  duration_ms: 2.1908
  type: 'test'
  ...
# Subtest: actual MDCT ASM preserves every register bit for all words and both halfword parities
ok 9 - actual MDCT ASM preserves every register bit for all words and both halfword parities
  ---
  duration_ms: 22.001
  type: 'test'
  ...
# Subtest: selector matching refuses interior entries, duplicate/missing source, and aliasing registers
ok 10 - selector matching refuses interior entries, duplicate/missing source, and aliasing registers
  ---
  duration_ms: 8.2782
  type: 'test'
  ...
# Subtest: assembled code has exact local targets, operation order and untouched instructions outside selectors
ok 11 - assembled code has exact local targets, operation order and untouched instructions outside selectors
  ---
  duration_ms: 18.9214
  type: 'test'
  ...
# Subtest: five 17-byte patches cannot alter other ELF bytes or RAM/stack/address metadata
ok 12 - five 17-byte patches cannot alter other ELF bytes or RAM/stack/address metadata
  ---
  duration_ms: 245.6708
  type: 'test'
  ...
# Subtest: image hashes, recipe and exact opcode evidence validate; mixed benchmark profiles refused
ok 13 - image hashes, recipe and exact opcode evidence validate; mixed benchmark profiles refused
  ---
  duration_ms: 187.7718
  type: 'test'
  ...
# Subtest: all thirty three-table measurements retain exact PCM and recomputable speed/RAM criteria
ok 14 - all thirty three-table measurements retain exact PCM and recomputable speed/RAM criteria
  ---
  duration_ms: 614.1034
  type: 'test'
  ...
# Subtest: ordinary firmware restored OTA, not left in raw benchmark; HTTP/WS/station/playlist verified
ok 15 - ordinary firmware restored OTA, not left in raw benchmark; HTTP/WS/station/playlist verified
  ---
  duration_ms: 3.4032
  type: 'test'
  ...
# Subtest: all450 table pairs preserve arbitrary32-bit PCM and separately rounded multiply terms
ok 16 - all450 table pairs preserve arbitrary32-bit PCM and separately rounded multiply terms
  ---
  duration_ms: 236.4596
  type: 'test'
  ...
# Subtest: parity, pointer advance, loop targets and boundary ABI mutations fail
ok 17 - parity, pointer advance, loop targets and boundary ABI mutations fail
  ---
  duration_ms: 13.4874
  type: 'test'
  ...
# Subtest: all four linked trig/bitrev ranges share parity, are immutable and bounded
ok 18 - all four linked trig/bitrev ranges share parity, are immutable and bounded
  ---
  duration_ms: 30.1677
  type: 'test'
  ...
# Subtest: numeric full transforms agree for PCM32 edge cases, random data, strides and aliasing
ok 19 - numeric full transforms agree for PCM32 edge cases, random data, strides and aliasing
  ---
  duration_ms: 440.229
  type: 'test'
  ...
# Subtest: one193-byte range changes; RAM, frame, rest of ELF/app and settings stay fixed
ok 20 - one193-byte range changes; RAM, frame, rest of ELF/app and settings stay fixed
  ---
  duration_ms: 656.5778
  type: 'test'
  ...
# Subtest: macro arithmetic is the exact GCC leaf body without return
ok 21 - macro arithmetic is the exact GCC leaf body without return
  ---
  duration_ms: 1.9701
  type: 'test'
  ...
# Subtest: only four pinned quant_partition calls are expanded and baseline stays exact
ok 22 - only four pinned quant_partition calls are expanded and baseline stays exact
  ---
  duration_ms: 120.4486
  type: 'test'
  ...
# Subtest: actual macro preserves results and live registers at every normalized threshold
ok 23 - actual macro preserves results and live registers at every normalized threshold
  ---
  duration_ms: 227.0182
  type: 'test'
  ...
1..23
# tests 23
# suites 0
# pass 23
# fail 0
# cancelled 0
# skipped 0
# todo 0
# duration_ms 1516.2593
