PROGRESS 2/0/0 error 0
PROGRESS 3/4/10 error 0
{
  "final": {
    "run": 2,
    "state": 3,
    "case": 4,
    "round": 10,
    "rounds": 10,
    "dram_before": 25504,
    "dram_after": 26612,
    "state_bytes": 6582,
    "empty_task_us": 46,
    "error": 0,
    "physical_output": false,
    "results": [
      {
        "id": 0,
        "packets": 120,
        "samples": 115200,
        "wall_us": 887224,
        "task_us": 875802,
        "max_wall_us": 9795,
        "pcm_hash": 898651720,
        "scratch_bytes": 1808,
        "scratch_words": 14112,
        "min_dram": 9208,
        "stack_free_lifetime": 1260,
        "error": 0
      },
      {
        "id": 1,
        "packets": 120,
        "samples": 115200,
        "wall_us": 1818615,
        "task_us": 1782209,
        "max_wall_us": 18708,
        "pcm_hash": 3216561658,
        "scratch_bytes": 2904,
        "scratch_words": 15600,
        "min_dram": 9208,
        "stack_free_lifetime": 1260,
        "error": 0
      },
      {
        "id": 2,
        "packets": 120,
        "samples": 115200,
        "wall_us": 2361020,
        "task_us": 2320037,
        "max_wall_us": 22913,
        "pcm_hash": 2337883435,
        "scratch_bytes": 5488,
        "scratch_words": 15600,
        "min_dram": 9208,
        "stack_free_lifetime": 1260,
        "error": 0
      },
      {
        "id": 3,
        "packets": 120,
        "samples": 115200,
        "wall_us": 3210108,
        "task_us": 3149767,
        "max_wall_us": 31318,
        "pcm_hash": 1528306318,
        "scratch_bytes": 5488,
        "scratch_words": 15600,
        "min_dram": 9560,
        "stack_free_lifetime": 1260,
        "error": 0
      },
      {
        "id": 4,
        "packets": 120,
        "samples": 115200,
        "wall_us": 4133227,
        "task_us": 4056426,
        "max_wall_us": 38193,
        "pcm_hash": 1717014079,
        "scratch_bytes": 5488,
        "scratch_words": 15600,
        "min_dram": 9560,
        "stack_free_lifetime": 1260,
        "error": 0
      }
    ],
    "function_case": 4,
    "function_error": 0,
    "function_clock_hz": 1000000,
    "function_clock_min_us": 1,
    "function_clock_max_us": 3,
    "functions": [
      {
        "id": 0,
        "calls": 120,
        "cpu_us": 4043053,
        "self_cpu_us": 516828,
        "max_cpu_us": 35741,
        "wall_us": 4129124,
        "self_wall_us": 544707,
        "max_wall_us": 38157
      },
      {
        "id": 1,
        "calls": 0,
        "cpu_us": 0,
        "self_cpu_us": 0,
        "max_cpu_us": 0,
        "wall_us": 0,
        "self_wall_us": 0,
        "max_wall_us": 0
      },
      {
        "id": 2,
        "calls": 120,
        "cpu_us": 3122528,
        "self_cpu_us": 1536430,
        "max_cpu_us": 27687,
        "wall_us": 3165162,
        "self_wall_us": 1559986,
        "max_wall_us": 29223
      },
      {
        "id": 3,
        "calls": 16480,
        "cpu_us": 1426894,
        "self_cpu_us": 445899,
        "max_cpu_us": 271,
        "wall_us": 1444212,
        "self_wall_us": 453445,
        "max_wall_us": 1194
      },
      {
        "id": 4,
        "calls": 16480,
        "cpu_us": 980995,
        "self_cpu_us": 671234,
        "max_cpu_us": 187,
        "wall_us": 990767,
        "self_wall_us": 676557,
        "max_wall_us": 1150
      },
      {
        "id": 5,
        "calls": 310,
        "cpu_us": 4260,
        "self_cpu_us": 4260,
        "max_cpu_us": 36,
        "wall_us": 4260,
        "self_wall_us": 4260,
        "max_wall_us": 36
      },
      {
        "id": 6,
        "calls": 190,
        "cpu_us": 340445,
        "self_cpu_us": 133903,
        "max_cpu_us": 3059,
        "wall_us": 347552,
        "self_wall_us": 137374,
        "max_wall_us": 4178
      },
      {
        "id": 7,
        "calls": 190,
        "cpu_us": 206542,
        "self_cpu_us": 206542,
        "max_cpu_us": 1913,
        "wall_us": 210178,
        "self_wall_us": 210178,
        "max_wall_us": 3038
      },
      {
        "id": 8,
        "calls": 13180,
        "cpu_us": 73175,
        "self_cpu_us": 73175,
        "max_cpu_us": 86,
        "wall_us": 73986,
        "self_wall_us": 73986,
        "max_wall_us": 381
      },
      {
        "id": 9,
        "calls": 18220,
        "cpu_us": 75036,
        "self_cpu_us": 75036,
        "max_cpu_us": 97,
        "wall_us": 81007,
        "self_wall_us": 81007,
        "max_wall_us": 1046
      },
      {
        "id": 10,
        "calls": 18450,
        "cpu_us": 346688,
        "self_cpu_us": 346688,
        "max_cpu_us": 109,
        "wall_us": 352142,
        "self_wall_us": 352142,
        "max_wall_us": 1072
      },
      {
        "id": 11,
        "calls": 350,
        "cpu_us": 3604,
        "self_cpu_us": 3604,
        "max_cpu_us": 22,
        "wall_us": 3604,
        "self_wall_us": 3604,
        "max_wall_us": 22
      },
      {
        "id": 12,
        "calls": 5470,
        "cpu_us": 11337,
        "self_cpu_us": 11337,
        "max_cpu_us": 14,
        "wall_us": 11337,
        "self_wall_us": 11337,
        "max_wall_us": 14
      },
      {
        "id": 13,
        "calls": 9100,
        "cpu_us": 18117,
        "self_cpu_us": 18117,
        "max_cpu_us": 27,
        "wall_us": 20541,
        "self_wall_us": 20541,
        "max_wall_us": 1032
      }
    ]
  },
  "comparison": [
    {
      "name": "mono-12",
      "id": 0,
      "packets": 120,
      "samples": 115200,
      "wall_us": 887224,
      "task_us": 875802,
      "max_wall_us": 9795,
      "pcm_hash": 898651720,
      "scratch_bytes": 1808,
      "scratch_words": 14112,
      "min_dram": 9208,
      "stack_free_lifetime": 1260,
      "error": 0,
      "audio_duration_us": 2400000,
      "task_budget_percent": 36.491749999999996,
      "wall_budget_percent": 36.967666666666666,
      "task_budget_minus_empty_estimate_percent": 36.26175
    },
    {
      "name": "mono-24",
      "id": 1,
      "packets": 120,
      "samples": 115200,
      "wall_us": 1818615,
      "task_us": 1782209,
      "max_wall_us": 18708,
      "pcm_hash": 3216561658,
      "scratch_bytes": 2904,
      "scratch_words": 15600,
      "min_dram": 9208,
      "stack_free_lifetime": 1260,
      "error": 0,
      "audio_duration_us": 2400000,
      "task_budget_percent": 74.25870833333333,
      "wall_budget_percent": 75.775625,
      "task_budget_minus_empty_estimate_percent": 74.02870833333333
    },
    {
      "name": "stereo-64",
      "id": 2,
      "packets": 120,
      "samples": 115200,
      "wall_us": 2361020,
      "task_us": 2320037,
      "max_wall_us": 22913,
      "pcm_hash": 2337883435,
      "scratch_bytes": 5488,
      "scratch_words": 15600,
      "min_dram": 9208,
      "stack_free_lifetime": 1260,
      "error": 0,
      "audio_duration_us": 2400000,
      "task_budget_percent": 96.66820833333333,
      "wall_budget_percent": 98.37583333333333,
      "task_budget_minus_empty_estimate_percent": 96.43820833333334
    },
    {
      "name": "stereo-128",
      "id": 3,
      "packets": 120,
      "samples": 115200,
      "wall_us": 3210108,
      "task_us": 3149767,
      "max_wall_us": 31318,
      "pcm_hash": 1528306318,
      "scratch_bytes": 5488,
      "scratch_words": 15600,
      "min_dram": 9560,
      "stack_free_lifetime": 1260,
      "error": 0,
      "audio_duration_us": 2400000,
      "task_budget_percent": 131.24029166666665,
      "wall_budget_percent": 133.75449999999998,
      "task_budget_minus_empty_estimate_percent": 131.01029166666666
    },
    {
      "name": "stereo-192",
      "id": 4,
      "packets": 120,
      "samples": 115200,
      "wall_us": 4133227,
      "task_us": 4056426,
      "max_wall_us": 38193,
      "pcm_hash": 1717014079,
      "scratch_bytes": 5488,
      "scratch_words": 15600,
      "min_dram": 9560,
      "stack_free_lifetime": 1260,
      "error": 0,
      "audio_duration_us": 2400000,
      "task_budget_percent": 169.01775,
      "wall_budget_percent": 172.21779166666664,
      "task_budget_minus_empty_estimate_percent": 168.78775000000002
    }
  ]
}
