PROGRESS 2/0/0 error 0
PROGRESS 3/4/10 error 0
{
  "final": {
    "run": 5,
    "state": 3,
    "case": 4,
    "round": 10,
    "rounds": 10,
    "dram_before": 25520,
    "dram_after": 26612,
    "state_bytes": 6582,
    "empty_task_us": 48,
    "error": 0,
    "physical_output": false,
    "results": [
      {
        "id": 0,
        "packets": 120,
        "samples": 115200,
        "wall_us": 894533,
        "task_us": 876939,
        "max_wall_us": 12091,
        "pcm_hash": 898651720,
        "scratch_bytes": 1808,
        "scratch_words": 14112,
        "min_dram": 8620,
        "stack_free_lifetime": 1260,
        "error": 0
      },
      {
        "id": 1,
        "packets": 120,
        "samples": 115200,
        "wall_us": 1816832,
        "task_us": 1782345,
        "max_wall_us": 18092,
        "pcm_hash": 3216561658,
        "scratch_bytes": 2904,
        "scratch_words": 15600,
        "min_dram": 9208,
        "stack_free_lifetime": 1260,
        "error": 0
      },
      {
        "id": 2,
        "packets": 120,
        "samples": 115200,
        "wall_us": 2363211,
        "task_us": 2320681,
        "max_wall_us": 22982,
        "pcm_hash": 2337883435,
        "scratch_bytes": 5488,
        "scratch_words": 15600,
        "min_dram": 9208,
        "stack_free_lifetime": 1260,
        "error": 0
      },
      {
        "id": 3,
        "packets": 120,
        "samples": 115200,
        "wall_us": 3222633,
        "task_us": 3152855,
        "max_wall_us": 30267,
        "pcm_hash": 1528306318,
        "scratch_bytes": 5488,
        "scratch_words": 15600,
        "min_dram": 9560,
        "stack_free_lifetime": 1260,
        "error": 0
      },
      {
        "id": 4,
        "packets": 120,
        "samples": 115200,
        "wall_us": 4132360,
        "task_us": 4057048,
        "max_wall_us": 37776,
        "pcm_hash": 1717014079,
        "scratch_bytes": 5488,
        "scratch_words": 15600,
        "min_dram": 9560,
        "stack_free_lifetime": 1260,
        "error": 0
      }
    ],
    "function_case": 4,
    "function_error": 0,
    "function_clock_hz": 1000000,
    "function_clock_min_us": 1,
    "function_clock_max_us": 4,
    "functions": [
      {
        "id": 0,
        "calls": 120,
        "cpu_us": 4043712,
        "self_cpu_us": 516909,
        "max_cpu_us": 35506,
        "wall_us": 4127931,
        "self_wall_us": 539913,
        "max_wall_us": 37738
      },
      {
        "id": 1,
        "calls": 0,
        "cpu_us": 0,
        "self_cpu_us": 0,
        "max_cpu_us": 0,
        "wall_us": 0,
        "self_wall_us": 0,
        "max_wall_us": 0
      },
      {
        "id": 2,
        "calls": 120,
        "cpu_us": 3123178,
        "self_cpu_us": 1536800,
        "max_cpu_us": 27511,
        "wall_us": 3167472,
        "self_wall_us": 1557543,
        "max_wall_us": 28956
      },
      {
        "id": 3,
        "calls": 16480,
        "cpu_us": 1427093,
        "self_cpu_us": 445381,
        "max_cpu_us": 277,
        "wall_us": 1445861,
        "self_wall_us": 449916,
        "max_wall_us": 1193
      },
      {
        "id": 4,
        "calls": 16480,
        "cpu_us": 981712,
        "self_cpu_us": 672393,
        "max_cpu_us": 181,
        "wall_us": 995945,
        "self_wall_us": 684403,
        "max_wall_us": 1150
      },
      {
        "id": 5,
        "calls": 310,
        "cpu_us": 4278,
        "self_cpu_us": 4278,
        "max_cpu_us": 36,
        "wall_us": 4278,
        "self_wall_us": 4278,
        "max_wall_us": 36
      },
      {
        "id": 6,
        "calls": 190,
        "cpu_us": 340312,
        "self_cpu_us": 133858,
        "max_cpu_us": 3031,
        "wall_us": 345860,
        "self_wall_us": 136055,
        "max_wall_us": 3980
      },
      {
        "id": 7,
        "calls": 190,
        "cpu_us": 206454,
        "self_cpu_us": 206454,
        "max_cpu_us": 1847,
        "wall_us": 209805,
        "self_wall_us": 209805,
        "max_wall_us": 2795
      },
      {
        "id": 8,
        "calls": 13180,
        "cpu_us": 72896,
        "self_cpu_us": 72896,
        "max_cpu_us": 89,
        "wall_us": 73806,
        "self_wall_us": 73806,
        "max_wall_us": 360
      },
      {
        "id": 9,
        "calls": 18220,
        "cpu_us": 75184,
        "self_cpu_us": 75184,
        "max_cpu_us": 103,
        "wall_us": 80112,
        "self_wall_us": 80112,
        "max_wall_us": 1066
      },
      {
        "id": 10,
        "calls": 18450,
        "cpu_us": 346553,
        "self_cpu_us": 346553,
        "max_cpu_us": 107,
        "wall_us": 353697,
        "self_wall_us": 353697,
        "max_wall_us": 1071
      },
      {
        "id": 11,
        "calls": 350,
        "cpu_us": 3628,
        "self_cpu_us": 3628,
        "max_cpu_us": 22,
        "wall_us": 3628,
        "self_wall_us": 3628,
        "max_wall_us": 22
      },
      {
        "id": 12,
        "calls": 5470,
        "cpu_us": 11275,
        "self_cpu_us": 11275,
        "max_cpu_us": 18,
        "wall_us": 11275,
        "self_wall_us": 11275,
        "max_wall_us": 18
      },
      {
        "id": 13,
        "calls": 9100,
        "cpu_us": 18103,
        "self_cpu_us": 18103,
        "max_cpu_us": 31,
        "wall_us": 23500,
        "self_wall_us": 23500,
        "max_wall_us": 1081
      }
    ]
  },
  "comparison": [
    {
      "name": "mono-12",
      "id": 0,
      "packets": 120,
      "samples": 115200,
      "wall_us": 894533,
      "task_us": 876939,
      "max_wall_us": 12091,
      "pcm_hash": 898651720,
      "scratch_bytes": 1808,
      "scratch_words": 14112,
      "min_dram": 8620,
      "stack_free_lifetime": 1260,
      "error": 0,
      "audio_duration_us": 2400000,
      "task_budget_percent": 36.539125,
      "wall_budget_percent": 37.27220833333333,
      "task_budget_minus_empty_estimate_percent": 36.299125
    },
    {
      "name": "mono-24",
      "id": 1,
      "packets": 120,
      "samples": 115200,
      "wall_us": 1816832,
      "task_us": 1782345,
      "max_wall_us": 18092,
      "pcm_hash": 3216561658,
      "scratch_bytes": 2904,
      "scratch_words": 15600,
      "min_dram": 9208,
      "stack_free_lifetime": 1260,
      "error": 0,
      "audio_duration_us": 2400000,
      "task_budget_percent": 74.264375,
      "wall_budget_percent": 75.70133333333332,
      "task_budget_minus_empty_estimate_percent": 74.024375
    },
    {
      "name": "stereo-64",
      "id": 2,
      "packets": 120,
      "samples": 115200,
      "wall_us": 2363211,
      "task_us": 2320681,
      "max_wall_us": 22982,
      "pcm_hash": 2337883435,
      "scratch_bytes": 5488,
      "scratch_words": 15600,
      "min_dram": 9208,
      "stack_free_lifetime": 1260,
      "error": 0,
      "audio_duration_us": 2400000,
      "task_budget_percent": 96.69504166666665,
      "wall_budget_percent": 98.467125,
      "task_budget_minus_empty_estimate_percent": 96.45504166666666
    },
    {
      "name": "stereo-128",
      "id": 3,
      "packets": 120,
      "samples": 115200,
      "wall_us": 3222633,
      "task_us": 3152855,
      "max_wall_us": 30267,
      "pcm_hash": 1528306318,
      "scratch_bytes": 5488,
      "scratch_words": 15600,
      "min_dram": 9560,
      "stack_free_lifetime": 1260,
      "error": 0,
      "audio_duration_us": 2400000,
      "task_budget_percent": 131.36895833333332,
      "wall_budget_percent": 134.27637499999997,
      "task_budget_minus_empty_estimate_percent": 131.12895833333334
    },
    {
      "name": "stereo-192",
      "id": 4,
      "packets": 120,
      "samples": 115200,
      "wall_us": 4132360,
      "task_us": 4057048,
      "max_wall_us": 37776,
      "pcm_hash": 1717014079,
      "scratch_bytes": 5488,
      "scratch_words": 15600,
      "min_dram": 9560,
      "stack_free_lifetime": 1260,
      "error": 0,
      "audio_duration_us": 2400000,
      "task_budget_percent": 169.04366666666667,
      "wall_budget_percent": 172.18166666666667,
      "task_budget_minus_empty_estimate_percent": 168.80366666666666
    }
  ]
}
