PROGRESS 2/0/0 error 0
PROGRESS 3/4/10 error 0
{
  "final": {
    "run": 7,
    "state": 3,
    "case": 4,
    "round": 10,
    "rounds": 10,
    "dram_before": 25512,
    "dram_after": 26612,
    "state_bytes": 6582,
    "empty_task_us": 41,
    "error": 0,
    "physical_output": false,
    "results": [
      {
        "id": 0,
        "packets": 120,
        "samples": 115200,
        "wall_us": 891335,
        "task_us": 876622,
        "max_wall_us": 10574,
        "pcm_hash": 898651720,
        "scratch_bytes": 1808,
        "scratch_words": 14112,
        "min_dram": 7936,
        "stack_free_lifetime": 1260,
        "error": 0
      },
      {
        "id": 1,
        "packets": 120,
        "samples": 115200,
        "wall_us": 1813830,
        "task_us": 1780861,
        "max_wall_us": 18019,
        "pcm_hash": 3216561658,
        "scratch_bytes": 2904,
        "scratch_words": 15600,
        "min_dram": 9208,
        "stack_free_lifetime": 1260,
        "error": 0
      },
      {
        "id": 2,
        "packets": 120,
        "samples": 115200,
        "wall_us": 2367281,
        "task_us": 2321618,
        "max_wall_us": 22584,
        "pcm_hash": 2337883435,
        "scratch_bytes": 5488,
        "scratch_words": 15600,
        "min_dram": 9208,
        "stack_free_lifetime": 1260,
        "error": 0
      },
      {
        "id": 3,
        "packets": 120,
        "samples": 115200,
        "wall_us": 3210027,
        "task_us": 3151105,
        "max_wall_us": 30398,
        "pcm_hash": 1528306318,
        "scratch_bytes": 5488,
        "scratch_words": 15600,
        "min_dram": 9560,
        "stack_free_lifetime": 1260,
        "error": 0
      },
      {
        "id": 4,
        "packets": 120,
        "samples": 115200,
        "wall_us": 4140153,
        "task_us": 4060079,
        "max_wall_us": 39148,
        "pcm_hash": 1717014079,
        "scratch_bytes": 5488,
        "scratch_words": 15600,
        "min_dram": 9560,
        "stack_free_lifetime": 1260,
        "error": 0
      }
    ],
    "function_case": 4,
    "function_error": 0,
    "function_clock_hz": 1000000,
    "function_clock_min_us": 1,
    "function_clock_max_us": 4,
    "functions": [
      {
        "id": 0,
        "calls": 120,
        "cpu_us": 4046785,
        "self_cpu_us": 517078,
        "max_cpu_us": 35639,
        "wall_us": 4136051,
        "self_wall_us": 543089,
        "max_wall_us": 39111
      },
      {
        "id": 1,
        "calls": 0,
        "cpu_us": 0,
        "self_cpu_us": 0,
        "max_cpu_us": 0,
        "wall_us": 0,
        "self_wall_us": 0,
        "max_wall_us": 0
      },
      {
        "id": 2,
        "calls": 120,
        "cpu_us": 3125900,
        "self_cpu_us": 1538750,
        "max_cpu_us": 27685,
        "wall_us": 3176310,
        "self_wall_us": 1565406,
        "max_wall_us": 29736
      },
      {
        "id": 3,
        "calls": 16480,
        "cpu_us": 1428010,
        "self_cpu_us": 445979,
        "max_cpu_us": 272,
        "wall_us": 1451173,
        "self_wall_us": 451632,
        "max_wall_us": 1325
      },
      {
        "id": 4,
        "calls": 16480,
        "cpu_us": 982031,
        "self_cpu_us": 671929,
        "max_cpu_us": 207,
        "wall_us": 999541,
        "self_wall_us": 681185,
        "max_wall_us": 1147
      },
      {
        "id": 5,
        "calls": 310,
        "cpu_us": 4257,
        "self_cpu_us": 4257,
        "max_cpu_us": 36,
        "wall_us": 4257,
        "self_wall_us": 4257,
        "max_wall_us": 36
      },
      {
        "id": 6,
        "calls": 190,
        "cpu_us": 340461,
        "self_cpu_us": 134114,
        "max_cpu_us": 3102,
        "wall_us": 346090,
        "self_wall_us": 137507,
        "max_wall_us": 4056
      },
      {
        "id": 7,
        "calls": 190,
        "cpu_us": 206347,
        "self_cpu_us": 206347,
        "max_cpu_us": 1921,
        "wall_us": 208583,
        "self_wall_us": 208583,
        "max_wall_us": 2875
      },
      {
        "id": 8,
        "calls": 13180,
        "cpu_us": 73034,
        "self_cpu_us": 73034,
        "max_cpu_us": 20,
        "wall_us": 73034,
        "self_wall_us": 73034,
        "max_wall_us": 20
      },
      {
        "id": 9,
        "calls": 18220,
        "cpu_us": 75248,
        "self_cpu_us": 75248,
        "max_cpu_us": 94,
        "wall_us": 79472,
        "self_wall_us": 79472,
        "max_wall_us": 1034
      },
      {
        "id": 10,
        "calls": 18450,
        "cpu_us": 346981,
        "self_cpu_us": 346981,
        "max_cpu_us": 114,
        "wall_us": 355235,
        "self_wall_us": 355235,
        "max_wall_us": 1067
      },
      {
        "id": 11,
        "calls": 350,
        "cpu_us": 3638,
        "self_cpu_us": 3638,
        "max_cpu_us": 21,
        "wall_us": 3638,
        "self_wall_us": 3638,
        "max_wall_us": 21
      },
      {
        "id": 12,
        "calls": 5470,
        "cpu_us": 11316,
        "self_cpu_us": 11316,
        "max_cpu_us": 17,
        "wall_us": 11387,
        "self_wall_us": 11387,
        "max_wall_us": 78
      },
      {
        "id": 13,
        "calls": 9100,
        "cpu_us": 18114,
        "self_cpu_us": 18114,
        "max_cpu_us": 73,
        "wall_us": 21626,
        "self_wall_us": 21626,
        "max_wall_us": 1093
      }
    ]
  },
  "comparison": [
    {
      "name": "mono-12",
      "id": 0,
      "packets": 120,
      "samples": 115200,
      "wall_us": 891335,
      "task_us": 876622,
      "max_wall_us": 10574,
      "pcm_hash": 898651720,
      "scratch_bytes": 1808,
      "scratch_words": 14112,
      "min_dram": 7936,
      "stack_free_lifetime": 1260,
      "error": 0,
      "audio_duration_us": 2400000,
      "task_budget_percent": 36.52591666666666,
      "wall_budget_percent": 37.138958333333335,
      "task_budget_minus_empty_estimate_percent": 36.32091666666666
    },
    {
      "name": "mono-24",
      "id": 1,
      "packets": 120,
      "samples": 115200,
      "wall_us": 1813830,
      "task_us": 1780861,
      "max_wall_us": 18019,
      "pcm_hash": 3216561658,
      "scratch_bytes": 2904,
      "scratch_words": 15600,
      "min_dram": 9208,
      "stack_free_lifetime": 1260,
      "error": 0,
      "audio_duration_us": 2400000,
      "task_budget_percent": 74.20254166666666,
      "wall_budget_percent": 75.57625,
      "task_budget_minus_empty_estimate_percent": 73.99754166666666
    },
    {
      "name": "stereo-64",
      "id": 2,
      "packets": 120,
      "samples": 115200,
      "wall_us": 2367281,
      "task_us": 2321618,
      "max_wall_us": 22584,
      "pcm_hash": 2337883435,
      "scratch_bytes": 5488,
      "scratch_words": 15600,
      "min_dram": 9208,
      "stack_free_lifetime": 1260,
      "error": 0,
      "audio_duration_us": 2400000,
      "task_budget_percent": 96.73408333333333,
      "wall_budget_percent": 98.63670833333332,
      "task_budget_minus_empty_estimate_percent": 96.52908333333333
    },
    {
      "name": "stereo-128",
      "id": 3,
      "packets": 120,
      "samples": 115200,
      "wall_us": 3210027,
      "task_us": 3151105,
      "max_wall_us": 30398,
      "pcm_hash": 1528306318,
      "scratch_bytes": 5488,
      "scratch_words": 15600,
      "min_dram": 9560,
      "stack_free_lifetime": 1260,
      "error": 0,
      "audio_duration_us": 2400000,
      "task_budget_percent": 131.29604166666667,
      "wall_budget_percent": 133.751125,
      "task_budget_minus_empty_estimate_percent": 131.09104166666665
    },
    {
      "name": "stereo-192",
      "id": 4,
      "packets": 120,
      "samples": 115200,
      "wall_us": 4140153,
      "task_us": 4060079,
      "max_wall_us": 39148,
      "pcm_hash": 1717014079,
      "scratch_bytes": 5488,
      "scratch_words": 15600,
      "min_dram": 9560,
      "stack_free_lifetime": 1260,
      "error": 0,
      "audio_duration_us": 2400000,
      "task_budget_percent": 169.16995833333334,
      "wall_budget_percent": 172.506375,
      "task_budget_minus_empty_estimate_percent": 168.96495833333333
    }
  ]
}
