PROGRESS 2/0/0 error 0
PROGRESS 3/4/10 error 0
{
  "final": {
    "run": 9,
    "state": 3,
    "case": 4,
    "round": 10,
    "rounds": 10,
    "dram_before": 25520,
    "dram_after": 26612,
    "state_bytes": 6582,
    "empty_task_us": 45,
    "error": 0,
    "physical_output": false,
    "results": [
      {
        "id": 0,
        "packets": 120,
        "samples": 115200,
        "wall_us": 887509,
        "task_us": 876426,
        "max_wall_us": 9546,
        "pcm_hash": 898651720,
        "scratch_bytes": 1808,
        "scratch_words": 14112,
        "min_dram": 8620,
        "stack_free_lifetime": 1260,
        "error": 0
      },
      {
        "id": 1,
        "packets": 120,
        "samples": 115200,
        "wall_us": 1817062,
        "task_us": 1782682,
        "max_wall_us": 17523,
        "pcm_hash": 3216561658,
        "scratch_bytes": 2904,
        "scratch_words": 15600,
        "min_dram": 9208,
        "stack_free_lifetime": 1260,
        "error": 0
      },
      {
        "id": 2,
        "packets": 120,
        "samples": 115200,
        "wall_us": 2356863,
        "task_us": 2320265,
        "max_wall_us": 22995,
        "pcm_hash": 2337883435,
        "scratch_bytes": 5488,
        "scratch_words": 15600,
        "min_dram": 9208,
        "stack_free_lifetime": 1260,
        "error": 0
      },
      {
        "id": 3,
        "packets": 120,
        "samples": 115200,
        "wall_us": 3216145,
        "task_us": 3150553,
        "max_wall_us": 29933,
        "pcm_hash": 1528306318,
        "scratch_bytes": 5488,
        "scratch_words": 15600,
        "min_dram": 9560,
        "stack_free_lifetime": 1260,
        "error": 0
      },
      {
        "id": 4,
        "packets": 120,
        "samples": 115200,
        "wall_us": 4131032,
        "task_us": 4056998,
        "max_wall_us": 38064,
        "pcm_hash": 1717014079,
        "scratch_bytes": 5488,
        "scratch_words": 15600,
        "min_dram": 9844,
        "stack_free_lifetime": 1260,
        "error": 0
      }
    ],
    "function_case": 4,
    "function_error": 0,
    "function_clock_hz": 1000000,
    "function_clock_min_us": 1,
    "function_clock_max_us": 3,
    "functions": [
      {
        "id": 0,
        "calls": 120,
        "cpu_us": 4043633,
        "self_cpu_us": 516823,
        "max_cpu_us": 35724,
        "wall_us": 4126901,
        "self_wall_us": 544829,
        "max_wall_us": 38029
      },
      {
        "id": 1,
        "calls": 0,
        "cpu_us": 0,
        "self_cpu_us": 0,
        "max_cpu_us": 0,
        "wall_us": 0,
        "self_wall_us": 0,
        "max_wall_us": 0
      },
      {
        "id": 2,
        "calls": 120,
        "cpu_us": 3123241,
        "self_cpu_us": 1536194,
        "max_cpu_us": 27763,
        "wall_us": 3166009,
        "self_wall_us": 1553393,
        "max_wall_us": 29287
      },
      {
        "id": 3,
        "calls": 16480,
        "cpu_us": 1427775,
        "self_cpu_us": 445862,
        "max_cpu_us": 279,
        "wall_us": 1450921,
        "self_wall_us": 451947,
        "max_wall_us": 1350
      },
      {
        "id": 4,
        "calls": 16480,
        "cpu_us": 981913,
        "self_cpu_us": 672446,
        "max_cpu_us": 190,
        "wall_us": 998974,
        "self_wall_us": 685350,
        "max_wall_us": 1294
      },
      {
        "id": 5,
        "calls": 310,
        "cpu_us": 4264,
        "self_cpu_us": 4264,
        "max_cpu_us": 34,
        "wall_us": 4264,
        "self_wall_us": 4264,
        "max_wall_us": 34
      },
      {
        "id": 6,
        "calls": 190,
        "cpu_us": 340018,
        "self_cpu_us": 133558,
        "max_cpu_us": 3092,
        "wall_us": 344277,
        "self_wall_us": 134739,
        "max_wall_us": 4284
      },
      {
        "id": 7,
        "calls": 190,
        "cpu_us": 206460,
        "self_cpu_us": 206460,
        "max_cpu_us": 1866,
        "wall_us": 209538,
        "self_wall_us": 209538,
        "max_wall_us": 2820
      },
      {
        "id": 8,
        "calls": 13180,
        "cpu_us": 72930,
        "self_cpu_us": 72930,
        "max_cpu_us": 81,
        "wall_us": 73208,
        "self_wall_us": 73208,
        "max_wall_us": 359
      },
      {
        "id": 9,
        "calls": 18220,
        "cpu_us": 75185,
        "self_cpu_us": 75185,
        "max_cpu_us": 26,
        "wall_us": 77581,
        "self_wall_us": 77581,
        "max_wall_us": 1030
      },
      {
        "id": 10,
        "calls": 18450,
        "cpu_us": 346627,
        "self_cpu_us": 346627,
        "max_cpu_us": 110,
        "wall_us": 354940,
        "self_wall_us": 354940,
        "max_wall_us": 1074
      },
      {
        "id": 11,
        "calls": 350,
        "cpu_us": 3668,
        "self_cpu_us": 3668,
        "max_cpu_us": 23,
        "wall_us": 3668,
        "self_wall_us": 3668,
        "max_wall_us": 23
      },
      {
        "id": 12,
        "calls": 5470,
        "cpu_us": 11347,
        "self_cpu_us": 11347,
        "max_cpu_us": 26,
        "wall_us": 12353,
        "self_wall_us": 12353,
        "max_wall_us": 1032
      },
      {
        "id": 13,
        "calls": 9100,
        "cpu_us": 18269,
        "self_cpu_us": 18269,
        "max_cpu_us": 94,
        "wall_us": 21091,
        "self_wall_us": 21091,
        "max_wall_us": 1580
      }
    ]
  },
  "comparison": [
    {
      "name": "mono-12",
      "id": 0,
      "packets": 120,
      "samples": 115200,
      "wall_us": 887509,
      "task_us": 876426,
      "max_wall_us": 9546,
      "pcm_hash": 898651720,
      "scratch_bytes": 1808,
      "scratch_words": 14112,
      "min_dram": 8620,
      "stack_free_lifetime": 1260,
      "error": 0,
      "audio_duration_us": 2400000,
      "task_budget_percent": 36.51775,
      "wall_budget_percent": 36.97954166666667,
      "task_budget_minus_empty_estimate_percent": 36.29275
    },
    {
      "name": "mono-24",
      "id": 1,
      "packets": 120,
      "samples": 115200,
      "wall_us": 1817062,
      "task_us": 1782682,
      "max_wall_us": 17523,
      "pcm_hash": 3216561658,
      "scratch_bytes": 2904,
      "scratch_words": 15600,
      "min_dram": 9208,
      "stack_free_lifetime": 1260,
      "error": 0,
      "audio_duration_us": 2400000,
      "task_budget_percent": 74.27841666666666,
      "wall_budget_percent": 75.71091666666666,
      "task_budget_minus_empty_estimate_percent": 74.05341666666666
    },
    {
      "name": "stereo-64",
      "id": 2,
      "packets": 120,
      "samples": 115200,
      "wall_us": 2356863,
      "task_us": 2320265,
      "max_wall_us": 22995,
      "pcm_hash": 2337883435,
      "scratch_bytes": 5488,
      "scratch_words": 15600,
      "min_dram": 9208,
      "stack_free_lifetime": 1260,
      "error": 0,
      "audio_duration_us": 2400000,
      "task_budget_percent": 96.67770833333333,
      "wall_budget_percent": 98.202625,
      "task_budget_minus_empty_estimate_percent": 96.45270833333333
    },
    {
      "name": "stereo-128",
      "id": 3,
      "packets": 120,
      "samples": 115200,
      "wall_us": 3216145,
      "task_us": 3150553,
      "max_wall_us": 29933,
      "pcm_hash": 1528306318,
      "scratch_bytes": 5488,
      "scratch_words": 15600,
      "min_dram": 9560,
      "stack_free_lifetime": 1260,
      "error": 0,
      "audio_duration_us": 2400000,
      "task_budget_percent": 131.27304166666664,
      "wall_budget_percent": 134.00604166666668,
      "task_budget_minus_empty_estimate_percent": 131.04804166666668
    },
    {
      "name": "stereo-192",
      "id": 4,
      "packets": 120,
      "samples": 115200,
      "wall_us": 4131032,
      "task_us": 4056998,
      "max_wall_us": 38064,
      "pcm_hash": 1717014079,
      "scratch_bytes": 5488,
      "scratch_words": 15600,
      "min_dram": 9844,
      "stack_free_lifetime": 1260,
      "error": 0,
      "audio_duration_us": 2400000,
      "task_budget_percent": 169.0415833333333,
      "wall_budget_percent": 172.12633333333332,
      "task_budget_minus_empty_estimate_percent": 168.8165833333333
    }
  ]
}
