TAP version 13
# Subtest: compiler command parser does not invoke a shell and keeps quoted definitions
ok 1 - compiler command parser does not invoke a shell and keeps quoted definitions
  ---
  duration_ms: 2.7876
  type: 'test'
  ...
# Subtest: full ASM snapshot covers every upstream unit and both variants verify
ok 2 - full ASM snapshot covers every upstream unit and both variants verify
  ---
  duration_ms: 160.7402
  type: 'test'
  ...
# Subtest: annotations preserve comments and describe the function ABI
ok 3 - annotations preserve comments and describe the function ABI
  ---
  duration_ms: 0.582
  type: 'test'
  ...
# Subtest: stale source hashes and a different exported feature set fail closed
ok 4 - stale source hashes and a different exported feature set fail closed
  ---
  duration_ms: 7.7685
  type: 'test'
  ...
# Subtest: ASM backend is opt-in, diagnostic only and ABI-incompatible features are rejected
ok 5 - ASM backend is opt-in, diagnostic only and ABI-incompatible features are rejected
  ---
  duration_ms: 0.3743
  type: 'test'
  ...
# Subtest: accepts smaller low-bitrate regressions when high-bitrate gains dominate
ok 6 - accepts smaller low-bitrate regressions when high-bitrate gains dominate
  ---
  duration_ms: 1.0366
  type: 'test'
  ...
# Subtest: rejects high-bitrate slowdown, dominant low-bitrate loss and realtime budget failure
ok 7 - rejects high-bitrate slowdown, dominant low-bitrate loss and realtime budget failure
  ---
  duration_ms: 0.7223
  type: 'test'
  ...
# Subtest: intensity overlay is one decoder-only early branch, not entropy removal
ok 8 - intensity overlay is one decoder-only early branch, not entropy removal
  ---
  duration_ms: 77.2759
  type: 'test'
  ...
# Subtest: early qn=1 preserves final qn across intensity/N/budget boundaries
ok 9 - early qn=1 preserves final qn across intensity/N/budget boundaries
  ---
  duration_ms: 6.4817
  type: 'test'
  ...
# Subtest: linked graph compares direct CALL0 and relocated indirect CALLX0 without hiding cost
ok 10 - linked graph compares direct CALL0 and relocated indirect CALLX0 without hiding cost
  ---
  duration_ms: 2.384
  type: 'test'
  ...
# Subtest: linked graph retains branch destinations, register operations and numeric literals
ok 11 - linked graph retains branch destinations, register operations and numeric literals
  ---
  duration_ms: 1.2828
  type: 'test'
  ...
# Subtest: CFG follows real targets, never decodes padding after J, rejects reachable garbage
ok 12 - CFG follows real targets, never decodes padding after J, rejects reachable garbage
  ---
  duration_ms: 5.7152
  type: 'test'
  ...
# Subtest: coefficients exactly match the original Xiph odd-divisor table
ok 13 - coefficients exactly match the original Xiph odd-divisor table
  ---
  duration_ms: 1.6289
  type: 'test'
  ...
# Subtest: helper CFG follows fallback branch over padding and rejects reachable garbage
ok 14 - helper CFG follows fallback branch over padding and rejects reachable garbage
  ---
  duration_ms: 6.2253
  type: 'test'
  ...
# Subtest: LX106 exact small division: boundaries, quotient edges and ABI
ok 15 - LX106 exact small division: boundaries, quotient edges and ABI
  ---
  duration_ms: 3874.341
  type: 'test'
  ...
# Subtest: large/zero divisors retain original args and tail-call libgcc
ok 16 - large/zero divisors retain original args and tail-call libgcc
  ---
  duration_ms: 0.4466
  type: 'test'
  ...
# Subtest: only rng/ft sites change; ext division and other functions stay intact
ok 17 - only rng/ft sites change; ext division and other functions stay intact
  ---
  duration_ms: 1.0258
  type: 'test'
  ...
# Subtest: macro arithmetic is the exact GCC leaf body without return
ok 18 - macro arithmetic is the exact GCC leaf body without return
  ---
  duration_ms: 1.6673
  type: 'test'
  ...
# Subtest: only four pinned quant_partition calls are expanded and baseline stays exact
ok 19 - only four pinned quant_partition calls are expanded and baseline stays exact
  ---
  duration_ms: 75.7141
  type: 'test'
  ...
# Subtest: actual macro preserves results and live registers at every normalized threshold
ok 20 - actual macro preserves results and live registers at every normalized threshold
  ---
  duration_ms: 206.8162
  type: 'test'
  ...
1..20
# tests 20
# suites 0
# pass 20
# fail 0
# cancelled 0
# skipped 0
# todo 0
# duration_ms 3998.8361
