PROGRESS 2/0/0 error 0
PROGRESS 2/1/4 error 0
PROGRESS 2/2/2 error 0
PROGRESS 2/3/0 error 0
PROGRESS 2/3/7 error 0
PROGRESS 2/4/3 error 0
PROGRESS 2/4/9 error 0
PROGRESS 3/4/10 error 0
{
  "final": {
    "run": 1,
    "state": 3,
    "case": 4,
    "round": 10,
    "rounds": 10,
    "dram_before": 25284,
    "dram_after": 25284,
    "state_bytes": 6582,
    "empty_task_us": 58,
    "error": 0,
    "physical_output": false,
    "results": [
      {
        "id": 0,
        "packets": 120,
        "samples": 115200,
        "wall_us": 548530,
        "task_us": 547945,
        "max_wall_us": 6802,
        "pcm_hash": 898651720,
        "scratch_bytes": 1808,
        "scratch_words": 14112,
        "min_dram": 9068,
        "stack_free_lifetime": 1636,
        "error": 0,
        "stage_ticks_lo": 0,
        "stage_ticks_hi": 0,
        "stage_calls": 0,
        "stage_max_ticks": 0
      },
      {
        "id": 1,
        "packets": 120,
        "samples": 115200,
        "wall_us": 1397111,
        "task_us": 1324341,
        "max_wall_us": 48594,
        "pcm_hash": 3216561658,
        "scratch_bytes": 2904,
        "scratch_words": 15600,
        "min_dram": 8208,
        "stack_free_lifetime": 1556,
        "error": 0,
        "stage_ticks_lo": 164157,
        "stage_ticks_hi": 0,
        "stage_calls": 120,
        "stage_max_ticks": 6379
      },
      {
        "id": 2,
        "packets": 120,
        "samples": 115200,
        "wall_us": 1668892,
        "task_us": 1592282,
        "max_wall_us": 55623,
        "pcm_hash": 2337883435,
        "scratch_bytes": 5488,
        "scratch_words": 15600,
        "min_dram": 8716,
        "stack_free_lifetime": 1556,
        "error": 0,
        "stage_ticks_lo": 805640,
        "stage_ticks_hi": 0,
        "stage_calls": 120,
        "stage_max_ticks": 31616
      },
      {
        "id": 3,
        "packets": 120,
        "samples": 115200,
        "wall_us": 1980309,
        "task_us": 1893296,
        "max_wall_us": 76619,
        "pcm_hash": 1528306318,
        "scratch_bytes": 5488,
        "scratch_words": 15600,
        "min_dram": 8540,
        "stack_free_lifetime": 1556,
        "error": 0,
        "stage_ticks_lo": 1124402,
        "stage_ticks_hi": 0,
        "stage_calls": 120,
        "stage_max_ticks": 54072
      },
      {
        "id": 4,
        "packets": 120,
        "samples": 115200,
        "wall_us": 2324164,
        "task_us": 2164352,
        "max_wall_us": 83203,
        "pcm_hash": 1717014079,
        "scratch_bytes": 5488,
        "scratch_words": 15600,
        "min_dram": 8672,
        "stack_free_lifetime": 1556,
        "error": 0,
        "stage_ticks_lo": 1449492,
        "stage_ticks_hi": 0,
        "stage_calls": 120,
        "stage_max_ticks": 70373
      }
    ],
    "profile_stage": 8,
    "stage_clock_hz": 1000000,
    "clock_pair_ticks_min": 1,
    "clock_pair_ticks_max": 11
  },
  "comparison": [
    {
      "name": "mono-12",
      "id": 0,
      "packets": 120,
      "samples": 115200,
      "wall_us": 548530,
      "task_us": 547945,
      "max_wall_us": 6802,
      "pcm_hash": 898651720,
      "scratch_bytes": 1808,
      "scratch_words": 14112,
      "min_dram": 9068,
      "stack_free_lifetime": 1636,
      "error": 0,
      "stage_ticks_lo": 0,
      "stage_ticks_hi": 0,
      "stage_calls": 0,
      "stage_max_ticks": 0,
      "audio_duration_us": 2400000,
      "task_budget_percent": 22.831041666666668,
      "wall_budget_percent": 22.855416666666667,
      "stage": {
        "name": "CELT bands/PVQ",
        "wall_us": 0,
        "wall_percent_of_decode": 0,
        "max_wall_us": 0,
        "warning": "Inclusive wall ticks with interrupts/preemption, NOT exclusive task CPU; no overhead subtracted"
      },
      "task_budget_minus_empty_estimate_percent": 22.54104166666667
    },
    {
      "name": "mono-24",
      "id": 1,
      "packets": 120,
      "samples": 115200,
      "wall_us": 1397111,
      "task_us": 1324341,
      "max_wall_us": 48594,
      "pcm_hash": 3216561658,
      "scratch_bytes": 2904,
      "scratch_words": 15600,
      "min_dram": 8208,
      "stack_free_lifetime": 1556,
      "error": 0,
      "stage_ticks_lo": 164157,
      "stage_ticks_hi": 0,
      "stage_calls": 120,
      "stage_max_ticks": 6379,
      "audio_duration_us": 2400000,
      "task_budget_percent": 55.180875,
      "wall_budget_percent": 58.21295833333333,
      "stage": {
        "name": "CELT bands/PVQ",
        "wall_us": 164157,
        "wall_percent_of_decode": 11.749746441048707,
        "max_wall_us": 6379,
        "warning": "Inclusive wall ticks with interrupts/preemption, NOT exclusive task CPU; no overhead subtracted"
      },
      "task_budget_minus_empty_estimate_percent": 54.890875
    },
    {
      "name": "stereo-64",
      "id": 2,
      "packets": 120,
      "samples": 115200,
      "wall_us": 1668892,
      "task_us": 1592282,
      "max_wall_us": 55623,
      "pcm_hash": 2337883435,
      "scratch_bytes": 5488,
      "scratch_words": 15600,
      "min_dram": 8716,
      "stack_free_lifetime": 1556,
      "error": 0,
      "stage_ticks_lo": 805640,
      "stage_ticks_hi": 0,
      "stage_calls": 120,
      "stage_max_ticks": 31616,
      "audio_duration_us": 2400000,
      "task_budget_percent": 66.34508333333333,
      "wall_budget_percent": 69.53716666666666,
      "stage": {
        "name": "CELT bands/PVQ",
        "wall_us": 805640,
        "wall_percent_of_decode": 48.273944629131186,
        "max_wall_us": 31616,
        "warning": "Inclusive wall ticks with interrupts/preemption, NOT exclusive task CPU; no overhead subtracted"
      },
      "task_budget_minus_empty_estimate_percent": 66.05508333333333
    },
    {
      "name": "stereo-128",
      "id": 3,
      "packets": 120,
      "samples": 115200,
      "wall_us": 1980309,
      "task_us": 1893296,
      "max_wall_us": 76619,
      "pcm_hash": 1528306318,
      "scratch_bytes": 5488,
      "scratch_words": 15600,
      "min_dram": 8540,
      "stack_free_lifetime": 1556,
      "error": 0,
      "stage_ticks_lo": 1124402,
      "stage_ticks_hi": 0,
      "stage_calls": 120,
      "stage_max_ticks": 54072,
      "audio_duration_us": 2400000,
      "task_budget_percent": 78.88733333333333,
      "wall_budget_percent": 82.512875,
      "stage": {
        "name": "CELT bands/PVQ",
        "wall_us": 1124402,
        "wall_percent_of_decode": 56.77911881428605,
        "max_wall_us": 54072,
        "warning": "Inclusive wall ticks with interrupts/preemption, NOT exclusive task CPU; no overhead subtracted"
      },
      "task_budget_minus_empty_estimate_percent": 78.59733333333332
    },
    {
      "name": "stereo-192",
      "id": 4,
      "packets": 120,
      "samples": 115200,
      "wall_us": 2324164,
      "task_us": 2164352,
      "max_wall_us": 83203,
      "pcm_hash": 1717014079,
      "scratch_bytes": 5488,
      "scratch_words": 15600,
      "min_dram": 8672,
      "stack_free_lifetime": 1556,
      "error": 0,
      "stage_ticks_lo": 1449492,
      "stage_ticks_hi": 0,
      "stage_calls": 120,
      "stage_max_ticks": 70373,
      "audio_duration_us": 2400000,
      "task_budget_percent": 90.18133333333333,
      "wall_budget_percent": 96.84016666666666,
      "stage": {
        "name": "CELT bands/PVQ",
        "wall_us": 1449492,
        "wall_percent_of_decode": 62.36616693142136,
        "max_wall_us": 70373,
        "warning": "Inclusive wall ticks with interrupts/preemption, NOT exclusive task CPU; no overhead subtracted"
      },
      "task_budget_minus_empty_estimate_percent": 89.89133333333334
    }
  ]
}
