PROGRESS 2/0/0 error 0
PROGRESS 2/1/4 error 0
PROGRESS 2/2/3 error 0
PROGRESS 2/3/0 error 0
PROGRESS 2/3/7 error 0
PROGRESS 2/4/3 error 0
PROGRESS 2/4/9 error 0
PROGRESS 3/4/10 error 0
{
  "final": {
    "run": 5,
    "state": 3,
    "case": 4,
    "round": 10,
    "rounds": 10,
    "dram_before": 25440,
    "dram_after": 25452,
    "state_bytes": 6582,
    "empty_task_us": 62,
    "error": 0,
    "physical_output": false,
    "results": [
      {
        "id": 0,
        "packets": 120,
        "samples": 115200,
        "wall_us": 544885,
        "task_us": 547780,
        "max_wall_us": 6322,
        "pcm_hash": 898651720,
        "scratch_bytes": 1808,
        "scratch_words": 14112,
        "min_dram": 7856,
        "stack_free_lifetime": 1556,
        "error": 0,
        "stage_ticks_lo": 0,
        "stage_ticks_hi": 0,
        "stage_calls": 0,
        "stage_max_ticks": 0
      },
      {
        "id": 1,
        "packets": 120,
        "samples": 115200,
        "wall_us": 1394899,
        "task_us": 1323770,
        "max_wall_us": 43704,
        "pcm_hash": 3216561658,
        "scratch_bytes": 2904,
        "scratch_words": 15600,
        "min_dram": 9296,
        "stack_free_lifetime": 1556,
        "error": 0,
        "stage_ticks_lo": 163138,
        "stage_ticks_hi": 0,
        "stage_calls": 120,
        "stage_max_ticks": 5433
      },
      {
        "id": 2,
        "packets": 120,
        "samples": 115200,
        "wall_us": 1672572,
        "task_us": 1593368,
        "max_wall_us": 69453,
        "pcm_hash": 2337883435,
        "scratch_bytes": 5488,
        "scratch_words": 15600,
        "min_dram": 8716,
        "stack_free_lifetime": 1556,
        "error": 0,
        "stage_ticks_lo": 808835,
        "stage_ticks_hi": 0,
        "stage_calls": 120,
        "stage_max_ticks": 38774
      },
      {
        "id": 3,
        "packets": 120,
        "samples": 115200,
        "wall_us": 1977508,
        "task_us": 1892670,
        "max_wall_us": 60375,
        "pcm_hash": 1528306318,
        "scratch_bytes": 5488,
        "scratch_words": 15600,
        "min_dram": 8032,
        "stack_free_lifetime": 1556,
        "error": 0,
        "stage_ticks_lo": 1127191,
        "stage_ticks_hi": 0,
        "stage_calls": 120,
        "stage_max_ticks": 49532
      },
      {
        "id": 4,
        "packets": 120,
        "samples": 115200,
        "wall_us": 2313010,
        "task_us": 2161696,
        "max_wall_us": 87587,
        "pcm_hash": 1717014079,
        "scratch_bytes": 5488,
        "scratch_words": 15600,
        "min_dram": 8840,
        "stack_free_lifetime": 1556,
        "error": 0,
        "stage_ticks_lo": 1432198,
        "stage_ticks_hi": 0,
        "stage_calls": 120,
        "stage_max_ticks": 73668
      }
    ],
    "profile_stage": 8,
    "stage_clock_hz": 1000000,
    "clock_pair_ticks_min": 1,
    "clock_pair_ticks_max": 11
  },
  "comparison": [
    {
      "name": "mono-12",
      "id": 0,
      "packets": 120,
      "samples": 115200,
      "wall_us": 544885,
      "task_us": 547780,
      "max_wall_us": 6322,
      "pcm_hash": 898651720,
      "scratch_bytes": 1808,
      "scratch_words": 14112,
      "min_dram": 7856,
      "stack_free_lifetime": 1556,
      "error": 0,
      "stage_ticks_lo": 0,
      "stage_ticks_hi": 0,
      "stage_calls": 0,
      "stage_max_ticks": 0,
      "audio_duration_us": 2400000,
      "task_budget_percent": 22.824166666666667,
      "wall_budget_percent": 22.703541666666666,
      "stage": {
        "name": "CELT bands/PVQ",
        "wall_us": 0,
        "wall_percent_of_decode": 0,
        "max_wall_us": 0,
        "warning": "Inclusive wall ticks with interrupts/preemption, NOT exclusive task CPU; no overhead subtracted"
      },
      "task_budget_minus_empty_estimate_percent": 22.514166666666668
    },
    {
      "name": "mono-24",
      "id": 1,
      "packets": 120,
      "samples": 115200,
      "wall_us": 1394899,
      "task_us": 1323770,
      "max_wall_us": 43704,
      "pcm_hash": 3216561658,
      "scratch_bytes": 2904,
      "scratch_words": 15600,
      "min_dram": 9296,
      "stack_free_lifetime": 1556,
      "error": 0,
      "stage_ticks_lo": 163138,
      "stage_ticks_hi": 0,
      "stage_calls": 120,
      "stage_max_ticks": 5433,
      "audio_duration_us": 2400000,
      "task_budget_percent": 55.15708333333333,
      "wall_budget_percent": 58.12079166666667,
      "stage": {
        "name": "CELT bands/PVQ",
        "wall_us": 163138,
        "wall_percent_of_decode": 11.695327045183916,
        "max_wall_us": 5433,
        "warning": "Inclusive wall ticks with interrupts/preemption, NOT exclusive task CPU; no overhead subtracted"
      },
      "task_budget_minus_empty_estimate_percent": 54.84708333333333
    },
    {
      "name": "stereo-64",
      "id": 2,
      "packets": 120,
      "samples": 115200,
      "wall_us": 1672572,
      "task_us": 1593368,
      "max_wall_us": 69453,
      "pcm_hash": 2337883435,
      "scratch_bytes": 5488,
      "scratch_words": 15600,
      "min_dram": 8716,
      "stack_free_lifetime": 1556,
      "error": 0,
      "stage_ticks_lo": 808835,
      "stage_ticks_hi": 0,
      "stage_calls": 120,
      "stage_max_ticks": 38774,
      "audio_duration_us": 2400000,
      "task_budget_percent": 66.39033333333333,
      "wall_budget_percent": 69.6905,
      "stage": {
        "name": "CELT bands/PVQ",
        "wall_us": 808835,
        "wall_percent_of_decode": 48.35875525836855,
        "max_wall_us": 38774,
        "warning": "Inclusive wall ticks with interrupts/preemption, NOT exclusive task CPU; no overhead subtracted"
      },
      "task_budget_minus_empty_estimate_percent": 66.08033333333333
    },
    {
      "name": "stereo-128",
      "id": 3,
      "packets": 120,
      "samples": 115200,
      "wall_us": 1977508,
      "task_us": 1892670,
      "max_wall_us": 60375,
      "pcm_hash": 1528306318,
      "scratch_bytes": 5488,
      "scratch_words": 15600,
      "min_dram": 8032,
      "stack_free_lifetime": 1556,
      "error": 0,
      "stage_ticks_lo": 1127191,
      "stage_ticks_hi": 0,
      "stage_calls": 120,
      "stage_max_ticks": 49532,
      "audio_duration_us": 2400000,
      "task_budget_percent": 78.86125,
      "wall_budget_percent": 82.39616666666667,
      "stage": {
        "name": "CELT bands/PVQ",
        "wall_us": 1127191,
        "wall_percent_of_decode": 57.000578505877094,
        "max_wall_us": 49532,
        "warning": "Inclusive wall ticks with interrupts/preemption, NOT exclusive task CPU; no overhead subtracted"
      },
      "task_budget_minus_empty_estimate_percent": 78.55125
    },
    {
      "name": "stereo-192",
      "id": 4,
      "packets": 120,
      "samples": 115200,
      "wall_us": 2313010,
      "task_us": 2161696,
      "max_wall_us": 87587,
      "pcm_hash": 1717014079,
      "scratch_bytes": 5488,
      "scratch_words": 15600,
      "min_dram": 8840,
      "stack_free_lifetime": 1556,
      "error": 0,
      "stage_ticks_lo": 1432198,
      "stage_ticks_hi": 0,
      "stage_calls": 120,
      "stage_max_ticks": 73668,
      "audio_duration_us": 2400000,
      "task_budget_percent": 90.07066666666665,
      "wall_budget_percent": 96.37541666666667,
      "stage": {
        "name": "CELT bands/PVQ",
        "wall_us": 1432198,
        "wall_percent_of_decode": 61.91923078585912,
        "max_wall_us": 73668,
        "warning": "Inclusive wall ticks with interrupts/preemption, NOT exclusive task CPU; no overhead subtracted"
      },
      "task_budget_minus_empty_estimate_percent": 89.76066666666665
    }
  ]
}
