PROGRESS 2/0/0 error 0
PROGRESS 2/1/4 error 0
PROGRESS 2/2/3 error 0
PROGRESS 2/3/0 error 0
PROGRESS 2/3/7 error 0
PROGRESS 2/4/3 error 0
PROGRESS 2/4/9 error 0
PROGRESS 3/4/10 error 0
{
  "final": {
    "run": 9,
    "state": 3,
    "case": 4,
    "round": 10,
    "rounds": 10,
    "dram_before": 25268,
    "dram_after": 25280,
    "state_bytes": 6582,
    "empty_task_us": 64,
    "error": 0,
    "physical_output": false,
    "results": [
      {
        "id": 0,
        "packets": 120,
        "samples": 115200,
        "wall_us": 544954,
        "task_us": 546981,
        "max_wall_us": 6592,
        "pcm_hash": 898651720,
        "scratch_bytes": 1808,
        "scratch_words": 14112,
        "min_dram": 8772,
        "stack_free_lifetime": 1556,
        "error": 0,
        "stage_ticks_lo": 0,
        "stage_ticks_hi": 0,
        "stage_calls": 0,
        "stage_max_ticks": 0
      },
      {
        "id": 1,
        "packets": 120,
        "samples": 115200,
        "wall_us": 1397223,
        "task_us": 1323990,
        "max_wall_us": 49249,
        "pcm_hash": 3216561658,
        "scratch_bytes": 2904,
        "scratch_words": 15600,
        "min_dram": 8192,
        "stack_free_lifetime": 1556,
        "error": 0,
        "stage_ticks_lo": 171572,
        "stage_ticks_hi": 0,
        "stage_calls": 120,
        "stage_max_ticks": 9092
      },
      {
        "id": 2,
        "packets": 120,
        "samples": 115200,
        "wall_us": 1672267,
        "task_us": 1594892,
        "max_wall_us": 60836,
        "pcm_hash": 2337883435,
        "scratch_bytes": 5488,
        "scratch_words": 15600,
        "min_dram": 8192,
        "stack_free_lifetime": 1556,
        "error": 0,
        "stage_ticks_lo": 821736,
        "stage_ticks_hi": 0,
        "stage_calls": 120,
        "stage_max_ticks": 45412
      },
      {
        "id": 3,
        "packets": 120,
        "samples": 115200,
        "wall_us": 1980792,
        "task_us": 1892286,
        "max_wall_us": 56582,
        "pcm_hash": 1528306318,
        "scratch_bytes": 5488,
        "scratch_words": 15600,
        "min_dram": 8668,
        "stack_free_lifetime": 1556,
        "error": 0,
        "stage_ticks_lo": 1120820,
        "stage_ticks_hi": 0,
        "stage_calls": 120,
        "stage_max_ticks": 44421
      },
      {
        "id": 4,
        "packets": 120,
        "samples": 115200,
        "wall_us": 2312910,
        "task_us": 2161686,
        "max_wall_us": 83687,
        "pcm_hash": 1717014079,
        "scratch_bytes": 5488,
        "scratch_words": 15600,
        "min_dram": 8192,
        "stack_free_lifetime": 1556,
        "error": 0,
        "stage_ticks_lo": 1446170,
        "stage_ticks_hi": 0,
        "stage_calls": 120,
        "stage_max_ticks": 74540
      }
    ],
    "profile_stage": 8,
    "stage_clock_hz": 1000000,
    "clock_pair_ticks_min": 1,
    "clock_pair_ticks_max": 8
  },
  "comparison": [
    {
      "name": "mono-12",
      "id": 0,
      "packets": 120,
      "samples": 115200,
      "wall_us": 544954,
      "task_us": 546981,
      "max_wall_us": 6592,
      "pcm_hash": 898651720,
      "scratch_bytes": 1808,
      "scratch_words": 14112,
      "min_dram": 8772,
      "stack_free_lifetime": 1556,
      "error": 0,
      "stage_ticks_lo": 0,
      "stage_ticks_hi": 0,
      "stage_calls": 0,
      "stage_max_ticks": 0,
      "audio_duration_us": 2400000,
      "task_budget_percent": 22.790875,
      "wall_budget_percent": 22.706416666666666,
      "stage": {
        "name": "CELT bands/PVQ",
        "wall_us": 0,
        "wall_percent_of_decode": 0,
        "max_wall_us": 0,
        "warning": "Inclusive wall ticks with interrupts/preemption, NOT exclusive task CPU; no overhead subtracted"
      },
      "task_budget_minus_empty_estimate_percent": 22.470875
    },
    {
      "name": "mono-24",
      "id": 1,
      "packets": 120,
      "samples": 115200,
      "wall_us": 1397223,
      "task_us": 1323990,
      "max_wall_us": 49249,
      "pcm_hash": 3216561658,
      "scratch_bytes": 2904,
      "scratch_words": 15600,
      "min_dram": 8192,
      "stack_free_lifetime": 1556,
      "error": 0,
      "stage_ticks_lo": 171572,
      "stage_ticks_hi": 0,
      "stage_calls": 120,
      "stage_max_ticks": 9092,
      "audio_duration_us": 2400000,
      "task_budget_percent": 55.16625,
      "wall_budget_percent": 58.217625,
      "stage": {
        "name": "CELT bands/PVQ",
        "wall_us": 171572,
        "wall_percent_of_decode": 12.279500122743471,
        "max_wall_us": 9092,
        "warning": "Inclusive wall ticks with interrupts/preemption, NOT exclusive task CPU; no overhead subtracted"
      },
      "task_budget_minus_empty_estimate_percent": 54.84625
    },
    {
      "name": "stereo-64",
      "id": 2,
      "packets": 120,
      "samples": 115200,
      "wall_us": 1672267,
      "task_us": 1594892,
      "max_wall_us": 60836,
      "pcm_hash": 2337883435,
      "scratch_bytes": 5488,
      "scratch_words": 15600,
      "min_dram": 8192,
      "stack_free_lifetime": 1556,
      "error": 0,
      "stage_ticks_lo": 821736,
      "stage_ticks_hi": 0,
      "stage_calls": 120,
      "stage_max_ticks": 45412,
      "audio_duration_us": 2400000,
      "task_budget_percent": 66.45383333333334,
      "wall_budget_percent": 69.67779166666666,
      "stage": {
        "name": "CELT bands/PVQ",
        "wall_us": 821736,
        "wall_percent_of_decode": 49.13904298775255,
        "max_wall_us": 45412,
        "warning": "Inclusive wall ticks with interrupts/preemption, NOT exclusive task CPU; no overhead subtracted"
      },
      "task_budget_minus_empty_estimate_percent": 66.13383333333333
    },
    {
      "name": "stereo-128",
      "id": 3,
      "packets": 120,
      "samples": 115200,
      "wall_us": 1980792,
      "task_us": 1892286,
      "max_wall_us": 56582,
      "pcm_hash": 1528306318,
      "scratch_bytes": 5488,
      "scratch_words": 15600,
      "min_dram": 8668,
      "stack_free_lifetime": 1556,
      "error": 0,
      "stage_ticks_lo": 1120820,
      "stage_ticks_hi": 0,
      "stage_calls": 120,
      "stage_max_ticks": 44421,
      "audio_duration_us": 2400000,
      "task_budget_percent": 78.84525,
      "wall_budget_percent": 82.533,
      "stage": {
        "name": "CELT bands/PVQ",
        "wall_us": 1120820,
        "wall_percent_of_decode": 56.58443693229779,
        "max_wall_us": 44421,
        "warning": "Inclusive wall ticks with interrupts/preemption, NOT exclusive task CPU; no overhead subtracted"
      },
      "task_budget_minus_empty_estimate_percent": 78.52524999999999
    },
    {
      "name": "stereo-192",
      "id": 4,
      "packets": 120,
      "samples": 115200,
      "wall_us": 2312910,
      "task_us": 2161686,
      "max_wall_us": 83687,
      "pcm_hash": 1717014079,
      "scratch_bytes": 5488,
      "scratch_words": 15600,
      "min_dram": 8192,
      "stack_free_lifetime": 1556,
      "error": 0,
      "stage_ticks_lo": 1446170,
      "stage_ticks_hi": 0,
      "stage_calls": 120,
      "stage_max_ticks": 74540,
      "audio_duration_us": 2400000,
      "task_budget_percent": 90.07024999999999,
      "wall_budget_percent": 96.37125,
      "stage": {
        "name": "CELT bands/PVQ",
        "wall_us": 1446170,
        "wall_percent_of_decode": 62.52599539108742,
        "max_wall_us": 74540,
        "warning": "Inclusive wall ticks with interrupts/preemption, NOT exclusive task CPU; no overhead subtracted"
      },
      "task_budget_minus_empty_estimate_percent": 89.75025
    }
  ]
}
