TAP version 13
# Subtest: compiler command parser does not invoke a shell and keeps quoted definitions
ok 1 - compiler command parser does not invoke a shell and keeps quoted definitions
  ---
  duration_ms: 3.203
  type: 'test'
  ...
# Subtest: full ASM snapshot covers every upstream unit and both variants verify
ok 2 - full ASM snapshot covers every upstream unit and both variants verify
  ---
  duration_ms: 565.1007
  type: 'test'
  ...
# Subtest: annotations preserve comments and describe the function ABI
ok 3 - annotations preserve comments and describe the function ABI
  ---
  duration_ms: 0.9221
  type: 'test'
  ...
# Subtest: stale source hashes and a different exported feature set fail closed
ok 4 - stale source hashes and a different exported feature set fail closed
  ---
  duration_ms: 11.3356
  type: 'test'
  ...
# Subtest: ASM backend is opt-in, diagnostic only and ABI-incompatible features are rejected
ok 5 - ASM backend is opt-in, diagnostic only and ABI-incompatible features are rejected
  ---
  duration_ms: 1.5665
  type: 'test'
  ...
# Subtest: accepts smaller low-bitrate regressions when high-bitrate gains dominate
ok 6 - accepts smaller low-bitrate regressions when high-bitrate gains dominate
  ---
  duration_ms: 1.9998
  type: 'test'
  ...
# Subtest: rejects high-bitrate slowdown, dominant low-bitrate loss and realtime budget failure
ok 7 - rejects high-bitrate slowdown, dominant low-bitrate loss and realtime budget failure
  ---
  duration_ms: 0.7818
  type: 'test'
  ...
# Subtest: FFT physical report retains all30 attempts with exact PCM and independently checked CPU medians
ok 8 - FFT physical report retains all30 attempts with exact PCM and independently checked CPU medians
  ---
  duration_ms: 1267.4539
  type: 'test'
  ...
# Subtest: FFT experiment restores ordinary radio OTA with matching station, playlist, HTTP and WebSocket
ok 9 - FFT experiment restores ordinary radio OTA with matching station, playlist, HTTP and WebSocket
  ---
  duration_ms: 3.0472
  type: 'test'
  ...
# Subtest: FFT three-load actual opcodes preserve all registers and ordered memory reads
ok 10 - FFT three-load actual opcodes preserve all registers and ordered memory reads
  ---
  duration_ms: 33.273
  type: 'test'
  ...
# Subtest: FFT compact load proof fails on register, address, order and branch mutations
ok 11 - FFT compact load proof fails on register, address, order and branch mutations
  ---
  duration_ms: 12.3871
  type: 'test'
  ...
# Subtest: FFT candidate differs only inside the eight-byte range and image checksums
ok 12 - FFT candidate differs only inside the eight-byte range and image checksums
  ---
  duration_ms: 1200.2682
  type: 'test'
  ...
# Subtest: desktop fixture reader accepts the complete uint16 packet container
ok 13 - desktop fixture reader accepts the complete uint16 packet container
  ---
  duration_ms: 2.5568
  type: 'test'
  ...
# Subtest: actual MDCT ASM preserves every register bit for all words and both halfword parities
ok 14 - actual MDCT ASM preserves every register bit for all words and both halfword parities
  ---
  duration_ms: 30.0985
  type: 'test'
  ...
# Subtest: selector matching refuses interior entries, duplicate/missing source, and aliasing registers
ok 15 - selector matching refuses interior entries, duplicate/missing source, and aliasing registers
  ---
  duration_ms: 8.0354
  type: 'test'
  ...
# Subtest: assembled code has exact local targets, operation order and untouched instructions outside selectors
ok 16 - assembled code has exact local targets, operation order and untouched instructions outside selectors
  ---
  duration_ms: 19.0304
  type: 'test'
  ...
# Subtest: five 17-byte patches cannot alter other ELF bytes or RAM/stack/address metadata
ok 17 - five 17-byte patches cannot alter other ELF bytes or RAM/stack/address metadata
  ---
  duration_ms: 318.7887
  type: 'test'
  ...
# Subtest: image hashes, recipe and exact opcode evidence validate; mixed benchmark profiles refused
ok 18 - image hashes, recipe and exact opcode evidence validate; mixed benchmark profiles refused
  ---
  duration_ms: 251.2875
  type: 'test'
  ...
# Subtest: all thirty post-rotation runs remain exact and speed/RAM results are independently recomputed
ok 19 - all thirty post-rotation runs remain exact and speed/RAM results are independently recomputed
  ---
  duration_ms: 1124.2715
  type: 'test'
  ...
# Subtest: normal radio restored OTA with HTTP/WS and unchanged selected station and playlist
ok 20 - normal radio restored OTA with HTTP/WS and unchanged selected station and playlist
  ---
  duration_ms: 3.6991
  type: 'test'
  ...
# Subtest: all225 post-rotation pairs preserve arbitrary PCM32 and exact in-place events
ok 21 - all225 post-rotation pairs preserve arbitrary PCM32 and exact in-place events
  ---
  duration_ms: 291.6086
  type: 'test'
  ...
# Subtest: rear reads must precede front stores; reordered events fail even if disjoint fixtures match values
ok 22 - rear reads must precede front stores; reordered events fail even if disjoint fixtures match values
  ---
  duration_ms: 6.1891
  type: 'test'
  ...
# Subtest: phase, invariant stack and exit scratch liveness are fail-closed
ok 23 - phase, invariant stack and exit scratch liveness are fail-closed
  ---
  duration_ms: 13.063
  type: 'test'
  ...
# Subtest: numeric complete transforms preserve central in-place pair across all standard N4 and PCM32 edges
ok 24 - numeric complete transforms preserve central in-place pair across all standard N4 and PCM32 edges
  ---
  duration_ms: 526.1913
  type: 'test'
  ...
# Subtest: one276-byte patch preserves all other ELF/app bytes, table data, frame/RAM and settings
ok 25 - one276-byte patch preserves all other ELF/app bytes, table data, frame/RAM and settings
  ---
  duration_ms: 1108.6329
  type: 'test'
  ...
# Subtest: all450 table pairs preserve arbitrary32-bit PCM and separately rounded multiply terms
ok 26 - all450 table pairs preserve arbitrary32-bit PCM and separately rounded multiply terms
  ---
  duration_ms: 316.4167
  type: 'test'
  ...
# Subtest: parity, pointer advance, loop targets and boundary ABI mutations fail
ok 27 - parity, pointer advance, loop targets and boundary ABI mutations fail
  ---
  duration_ms: 23.222
  type: 'test'
  ...
# Subtest: all four linked trig/bitrev ranges share parity, are immutable and bounded
ok 28 - all four linked trig/bitrev ranges share parity, are immutable and bounded
  ---
  duration_ms: 42.7557
  type: 'test'
  ...
# Subtest: numeric full transforms agree for PCM32 edge cases, random data, strides and aliasing
ok 29 - numeric full transforms agree for PCM32 edge cases, random data, strides and aliasing
  ---
  duration_ms: 588.8903
  type: 'test'
  ...
# Subtest: one193-byte range changes; RAM, frame, rest of ELF/app and settings stay fixed
ok 30 - one193-byte range changes; RAM, frame, rest of ELF/app and settings stay fixed
  ---
  duration_ms: 667.1755
  type: 'test'
  ...
# Subtest: macro arithmetic is the exact GCC leaf body without return
ok 31 - macro arithmetic is the exact GCC leaf body without return
  ---
  duration_ms: 2.0793
  type: 'test'
  ...
# Subtest: only four pinned quant_partition calls are expanded and baseline stays exact
ok 32 - only four pinned quant_partition calls are expanded and baseline stays exact
  ---
  duration_ms: 215.6454
  type: 'test'
  ...
# Subtest: actual macro preserves results and live registers at every normalized threshold
ok 33 - actual macro preserves results and live registers at every normalized threshold
  ---
  duration_ms: 374.6574
  type: 'test'
  ...
1..33
# tests 33
# suites 0
# pass 33
# fail 0
# cancelled 0
# skipped 0
# todo 0
# duration_ms 2109.9341
