PROGRESS 2/0/0 error 0
PROGRESS 2/1/4 error 0
PROGRESS 2/2/2 error 0
PROGRESS 2/3/0 error 0
PROGRESS 2/3/8 error 0
PROGRESS 2/4/3 error 0
PROGRESS 2/4/10 error 0
PROGRESS 3/4/10 error 0
{
  "final": {
    "run": 3,
    "state": 3,
    "case": 4,
    "round": 10,
    "rounds": 10,
    "dram_before": 25728,
    "dram_after": 25916,
    "state_bytes": 6582,
    "empty_task_us": 44,
    "error": 0,
    "physical_output": false,
    "results": [
      {
        "id": 0,
        "packets": 120,
        "samples": 115200,
        "wall_us": 569487,
        "task_us": 564409,
        "max_wall_us": 6897,
        "pcm_hash": 898651720,
        "scratch_bytes": 1808,
        "scratch_words": 14112,
        "min_dram": 9508,
        "stack_free_lifetime": 1660,
        "error": 0
      },
      {
        "id": 1,
        "packets": 120,
        "samples": 115200,
        "wall_us": 1397158,
        "task_us": 1329560,
        "max_wall_us": 44385,
        "pcm_hash": 3216561658,
        "scratch_bytes": 2904,
        "scratch_words": 15600,
        "min_dram": 9512,
        "stack_free_lifetime": 1660,
        "error": 0
      },
      {
        "id": 2,
        "packets": 120,
        "samples": 115200,
        "wall_us": 1605532,
        "task_us": 1533499,
        "max_wall_us": 61010,
        "pcm_hash": 2337883435,
        "scratch_bytes": 5488,
        "scratch_words": 15600,
        "min_dram": 9404,
        "stack_free_lifetime": 1660,
        "error": 0
      },
      {
        "id": 3,
        "packets": 120,
        "samples": 115200,
        "wall_us": 1902670,
        "task_us": 1830617,
        "max_wall_us": 44931,
        "pcm_hash": 1528306318,
        "scratch_bytes": 5488,
        "scratch_words": 15600,
        "min_dram": 9124,
        "stack_free_lifetime": 1660,
        "error": 0
      },
      {
        "id": 4,
        "packets": 120,
        "samples": 115200,
        "wall_us": 2257399,
        "task_us": 2126401,
        "max_wall_us": 62841,
        "pcm_hash": 1717014079,
        "scratch_bytes": 5488,
        "scratch_words": 15600,
        "min_dram": 8828,
        "stack_free_lifetime": 1660,
        "error": 0
      }
    ]
  },
  "comparison": [
    {
      "name": "mono-12",
      "id": 0,
      "packets": 120,
      "samples": 115200,
      "wall_us": 569487,
      "task_us": 564409,
      "max_wall_us": 6897,
      "pcm_hash": 898651720,
      "scratch_bytes": 1808,
      "scratch_words": 14112,
      "min_dram": 9508,
      "stack_free_lifetime": 1660,
      "error": 0,
      "audio_duration_us": 2400000,
      "task_budget_percent": 23.517041666666664,
      "wall_budget_percent": 23.728625,
      "task_budget_minus_empty_estimate_percent": 23.297041666666665
    },
    {
      "name": "mono-24",
      "id": 1,
      "packets": 120,
      "samples": 115200,
      "wall_us": 1397158,
      "task_us": 1329560,
      "max_wall_us": 44385,
      "pcm_hash": 3216561658,
      "scratch_bytes": 2904,
      "scratch_words": 15600,
      "min_dram": 9512,
      "stack_free_lifetime": 1660,
      "error": 0,
      "audio_duration_us": 2400000,
      "task_budget_percent": 55.39833333333333,
      "wall_budget_percent": 58.21491666666666,
      "task_budget_minus_empty_estimate_percent": 55.178333333333335
    },
    {
      "name": "stereo-64",
      "id": 2,
      "packets": 120,
      "samples": 115200,
      "wall_us": 1605532,
      "task_us": 1533499,
      "max_wall_us": 61010,
      "pcm_hash": 2337883435,
      "scratch_bytes": 5488,
      "scratch_words": 15600,
      "min_dram": 9404,
      "stack_free_lifetime": 1660,
      "error": 0,
      "audio_duration_us": 2400000,
      "task_budget_percent": 63.89579166666667,
      "wall_budget_percent": 66.89716666666666,
      "task_budget_minus_empty_estimate_percent": 63.67579166666667
    },
    {
      "name": "stereo-128",
      "id": 3,
      "packets": 120,
      "samples": 115200,
      "wall_us": 1902670,
      "task_us": 1830617,
      "max_wall_us": 44931,
      "pcm_hash": 1528306318,
      "scratch_bytes": 5488,
      "scratch_words": 15600,
      "min_dram": 9124,
      "stack_free_lifetime": 1660,
      "error": 0,
      "audio_duration_us": 2400000,
      "task_budget_percent": 76.27570833333333,
      "wall_budget_percent": 79.27791666666667,
      "task_budget_minus_empty_estimate_percent": 76.05570833333333
    },
    {
      "name": "stereo-192",
      "id": 4,
      "packets": 120,
      "samples": 115200,
      "wall_us": 2257399,
      "task_us": 2126401,
      "max_wall_us": 62841,
      "pcm_hash": 1717014079,
      "scratch_bytes": 5488,
      "scratch_words": 15600,
      "min_dram": 8828,
      "stack_free_lifetime": 1660,
      "error": 0,
      "audio_duration_us": 2400000,
      "task_budget_percent": 88.60004166666666,
      "wall_budget_percent": 94.05829166666666,
      "task_budget_minus_empty_estimate_percent": 88.38004166666666
    }
  ]
}
