TAP version 13
# Subtest: only three pinned rng/ft calls expand; original C/ASM and other instructions are preserved
ok 1 - only three pinned rng/ft calls expand; original C/ASM and other instructions are preserved
  ---
  duration_ms: 3.7935
  type: 'test'
  ...
# Subtest: inline build selection verifies pinned source and generator hashes
ok 2 - inline build selection verifies pinned source and generator hashes
  ---
  duration_ms: 177.406
  type: 'test'
  ...
# Subtest: collapse refuses external branches into an expansion or missing boundaries
ok 3 - collapse refuses external branches into an expansion or missing boundaries
  ---
  duration_ms: 0.8106
  type: 'test'
  ...
# Subtest: model rejects stores, unknown instructions and branches outside graph
ok 4 - model rejects stores, unknown instructions and branches outside graph
  ---
  duration_ms: 4.2411
  type: 'test'
  ...
# Subtest: actual linked expansions have identical semantics, no RAM growth and unchanged host PCM through 510
ok 5 - actual linked expansions have identical semantics, no RAM growth and unchanged host PCM through 510
  ---
  duration_ms: 9.6943
  type: 'test'
  ...
# Subtest: coefficients exactly match the original Xiph odd-divisor table
ok 6 - coefficients exactly match the original Xiph odd-divisor table
  ---
  duration_ms: 1.5746
  type: 'test'
  ...
# Subtest: helper CFG follows fallback branch over padding and rejects reachable garbage
ok 7 - helper CFG follows fallback branch over padding and rejects reachable garbage
  ---
  duration_ms: 5.7634
  type: 'test'
  ...
# Subtest: LX106 exact small division: boundaries, quotient edges and ABI
ok 8 - LX106 exact small division: boundaries, quotient edges and ABI
  ---
  duration_ms: 3829.4973
  type: 'test'
  ...
# Subtest: large/zero divisors retain original args and tail-call libgcc
ok 9 - large/zero divisors retain original args and tail-call libgcc
  ---
  duration_ms: 0.4291
  type: 'test'
  ...
# Subtest: only rng/ft sites change; ext division and other functions stay intact
ok 10 - only rng/ft sites change; ext division and other functions stay intact
  ---
  duration_ms: 1.0647
  type: 'test'
  ...
1..10
# tests 10
# suites 0
# pass 10
# fail 0
# cancelled 0
# skipped 0
# todo 0
# duration_ms 3919.5391
