TAP version 13
# Subtest: compiler command parser does not invoke a shell and keeps quoted definitions
ok 1 - compiler command parser does not invoke a shell and keeps quoted definitions
  ---
  duration_ms: 3.2725
  type: 'test'
  ...
# Subtest: full ASM snapshot covers every upstream unit and both variants verify
ok 2 - full ASM snapshot covers every upstream unit and both variants verify
  ---
  duration_ms: 175.87
  type: 'test'
  ...
# Subtest: annotations preserve comments and describe the function ABI
ok 3 - annotations preserve comments and describe the function ABI
  ---
  duration_ms: 0.6046
  type: 'test'
  ...
# Subtest: stale source hashes and a different exported feature set fail closed
ok 4 - stale source hashes and a different exported feature set fail closed
  ---
  duration_ms: 7.7249
  type: 'test'
  ...
# Subtest: ASM backend is opt-in, diagnostic only and ABI-incompatible features are rejected
ok 5 - ASM backend is opt-in, diagnostic only and ABI-incompatible features are rejected
  ---
  duration_ms: 0.4558
  type: 'test'
  ...
# Subtest: accepts smaller low-bitrate regressions when high-bitrate gains dominate
ok 6 - accepts smaller low-bitrate regressions when high-bitrate gains dominate
  ---
  duration_ms: 1.5822
  type: 'test'
  ...
# Subtest: rejects high-bitrate slowdown, dominant low-bitrate loss and realtime budget failure
ok 7 - rejects high-bitrate slowdown, dominant low-bitrate loss and realtime budget failure
  ---
  duration_ms: 1.2015
  type: 'test'
  ...
# Subtest: linked graph compares direct CALL0 and relocated indirect CALLX0 without hiding cost
ok 8 - linked graph compares direct CALL0 and relocated indirect CALLX0 without hiding cost
  ---
  duration_ms: 2.8481
  type: 'test'
  ...
# Subtest: linked graph retains branch destinations, register operations and numeric literals
ok 9 - linked graph retains branch destinations, register operations and numeric literals
  ---
  duration_ms: 1.4387
  type: 'test'
  ...
# Subtest: CFG follows real targets, never decodes padding after J, rejects reachable garbage
ok 10 - CFG follows real targets, never decodes padding after J, rejects reachable garbage
  ---
  duration_ms: 6.512
  type: 'test'
  ...
# Subtest: attempt audit retains a terminal failure and forbids dropping completed or unfinished attempts
ok 11 - attempt audit retains a terminal failure and forbids dropping completed or unfinished attempts
  ---
  duration_ms: 4.0763
  type: 'test'
  ...
# Subtest: A/B permits only the selected feature and artifact identity differences
ok 12 - A/B permits only the selected feature and artifact identity differences
  ---
  duration_ms: 1.0637
  type: 'test'
  ...
# Subtest: raw A/B reports true medians and retains a slow outlier and observation timeout
ok 13 - raw A/B reports true medians and retains a slow outlier and observation timeout
  ---
  duration_ms: 1.7903
  type: 'test'
  ...
# Subtest: raw A/B refuses missing runs, output benchmarks, failed runs and PCM changes
ok 14 - raw A/B refuses missing runs, output benchmarks, failed runs and PCM changes
  ---
  duration_ms: 7.6994
  type: 'test'
  ...
# Subtest: different task/wall timing windows retain positive overhead without clamping or dropping the run
ok 15 - different task/wall timing windows retain positive overhead without clamping or dropping the run
  ---
  duration_ms: 1.0704
  type: 'test'
  ...
# Subtest: raw series verifies PCM and retains terminal device failures without counting them as speed passes
ok 16 - raw series verifies PCM and retains terminal device failures without counting them as speed passes
  ---
  duration_ms: 1.5917
  type: 'test'
  ...
# Subtest: raw series does not restart unknown/physical/missing observations or incorrect PCM
ok 17 - raw series does not restart unknown/physical/missing observations or incorrect PCM
  ---
  duration_ms: 6.1121
  type: 'test'
  ...
# Subtest: inline division archive retains all 30 actual A/B/A measurements and maxima
ok 18 - inline division archive retains all 30 actual A/B/A measurements and maxima
  ---
  duration_ms: 40.7302
  type: 'test'
  ...
# Subtest: ordinary firmware restored by OTA and HTTP/WebSocket state verified
ok 19 - ordinary firmware restored by OTA and HTTP/WebSocket state verified
  ---
  duration_ms: 2.3081
  type: 'test'
  ...
# Subtest: only three pinned rng/ft calls expand; original C/ASM and other instructions are preserved
ok 20 - only three pinned rng/ft calls expand; original C/ASM and other instructions are preserved
  ---
  duration_ms: 3.7165
  type: 'test'
  ...
# Subtest: inline build selection verifies pinned source and generator hashes
ok 21 - inline build selection verifies pinned source and generator hashes
  ---
  duration_ms: 189.5081
  type: 'test'
  ...
# Subtest: collapse refuses external branches into an expansion or missing boundaries
ok 22 - collapse refuses external branches into an expansion or missing boundaries
  ---
  duration_ms: 0.8169
  type: 'test'
  ...
# Subtest: model rejects stores, unknown instructions and branches outside graph
ok 23 - model rejects stores, unknown instructions and branches outside graph
  ---
  duration_ms: 4.2927
  type: 'test'
  ...
# Subtest: actual linked expansions have identical semantics, no RAM growth and unchanged host PCM through 510
ok 24 - actual linked expansions have identical semantics, no RAM growth and unchanged host PCM through 510
  ---
  duration_ms: 9.0823
  type: 'test'
  ...
# Subtest: coefficients exactly match the original Xiph odd-divisor table
ok 25 - coefficients exactly match the original Xiph odd-divisor table
  ---
  duration_ms: 1.5668
  type: 'test'
  ...
# Subtest: helper CFG follows fallback branch over padding and rejects reachable garbage
ok 26 - helper CFG follows fallback branch over padding and rejects reachable garbage
  ---
  duration_ms: 6.0618
  type: 'test'
  ...
# Subtest: LX106 exact small division: boundaries, quotient edges and ABI
ok 27 - LX106 exact small division: boundaries, quotient edges and ABI
  ---
  duration_ms: 3860.1868
  type: 'test'
  ...
# Subtest: large/zero divisors retain original args and tail-call libgcc
ok 28 - large/zero divisors retain original args and tail-call libgcc
  ---
  duration_ms: 0.3938
  type: 'test'
  ...
# Subtest: only rng/ft sites change; ext division and other functions stay intact
ok 29 - only rng/ft sites change; ext division and other functions stay intact
  ---
  duration_ms: 1.0891
  type: 'test'
  ...
1..29
# tests 29
# suites 0
# pass 29
# fail 0
# cancelled 0
# skipped 0
# todo 0
# duration_ms 4012.1525
