TAP version 13
# Subtest: all eight ASM copies preserve symbolic state for arbitrary register and stack values
ok 1 - all eight ASM copies preserve symbolic state for arbitrary register and stack values
  ---
  duration_ms: 2.5387
  type: 'test'
  ...
# Subtest: proof refuses writes, MMIO loads, calls, unknown instructions and changed stack source
ok 2 - proof refuses writes, MMIO loads, calls, unknown instructions and changed stack source
  ---
  duration_ms: 1.3348
  type: 'test'
  ...
# Subtest: linked matching rejects interior branch entries, missing sequences and duplicate sequences
ok 3 - linked matching rejects interior branch entries, missing sequences and duplicate sequences
  ---
  duration_ms: 7.7935
  type: 'test'
  ...
# Subtest: eight exact patches leave all other ELF bytes and all RAM/address metadata unchanged
ok 4 - eight exact patches leave all other ELF bytes and all RAM/address metadata unchanged
  ---
  duration_ms: 204.482
  type: 'test'
  ...
# Subtest: packaged app keeps addresses and payload except eight instruction slots and checksum/digest
ok 5 - packaged app keeps addresses and payload except eight instruction slots and checksum/digest
  ---
  duration_ms: 68.5748
  type: 'test'
  ...
# Subtest: archived proof matches recipe, decoder profile and assembled opcode object
ok 6 - archived proof matches recipe, decoder profile and assembled opcode object
  ---
  duration_ms: 175.2864
  type: 'test'
  ...
1..6
# tests 6
# suites 0
# pass 6
# fail 0
# cancelled 0
# skipped 0
# todo 0
# duration_ms 564.2274
