PROGRESS 2/0/0 error 0
PROGRESS 3/4/10 error 0
{
  "final": {
    "run": 7,
    "state": 3,
    "case": 4,
    "round": 10,
    "rounds": 10,
    "dram_before": 25936,
    "dram_after": 26300,
    "state_bytes": 6582,
    "empty_task_us": 43,
    "error": 0,
    "physical_output": false,
    "results": [
      {
        "id": 0,
        "packets": 120,
        "samples": 115200,
        "wall_us": 548351,
        "task_us": 547263,
        "max_wall_us": 6790,
        "pcm_hash": 898651720,
        "scratch_bytes": 1808,
        "scratch_words": 14112,
        "min_dram": 8020,
        "stack_free_lifetime": 1660,
        "error": 0
      },
      {
        "id": 1,
        "packets": 120,
        "samples": 115200,
        "wall_us": 1326823,
        "task_us": 1310819,
        "max_wall_us": 13003,
        "pcm_hash": 3216561658,
        "scratch_bytes": 2904,
        "scratch_words": 15600,
        "min_dram": 9448,
        "stack_free_lifetime": 1660,
        "error": 0
      },
      {
        "id": 2,
        "packets": 120,
        "samples": 115200,
        "wall_us": 1558787,
        "task_us": 1544286,
        "max_wall_us": 15691,
        "pcm_hash": 2337883435,
        "scratch_bytes": 5488,
        "scratch_words": 15600,
        "min_dram": 9448,
        "stack_free_lifetime": 1660,
        "error": 0
      },
      {
        "id": 3,
        "packets": 120,
        "samples": 115200,
        "wall_us": 1888656,
        "task_us": 1865094,
        "max_wall_us": 18588,
        "pcm_hash": 1528306318,
        "scratch_bytes": 5488,
        "scratch_words": 15600,
        "min_dram": 9448,
        "stack_free_lifetime": 1660,
        "error": 0
      },
      {
        "id": 4,
        "packets": 120,
        "samples": 115200,
        "wall_us": 2177548,
        "task_us": 2145832,
        "max_wall_us": 20228,
        "pcm_hash": 1717014079,
        "scratch_bytes": 5488,
        "scratch_words": 15600,
        "min_dram": 9800,
        "stack_free_lifetime": 1660,
        "error": 0
      }
    ]
  },
  "comparison": [
    {
      "name": "mono-12",
      "id": 0,
      "packets": 120,
      "samples": 115200,
      "wall_us": 548351,
      "task_us": 547263,
      "max_wall_us": 6790,
      "pcm_hash": 898651720,
      "scratch_bytes": 1808,
      "scratch_words": 14112,
      "min_dram": 8020,
      "stack_free_lifetime": 1660,
      "error": 0,
      "audio_duration_us": 2400000,
      "task_budget_percent": 22.802625,
      "wall_budget_percent": 22.84795833333333,
      "task_budget_minus_empty_estimate_percent": 22.587625
    },
    {
      "name": "mono-24",
      "id": 1,
      "packets": 120,
      "samples": 115200,
      "wall_us": 1326823,
      "task_us": 1310819,
      "max_wall_us": 13003,
      "pcm_hash": 3216561658,
      "scratch_bytes": 2904,
      "scratch_words": 15600,
      "min_dram": 9448,
      "stack_free_lifetime": 1660,
      "error": 0,
      "audio_duration_us": 2400000,
      "task_budget_percent": 54.61745833333333,
      "wall_budget_percent": 55.28429166666666,
      "task_budget_minus_empty_estimate_percent": 54.402458333333335
    },
    {
      "name": "stereo-64",
      "id": 2,
      "packets": 120,
      "samples": 115200,
      "wall_us": 1558787,
      "task_us": 1544286,
      "max_wall_us": 15691,
      "pcm_hash": 2337883435,
      "scratch_bytes": 5488,
      "scratch_words": 15600,
      "min_dram": 9448,
      "stack_free_lifetime": 1660,
      "error": 0,
      "audio_duration_us": 2400000,
      "task_budget_percent": 64.34525,
      "wall_budget_percent": 64.94945833333333,
      "task_budget_minus_empty_estimate_percent": 64.13025
    },
    {
      "name": "stereo-128",
      "id": 3,
      "packets": 120,
      "samples": 115200,
      "wall_us": 1888656,
      "task_us": 1865094,
      "max_wall_us": 18588,
      "pcm_hash": 1528306318,
      "scratch_bytes": 5488,
      "scratch_words": 15600,
      "min_dram": 9448,
      "stack_free_lifetime": 1660,
      "error": 0,
      "audio_duration_us": 2400000,
      "task_budget_percent": 77.71225,
      "wall_budget_percent": 78.69399999999999,
      "task_budget_minus_empty_estimate_percent": 77.49725
    },
    {
      "name": "stereo-192",
      "id": 4,
      "packets": 120,
      "samples": 115200,
      "wall_us": 2177548,
      "task_us": 2145832,
      "max_wall_us": 20228,
      "pcm_hash": 1717014079,
      "scratch_bytes": 5488,
      "scratch_words": 15600,
      "min_dram": 9800,
      "stack_free_lifetime": 1660,
      "error": 0,
      "audio_duration_us": 2400000,
      "task_budget_percent": 89.40966666666667,
      "wall_budget_percent": 90.73116666666667,
      "task_budget_minus_empty_estimate_percent": 89.19466666666666
    }
  ]
}
