TAP version 13
# Subtest: compiler command parser does not invoke a shell and keeps quoted definitions
ok 1 - compiler command parser does not invoke a shell and keeps quoted definitions
  ---
  duration_ms: 2.1706
  type: 'test'
  ...
# Subtest: full ASM snapshot covers every upstream unit and both variants verify
ok 2 - full ASM snapshot covers every upstream unit and both variants verify
  ---
  duration_ms: 186.7667
  type: 'test'
  ...
# Subtest: annotations preserve comments and describe the function ABI
ok 3 - annotations preserve comments and describe the function ABI
  ---
  duration_ms: 0.6221
  type: 'test'
  ...
# Subtest: stale source hashes and a different exported feature set fail closed
ok 4 - stale source hashes and a different exported feature set fail closed
  ---
  duration_ms: 8.5971
  type: 'test'
  ...
# Subtest: ASM backend is opt-in, diagnostic only and ABI-incompatible features are rejected
ok 5 - ASM backend is opt-in, diagnostic only and ABI-incompatible features are rejected
  ---
  duration_ms: 0.4652
  type: 'test'
  ...
# Subtest: accepts smaller low-bitrate regressions when high-bitrate gains dominate
ok 6 - accepts smaller low-bitrate regressions when high-bitrate gains dominate
  ---
  duration_ms: 1.2411
  type: 'test'
  ...
# Subtest: rejects high-bitrate slowdown, dominant low-bitrate loss and realtime budget failure
ok 7 - rejects high-bitrate slowdown, dominant low-bitrate loss and realtime budget failure
  ---
  duration_ms: 1.1354
  type: 'test'
  ...
# Subtest: intensity overlay is one decoder-only early branch, not entropy removal
ok 8 - intensity overlay is one decoder-only early branch, not entropy removal
  ---
  duration_ms: 82.7523
  type: 'test'
  ...
# Subtest: early qn=1 preserves final qn across intensity/N/budget boundaries
ok 9 - early qn=1 preserves final qn across intensity/N/budget boundaries
  ---
  duration_ms: 9.5727
  type: 'test'
  ...
# Subtest: 10000 exact ASM loops: raw iy, PCM, mask, live registers, guards and word loads
ok 10 - 10000 exact ASM loops: raw iy, PCM, mask, live registers, guards and word loads
  ---
  duration_ms: 9482.9004
  type: 'test'
  ...
# Subtest: scope/hash/frame guards and original rotation/fallback stay unchanged
ok 11 - scope/hash/frame guards and original rotation/fallback stay unchanged
  ---
  duration_ms: 68.7987
  type: 'test'
  ...
# Subtest: macro arithmetic is the exact GCC leaf body without return
ok 12 - macro arithmetic is the exact GCC leaf body without return
  ---
  duration_ms: 2.3152
  type: 'test'
  ...
# Subtest: only four pinned quant_partition calls are expanded and baseline stays exact
ok 13 - only four pinned quant_partition calls are expanded and baseline stays exact
  ---
  duration_ms: 89.9309
  type: 'test'
  ...
# Subtest: actual macro preserves results and live registers at every normalized threshold
ok 14 - actual macro preserves results and live registers at every normalized threshold
  ---
  duration_ms: 216.6258
  type: 'test'
  ...
# Subtest: tell + intensity is exactly either composition order, with one correction table
ok 15 - tell + intensity is exactly either composition order, with one correction table
  ---
  duration_ms: 219.0668
  type: 'test'
  ...
# Subtest: two decoder call sites only; protected baseline and shared function unchanged
ok 16 - two decoder call sites only; protected baseline and shared function unchanged
  ---
  duration_ms: 93.1959
  type: 'test'
  ...
# Subtest: 100000 real macro executions preserve uint32 math, registers and cold-path state
ok 17 - 100000 real macro executions preserve uint32 math, registers and cold-path state
  ---
  duration_ms: 427.5286
  type: 'test'
  ...
1..17
# tests 17
# suites 0
# pass 17
# fail 0
# cancelled 0
# skipped 0
# todo 0
# duration_ms 9661.4757
