PROGRESS 2/0/0 error 0
PROGRESS 2/1/24 error 0
PROGRESS 2/2/48 error 0
PROGRESS 2/3/72 error 0
PROGRESS 2/4/91 error 0
PROGRESS 3/4/100 error 0
{
  "final": {
    "run": 3,
    "state": 3,
    "case": 4,
    "round": 100,
    "rounds": 100,
    "dram_before": 25736,
    "dram_after": 26836,
    "state_bytes": 6582,
    "empty_task_us": 43,
    "error": 0,
    "physical_output": true,
    "results": [
      {
        "id": 0,
        "packets": 1200,
        "samples": 1152000,
        "wall_us": 5814975,
        "task_us": 0,
        "max_wall_us": 6839,
        "pcm_hash": 898651720,
        "scratch_bytes": 1808,
        "scratch_words": 14112,
        "min_dram": 7984,
        "stack_free_lifetime": 1548,
        "error": 0,
        "output_wall_us": 17101884,
        "max_output_us": 16809,
        "output_samples": 1152000,
        "pipeline_wall_us": 23929315,
        "pipeline_task_us": 8845257,
        "dma_eofs": 2250,
        "dma_misses": 0,
        "fifo_empty_seen": 0
      },
      {
        "id": 1,
        "packets": 1200,
        "samples": 1152000,
        "wall_us": 13552630,
        "task_us": 0,
        "max_wall_us": 43246,
        "pcm_hash": 3216561658,
        "scratch_bytes": 2904,
        "scratch_words": 15600,
        "min_dram": 8864,
        "stack_free_lifetime": 1548,
        "error": 0,
        "output_wall_us": 9391699,
        "max_output_us": 9754,
        "output_samples": 1152000,
        "pipeline_wall_us": 23982444,
        "pipeline_task_us": 16398020,
        "dma_eofs": 2440,
        "dma_misses": 40,
        "fifo_empty_seen": 0
      },
      {
        "id": 2,
        "packets": 1200,
        "samples": 1152000,
        "wall_us": 16170834,
        "task_us": 0,
        "max_wall_us": 69028,
        "pcm_hash": 2337883435,
        "scratch_bytes": 5488,
        "scratch_words": 15600,
        "min_dram": 9548,
        "stack_free_lifetime": 1548,
        "error": 0,
        "output_wall_us": 6791166,
        "max_output_us": 7623,
        "output_samples": 1152000,
        "pipeline_wall_us": 23996902,
        "pipeline_task_us": 19002093,
        "dma_eofs": 2451,
        "dma_misses": 51,
        "fifo_empty_seen": 0
      },
      {
        "id": 3,
        "packets": 1200,
        "samples": 1152000,
        "wall_us": 18747985,
        "task_us": 0,
        "max_wall_us": 75853,
        "pcm_hash": 1528306318,
        "scratch_bytes": 5488,
        "scratch_words": 15600,
        "min_dram": 9548,
        "stack_free_lifetime": 1548,
        "error": 0,
        "output_wall_us": 4340807,
        "max_output_us": 9663,
        "output_samples": 1152000,
        "pipeline_wall_us": 24166508,
        "pipeline_task_us": 21528176,
        "dma_eofs": 2579,
        "dma_misses": 179,
        "fifo_empty_seen": 0
      },
      {
        "id": 4,
        "packets": 1200,
        "samples": 1152000,
        "wall_us": 21057385,
        "task_us": 0,
        "max_wall_us": 61281,
        "pcm_hash": 1717014079,
        "scratch_bytes": 5488,
        "scratch_words": 15600,
        "min_dram": 8864,
        "stack_free_lifetime": 1548,
        "error": 0,
        "output_wall_us": 3154434,
        "max_output_us": 7391,
        "output_samples": 1152000,
        "pipeline_wall_us": 25283891,
        "pipeline_task_us": 23788600,
        "dma_eofs": 3419,
        "dma_misses": 1019,
        "fifo_empty_seen": 0
      }
    ]
  },
  "comparison": [
    {
      "name": "mono-12",
      "id": 0,
      "packets": 1200,
      "samples": 1152000,
      "wall_us": 5814975,
      "task_us": 0,
      "max_wall_us": 6839,
      "pcm_hash": 898651720,
      "scratch_bytes": 1808,
      "scratch_words": 14112,
      "min_dram": 7984,
      "stack_free_lifetime": 1548,
      "error": 0,
      "output_wall_us": 17101884,
      "max_output_us": 16809,
      "output_samples": 1152000,
      "pipeline_wall_us": 23929315,
      "pipeline_task_us": 8845257,
      "dma_eofs": 2250,
      "dma_misses": 0,
      "fifo_empty_seen": 0,
      "continuity": {
        "pass": true,
        "errors": [],
        "audio_us": 24000000,
        "ratio": 1.0029539082084047,
        "pipeline_cpu_budget_percent": 36.8552375,
        "pipeline_cpu_elapsed_percent": 36.96410448857395,
        "decode_wall_budget_percent": 24.2290625,
        "output_wall_budget_percent": 71.25785,
        "timing": "pipeline task CPU includes flash copy/hash/output/ISR charged to task; output wall includes DMA waits; no audio network or Ogg demux"
      }
    },
    {
      "name": "mono-24",
      "id": 1,
      "packets": 1200,
      "samples": 1152000,
      "wall_us": 13552630,
      "task_us": 0,
      "max_wall_us": 43246,
      "pcm_hash": 3216561658,
      "scratch_bytes": 2904,
      "scratch_words": 15600,
      "min_dram": 8864,
      "stack_free_lifetime": 1548,
      "error": 0,
      "output_wall_us": 9391699,
      "max_output_us": 9754,
      "output_samples": 1152000,
      "pipeline_wall_us": 23982444,
      "pipeline_task_us": 16398020,
      "dma_eofs": 2440,
      "dma_misses": 40,
      "fifo_empty_seen": 0,
      "continuity": {
        "pass": false,
        "errors": [
          "DMA underruns"
        ],
        "audio_us": 24000000,
        "ratio": 1.0007320354839566,
        "pipeline_cpu_budget_percent": 68.32508333333334,
        "pipeline_cpu_elapsed_percent": 68.37509971877762,
        "decode_wall_budget_percent": 56.46929166666666,
        "output_wall_budget_percent": 39.132079166666664,
        "timing": "pipeline task CPU includes flash copy/hash/output/ISR charged to task; output wall includes DMA waits; no audio network or Ogg demux"
      }
    },
    {
      "name": "stereo-64",
      "id": 2,
      "packets": 1200,
      "samples": 1152000,
      "wall_us": 16170834,
      "task_us": 0,
      "max_wall_us": 69028,
      "pcm_hash": 2337883435,
      "scratch_bytes": 5488,
      "scratch_words": 15600,
      "min_dram": 9548,
      "stack_free_lifetime": 1548,
      "error": 0,
      "output_wall_us": 6791166,
      "max_output_us": 7623,
      "output_samples": 1152000,
      "pipeline_wall_us": 23996902,
      "pipeline_task_us": 19002093,
      "dma_eofs": 2451,
      "dma_misses": 51,
      "fifo_empty_seen": 0,
      "continuity": {
        "pass": false,
        "errors": [
          "DMA underruns"
        ],
        "audio_us": 24000000,
        "ratio": 1.0001290999979915,
        "pipeline_cpu_budget_percent": 79.1753875,
        "pipeline_cpu_elapsed_percent": 79.18560904236722,
        "decode_wall_budget_percent": 67.378475,
        "output_wall_budget_percent": 28.296525,
        "timing": "pipeline task CPU includes flash copy/hash/output/ISR charged to task; output wall includes DMA waits; no audio network or Ogg demux"
      }
    },
    {
      "name": "stereo-128",
      "id": 3,
      "packets": 1200,
      "samples": 1152000,
      "wall_us": 18747985,
      "task_us": 0,
      "max_wall_us": 75853,
      "pcm_hash": 1528306318,
      "scratch_bytes": 5488,
      "scratch_words": 15600,
      "min_dram": 9548,
      "stack_free_lifetime": 1548,
      "error": 0,
      "output_wall_us": 4340807,
      "max_output_us": 9663,
      "output_samples": 1152000,
      "pipeline_wall_us": 24166508,
      "pipeline_task_us": 21528176,
      "dma_eofs": 2579,
      "dma_misses": 179,
      "fifo_empty_seen": 0,
      "continuity": {
        "pass": false,
        "errors": [
          "DMA underruns"
        ],
        "audio_us": 24000000,
        "ratio": 0.9931099685564833,
        "pipeline_cpu_budget_percent": 89.70073333333333,
        "pipeline_cpu_elapsed_percent": 89.08269246016015,
        "decode_wall_budget_percent": 78.11660416666666,
        "output_wall_budget_percent": 18.086695833333334,
        "timing": "pipeline task CPU includes flash copy/hash/output/ISR charged to task; output wall includes DMA waits; no audio network or Ogg demux"
      }
    },
    {
      "name": "stereo-192",
      "id": 4,
      "packets": 1200,
      "samples": 1152000,
      "wall_us": 21057385,
      "task_us": 0,
      "max_wall_us": 61281,
      "pcm_hash": 1717014079,
      "scratch_bytes": 5488,
      "scratch_words": 15600,
      "min_dram": 8864,
      "stack_free_lifetime": 1548,
      "error": 0,
      "output_wall_us": 3154434,
      "max_output_us": 7391,
      "output_samples": 1152000,
      "pipeline_wall_us": 25283891,
      "pipeline_task_us": 23788600,
      "dma_eofs": 3419,
      "dma_misses": 1019,
      "fifo_empty_seen": 0,
      "continuity": {
        "pass": false,
        "errors": [
          "DMA underruns",
          "PCM duration does not match elapsed time"
        ],
        "audio_us": 24000000,
        "ratio": 0.9492209881778085,
        "pipeline_cpu_budget_percent": 99.11916666666667,
        "pipeline_cpu_elapsed_percent": 94.08599333069424,
        "decode_wall_budget_percent": 87.73910416666666,
        "output_wall_budget_percent": 13.143475,
        "timing": "pipeline task CPU includes flash copy/hash/output/ISR charged to task; output wall includes DMA waits; no audio network or Ogg demux"
      }
    }
  ]
}
Physical output continuity gate failed; results retained
