PROGRESS 2/0/0 error 0
PROGRESS 2/1/24 error 0
PROGRESS 2/2/48 error 0
PROGRESS 2/3/72 error 0
PROGRESS 2/4/91 error 0
PROGRESS 3/4/100 error 0
{
  "final": {
    "run": 7,
    "state": 3,
    "case": 4,
    "round": 100,
    "rounds": 100,
    "dram_before": 25744,
    "dram_after": 26636,
    "state_bytes": 6582,
    "empty_task_us": 48,
    "error": 0,
    "physical_output": true,
    "results": [
      {
        "id": 0,
        "packets": 1200,
        "samples": 1152000,
        "wall_us": 5811271,
        "task_us": 0,
        "max_wall_us": 7355,
        "pcm_hash": 898651720,
        "scratch_bytes": 1808,
        "scratch_words": 14112,
        "min_dram": 7152,
        "stack_free_lifetime": 1548,
        "error": 0,
        "output_wall_us": 17103442,
        "max_output_us": 17187,
        "output_samples": 1152000,
        "pipeline_wall_us": 23928958,
        "pipeline_task_us": 8845313,
        "dma_eofs": 2250,
        "dma_misses": 0,
        "fifo_empty_seen": 0
      },
      {
        "id": 1,
        "packets": 1200,
        "samples": 1152000,
        "wall_us": 13556488,
        "task_us": 0,
        "max_wall_us": 63888,
        "pcm_hash": 3216561658,
        "scratch_bytes": 2904,
        "scratch_words": 15600,
        "min_dram": 9548,
        "stack_free_lifetime": 1548,
        "error": 0,
        "output_wall_us": 9395387,
        "max_output_us": 9429,
        "output_samples": 1152000,
        "pipeline_wall_us": 23991345,
        "pipeline_task_us": 16399007,
        "dma_eofs": 2447,
        "dma_misses": 47,
        "fifo_empty_seen": 0
      },
      {
        "id": 2,
        "packets": 1200,
        "samples": 1152000,
        "wall_us": 16177955,
        "task_us": 0,
        "max_wall_us": 51780,
        "pcm_hash": 2337883435,
        "scratch_bytes": 5488,
        "scratch_words": 15600,
        "min_dram": 9548,
        "stack_free_lifetime": 1548,
        "error": 0,
        "output_wall_us": 6780376,
        "max_output_us": 8574,
        "output_samples": 1152000,
        "pipeline_wall_us": 23993994,
        "pipeline_task_us": 19007249,
        "dma_eofs": 2449,
        "dma_misses": 49,
        "fifo_empty_seen": 0
      },
      {
        "id": 3,
        "packets": 1200,
        "samples": 1152000,
        "wall_us": 18743747,
        "task_us": 0,
        "max_wall_us": 71075,
        "pcm_hash": 1528306318,
        "scratch_bytes": 5488,
        "scratch_words": 15600,
        "min_dram": 9548,
        "stack_free_lifetime": 1548,
        "error": 0,
        "output_wall_us": 4326663,
        "max_output_us": 6195,
        "output_samples": 1152000,
        "pipeline_wall_us": 24135328,
        "pipeline_task_us": 21531737,
        "dma_eofs": 2555,
        "dma_misses": 155,
        "fifo_empty_seen": 0
      },
      {
        "id": 4,
        "packets": 1200,
        "samples": 1152000,
        "wall_us": 21060621,
        "task_us": 0,
        "max_wall_us": 72440,
        "pcm_hash": 1717014079,
        "scratch_bytes": 5488,
        "scratch_words": 15600,
        "min_dram": 8864,
        "stack_free_lifetime": 1548,
        "error": 0,
        "output_wall_us": 3173332,
        "max_output_us": 7977,
        "output_samples": 1152000,
        "pipeline_wall_us": 25285883,
        "pipeline_task_us": 23790770,
        "dma_eofs": 3421,
        "dma_misses": 1021,
        "fifo_empty_seen": 0
      }
    ]
  },
  "comparison": [
    {
      "name": "mono-12",
      "id": 0,
      "packets": 1200,
      "samples": 1152000,
      "wall_us": 5811271,
      "task_us": 0,
      "max_wall_us": 7355,
      "pcm_hash": 898651720,
      "scratch_bytes": 1808,
      "scratch_words": 14112,
      "min_dram": 7152,
      "stack_free_lifetime": 1548,
      "error": 0,
      "output_wall_us": 17103442,
      "max_output_us": 17187,
      "output_samples": 1152000,
      "pipeline_wall_us": 23928958,
      "pipeline_task_us": 8845313,
      "dma_eofs": 2250,
      "dma_misses": 0,
      "fifo_empty_seen": 0,
      "continuity": {
        "pass": true,
        "errors": [],
        "audio_us": 24000000,
        "ratio": 1.0029688714402023,
        "pipeline_cpu_budget_percent": 36.855470833333335,
        "pipeline_cpu_elapsed_percent": 36.964889988105625,
        "decode_wall_budget_percent": 24.213629166666667,
        "output_wall_budget_percent": 71.26434166666667,
        "timing": "pipeline task CPU includes flash copy/hash/output/ISR charged to task; output wall includes DMA waits; no audio network or Ogg demux"
      }
    },
    {
      "name": "mono-24",
      "id": 1,
      "packets": 1200,
      "samples": 1152000,
      "wall_us": 13556488,
      "task_us": 0,
      "max_wall_us": 63888,
      "pcm_hash": 3216561658,
      "scratch_bytes": 2904,
      "scratch_words": 15600,
      "min_dram": 9548,
      "stack_free_lifetime": 1548,
      "error": 0,
      "output_wall_us": 9395387,
      "max_output_us": 9429,
      "output_samples": 1152000,
      "pipeline_wall_us": 23991345,
      "pipeline_task_us": 16399007,
      "dma_eofs": 2447,
      "dma_misses": 47,
      "fifo_empty_seen": 0,
      "continuity": {
        "pass": false,
        "errors": [
          "DMA underruns"
        ],
        "audio_us": 24000000,
        "ratio": 1.000360755097307,
        "pipeline_cpu_budget_percent": 68.32919583333333,
        "pipeline_cpu_elapsed_percent": 68.35384593902509,
        "decode_wall_budget_percent": 56.485366666666664,
        "output_wall_budget_percent": 39.147445833333336,
        "timing": "pipeline task CPU includes flash copy/hash/output/ISR charged to task; output wall includes DMA waits; no audio network or Ogg demux"
      }
    },
    {
      "name": "stereo-64",
      "id": 2,
      "packets": 1200,
      "samples": 1152000,
      "wall_us": 16177955,
      "task_us": 0,
      "max_wall_us": 51780,
      "pcm_hash": 2337883435,
      "scratch_bytes": 5488,
      "scratch_words": 15600,
      "min_dram": 9548,
      "stack_free_lifetime": 1548,
      "error": 0,
      "output_wall_us": 6780376,
      "max_output_us": 8574,
      "output_samples": 1152000,
      "pipeline_wall_us": 23993994,
      "pipeline_task_us": 19007249,
      "dma_eofs": 2449,
      "dma_misses": 49,
      "fifo_empty_seen": 0,
      "continuity": {
        "pass": false,
        "errors": [
          "DMA underruns"
        ],
        "audio_us": 24000000,
        "ratio": 1.0002503126407383,
        "pipeline_cpu_budget_percent": 79.19687083333334,
        "pipeline_cpu_elapsed_percent": 79.21669481120983,
        "decode_wall_budget_percent": 67.40814583333334,
        "output_wall_budget_percent": 28.251566666666665,
        "timing": "pipeline task CPU includes flash copy/hash/output/ISR charged to task; output wall includes DMA waits; no audio network or Ogg demux"
      }
    },
    {
      "name": "stereo-128",
      "id": 3,
      "packets": 1200,
      "samples": 1152000,
      "wall_us": 18743747,
      "task_us": 0,
      "max_wall_us": 71075,
      "pcm_hash": 1528306318,
      "scratch_bytes": 5488,
      "scratch_words": 15600,
      "min_dram": 9548,
      "stack_free_lifetime": 1548,
      "error": 0,
      "output_wall_us": 4326663,
      "max_output_us": 6195,
      "output_samples": 1152000,
      "pipeline_wall_us": 24135328,
      "pipeline_task_us": 21531737,
      "dma_eofs": 2555,
      "dma_misses": 155,
      "fifo_empty_seen": 0,
      "continuity": {
        "pass": false,
        "errors": [
          "DMA underruns"
        ],
        "audio_us": 24000000,
        "ratio": 0.9943929496214015,
        "pipeline_cpu_budget_percent": 89.71557083333333,
        "pipeline_cpu_elapsed_percent": 89.21253110792611,
        "decode_wall_budget_percent": 78.09894583333333,
        "output_wall_budget_percent": 18.0277625,
        "timing": "pipeline task CPU includes flash copy/hash/output/ISR charged to task; output wall includes DMA waits; no audio network or Ogg demux"
      }
    },
    {
      "name": "stereo-192",
      "id": 4,
      "packets": 1200,
      "samples": 1152000,
      "wall_us": 21060621,
      "task_us": 0,
      "max_wall_us": 72440,
      "pcm_hash": 1717014079,
      "scratch_bytes": 5488,
      "scratch_words": 15600,
      "min_dram": 8864,
      "stack_free_lifetime": 1548,
      "error": 0,
      "output_wall_us": 3173332,
      "max_output_us": 7977,
      "output_samples": 1152000,
      "pipeline_wall_us": 25285883,
      "pipeline_task_us": 23790770,
      "dma_eofs": 3421,
      "dma_misses": 1021,
      "fifo_empty_seen": 0,
      "continuity": {
        "pass": false,
        "errors": [
          "DMA underruns",
          "PCM duration does not match elapsed time"
        ],
        "audio_us": 24000000,
        "ratio": 0.9491462093690776,
        "pipeline_cpu_budget_percent": 99.12820833333333,
        "pipeline_cpu_elapsed_percent": 94.08716318113154,
        "decode_wall_budget_percent": 87.7525875,
        "output_wall_budget_percent": 13.222216666666666,
        "timing": "pipeline task CPU includes flash copy/hash/output/ISR charged to task; output wall includes DMA waits; no audio network or Ogg demux"
      }
    }
  ]
}
Physical output continuity gate failed; results retained
