PROGRESS 2/0/0 error 0
PROGRESS 2/1/24 error 0
PROGRESS 2/2/52 error 0
OBSERVATION read ECONNRESET
PROGRESS 3/4/100 error 0
{
  "final": {
    "run": 8,
    "state": 3,
    "case": 4,
    "round": 100,
    "rounds": 100,
    "dram_before": 25744,
    "dram_after": 26836,
    "state_bytes": 6582,
    "empty_task_us": 43,
    "error": 0,
    "physical_output": true,
    "results": [
      {
        "id": 0,
        "packets": 1200,
        "samples": 1152000,
        "wall_us": 5850177,
        "task_us": 0,
        "max_wall_us": 7749,
        "pcm_hash": 898651720,
        "scratch_bytes": 1808,
        "scratch_words": 14112,
        "min_dram": 7984,
        "stack_free_lifetime": 1548,
        "error": 0,
        "output_wall_us": 17067505,
        "max_output_us": 17368,
        "output_samples": 1152000,
        "pipeline_wall_us": 23929877,
        "pipeline_task_us": 8855457,
        "dma_eofs": 2250,
        "dma_misses": 0,
        "fifo_empty_seen": 0
      },
      {
        "id": 1,
        "packets": 1200,
        "samples": 1152000,
        "wall_us": 13551739,
        "task_us": 0,
        "max_wall_us": 42046,
        "pcm_hash": 3216561658,
        "scratch_bytes": 2904,
        "scratch_words": 15600,
        "min_dram": 6128,
        "stack_free_lifetime": 1548,
        "error": 0,
        "output_wall_us": 9385251,
        "max_output_us": 9705,
        "output_samples": 1152000,
        "pipeline_wall_us": 23966767,
        "pipeline_task_us": 16401773,
        "dma_eofs": 2428,
        "dma_misses": 28,
        "fifo_empty_seen": 0
      },
      {
        "id": 2,
        "packets": 1200,
        "samples": 1152000,
        "wall_us": 16178914,
        "task_us": 0,
        "max_wall_us": 53983,
        "pcm_hash": 2337883435,
        "scratch_bytes": 5488,
        "scratch_words": 15600,
        "min_dram": 8180,
        "stack_free_lifetime": 1548,
        "error": 0,
        "output_wall_us": 6788600,
        "max_output_us": 7746,
        "output_samples": 1152000,
        "pipeline_wall_us": 23990187,
        "pipeline_task_us": 19006129,
        "dma_eofs": 2446,
        "dma_misses": 46,
        "fifo_empty_seen": 0
      },
      {
        "id": 3,
        "packets": 1200,
        "samples": 1152000,
        "wall_us": 18739755,
        "task_us": 0,
        "max_wall_us": 68809,
        "pcm_hash": 1528306318,
        "scratch_bytes": 5488,
        "scratch_words": 15600,
        "min_dram": 5684,
        "stack_free_lifetime": 1548,
        "error": 0,
        "output_wall_us": 4345207,
        "max_output_us": 7941,
        "output_samples": 1152000,
        "pipeline_wall_us": 24149227,
        "pipeline_task_us": 21531790,
        "dma_eofs": 2566,
        "dma_misses": 166,
        "fifo_empty_seen": 0
      },
      {
        "id": 4,
        "packets": 1200,
        "samples": 1152000,
        "wall_us": 20982601,
        "task_us": 0,
        "max_wall_us": 22064,
        "pcm_hash": 1717014079,
        "scratch_bytes": 5488,
        "scratch_words": 15600,
        "min_dram": 10336,
        "stack_free_lifetime": 1548,
        "error": 0,
        "output_wall_us": 3172920,
        "max_output_us": 4890,
        "output_samples": 1152000,
        "pipeline_wall_us": 25221711,
        "pipeline_task_us": 23781104,
        "dma_eofs": 3372,
        "dma_misses": 972,
        "fifo_empty_seen": 0
      }
    ]
  },
  "comparison": [
    {
      "name": "mono-12",
      "id": 0,
      "packets": 1200,
      "samples": 1152000,
      "wall_us": 5850177,
      "task_us": 0,
      "max_wall_us": 7749,
      "pcm_hash": 898651720,
      "scratch_bytes": 1808,
      "scratch_words": 14112,
      "min_dram": 7984,
      "stack_free_lifetime": 1548,
      "error": 0,
      "output_wall_us": 17067505,
      "max_output_us": 17368,
      "output_samples": 1152000,
      "pipeline_wall_us": 23929877,
      "pipeline_task_us": 8855457,
      "dma_eofs": 2250,
      "dma_misses": 0,
      "fifo_empty_seen": 0,
      "continuity": {
        "pass": true,
        "errors": [],
        "audio_us": 24000000,
        "ratio": 1.0029303535492473,
        "pipeline_cpu_budget_percent": 36.8977375,
        "pipeline_cpu_elapsed_percent": 37.005860916042316,
        "decode_wall_budget_percent": 24.3757375,
        "output_wall_budget_percent": 71.11460416666667,
        "timing": "pipeline task CPU includes flash copy/hash/output/ISR charged to task; output wall includes DMA waits; no audio network or Ogg demux"
      }
    },
    {
      "name": "mono-24",
      "id": 1,
      "packets": 1200,
      "samples": 1152000,
      "wall_us": 13551739,
      "task_us": 0,
      "max_wall_us": 42046,
      "pcm_hash": 3216561658,
      "scratch_bytes": 2904,
      "scratch_words": 15600,
      "min_dram": 6128,
      "stack_free_lifetime": 1548,
      "error": 0,
      "output_wall_us": 9385251,
      "max_output_us": 9705,
      "output_samples": 1152000,
      "pipeline_wall_us": 23966767,
      "pipeline_task_us": 16401773,
      "dma_eofs": 2428,
      "dma_misses": 28,
      "fifo_empty_seen": 0,
      "continuity": {
        "pass": false,
        "errors": [
          "DMA underruns"
        ],
        "audio_us": 24000000,
        "ratio": 1.0013866284092467,
        "pipeline_cpu_budget_percent": 68.34072083333334,
        "pipeline_cpu_elapsed_percent": 68.43548401834924,
        "decode_wall_budget_percent": 56.465579166666664,
        "output_wall_budget_percent": 39.1052125,
        "timing": "pipeline task CPU includes flash copy/hash/output/ISR charged to task; output wall includes DMA waits; no audio network or Ogg demux"
      }
    },
    {
      "name": "stereo-64",
      "id": 2,
      "packets": 1200,
      "samples": 1152000,
      "wall_us": 16178914,
      "task_us": 0,
      "max_wall_us": 53983,
      "pcm_hash": 2337883435,
      "scratch_bytes": 5488,
      "scratch_words": 15600,
      "min_dram": 8180,
      "stack_free_lifetime": 1548,
      "error": 0,
      "output_wall_us": 6788600,
      "max_output_us": 7746,
      "output_samples": 1152000,
      "pipeline_wall_us": 23990187,
      "pipeline_task_us": 19006129,
      "dma_eofs": 2446,
      "dma_misses": 46,
      "fifo_empty_seen": 0,
      "continuity": {
        "pass": false,
        "errors": [
          "DMA underruns"
        ],
        "audio_us": 24000000,
        "ratio": 1.0004090422471488,
        "pipeline_cpu_budget_percent": 79.19220416666667,
        "pipeline_cpu_elapsed_percent": 79.22459712381567,
        "decode_wall_budget_percent": 67.41214166666667,
        "output_wall_budget_percent": 28.285833333333333,
        "timing": "pipeline task CPU includes flash copy/hash/output/ISR charged to task; output wall includes DMA waits; no audio network or Ogg demux"
      }
    },
    {
      "name": "stereo-128",
      "id": 3,
      "packets": 1200,
      "samples": 1152000,
      "wall_us": 18739755,
      "task_us": 0,
      "max_wall_us": 68809,
      "pcm_hash": 1528306318,
      "scratch_bytes": 5488,
      "scratch_words": 15600,
      "min_dram": 5684,
      "stack_free_lifetime": 1548,
      "error": 0,
      "output_wall_us": 4345207,
      "max_output_us": 7941,
      "output_samples": 1152000,
      "pipeline_wall_us": 24149227,
      "pipeline_task_us": 21531790,
      "dma_eofs": 2566,
      "dma_misses": 166,
      "fifo_empty_seen": 0,
      "continuity": {
        "pass": false,
        "errors": [
          "DMA underruns"
        ],
        "audio_us": 24000000,
        "ratio": 0.9938206303663467,
        "pipeline_cpu_budget_percent": 89.71579166666666,
        "pipeline_cpu_elapsed_percent": 89.1614046279825,
        "decode_wall_budget_percent": 78.0823125,
        "output_wall_budget_percent": 18.105029166666668,
        "timing": "pipeline task CPU includes flash copy/hash/output/ISR charged to task; output wall includes DMA waits; no audio network or Ogg demux"
      }
    },
    {
      "name": "stereo-192",
      "id": 4,
      "packets": 1200,
      "samples": 1152000,
      "wall_us": 20982601,
      "task_us": 0,
      "max_wall_us": 22064,
      "pcm_hash": 1717014079,
      "scratch_bytes": 5488,
      "scratch_words": 15600,
      "min_dram": 10336,
      "stack_free_lifetime": 1548,
      "error": 0,
      "output_wall_us": 3172920,
      "max_output_us": 4890,
      "output_samples": 1152000,
      "pipeline_wall_us": 25221711,
      "pipeline_task_us": 23781104,
      "dma_eofs": 3372,
      "dma_misses": 972,
      "fifo_empty_seen": 0,
      "continuity": {
        "pass": false,
        "errors": [
          "DMA underruns",
          "PCM duration does not match elapsed time"
        ],
        "audio_us": 24000000,
        "ratio": 0.9515611371488635,
        "pipeline_cpu_budget_percent": 99.08793333333334,
        "pipeline_cpu_elapsed_percent": 94.28822652039744,
        "decode_wall_budget_percent": 87.42750416666667,
        "output_wall_budget_percent": 13.2205,
        "timing": "pipeline task CPU includes flash copy/hash/output/ISR charged to task; output wall includes DMA waits; no audio network or Ogg demux"
      }
    }
  ]
}
Physical output continuity gate failed; results retained
