PROGRESS 2/0/0 error 0
PROGRESS 2/1/4 error 0
PROGRESS 2/2/3 error 0
PROGRESS 2/3/0 error 0
PROGRESS 2/3/7 error 0
PROGRESS 2/4/2 error 0
PROGRESS 2/4/8 error 0
PROGRESS 3/4/10 error 0
{
  "final": {
    "run": 2,
    "state": 3,
    "case": 4,
    "round": 10,
    "rounds": 10,
    "dram_before": 25396,
    "dram_after": 26092,
    "state_bytes": 6582,
    "empty_task_us": 48,
    "error": 0,
    "physical_output": false,
    "results": [
      {
        "id": 0,
        "packets": 120,
        "samples": 115200,
        "wall_us": 552233,
        "task_us": 553305,
        "max_wall_us": 6481,
        "pcm_hash": 898651720,
        "scratch_bytes": 1808,
        "scratch_words": 14112,
        "min_dram": 9160,
        "stack_free_lifetime": 1676,
        "error": 0
      },
      {
        "id": 1,
        "packets": 120,
        "samples": 115200,
        "wall_us": 1395951,
        "task_us": 1326211,
        "max_wall_us": 38273,
        "pcm_hash": 3216561658,
        "scratch_bytes": 2904,
        "scratch_words": 15600,
        "min_dram": 9456,
        "stack_free_lifetime": 1676,
        "error": 0
      },
      {
        "id": 2,
        "packets": 120,
        "samples": 115200,
        "wall_us": 1653790,
        "task_us": 1582586,
        "max_wall_us": 70965,
        "pcm_hash": 2337883435,
        "scratch_bytes": 5488,
        "scratch_words": 15600,
        "min_dram": 9592,
        "stack_free_lifetime": 1676,
        "error": 0
      },
      {
        "id": 3,
        "packets": 120,
        "samples": 115200,
        "wall_us": 2057537,
        "task_us": 1973521,
        "max_wall_us": 70964,
        "pcm_hash": 1528306318,
        "scratch_bytes": 5488,
        "scratch_words": 15600,
        "min_dram": 9416,
        "stack_free_lifetime": 1676,
        "error": 0
      },
      {
        "id": 4,
        "packets": 120,
        "samples": 115200,
        "wall_us": 2446350,
        "task_us": 2316041,
        "max_wall_us": 53974,
        "pcm_hash": 1717014079,
        "scratch_bytes": 5488,
        "scratch_words": 15600,
        "min_dram": 9512,
        "stack_free_lifetime": 1676,
        "error": 0
      }
    ]
  },
  "comparison": [
    {
      "name": "mono-12",
      "id": 0,
      "packets": 120,
      "samples": 115200,
      "wall_us": 552233,
      "task_us": 553305,
      "max_wall_us": 6481,
      "pcm_hash": 898651720,
      "scratch_bytes": 1808,
      "scratch_words": 14112,
      "min_dram": 9160,
      "stack_free_lifetime": 1676,
      "error": 0,
      "audio_duration_us": 2400000,
      "task_budget_percent": 23.054375,
      "wall_budget_percent": 23.009708333333332,
      "task_budget_minus_empty_estimate_percent": 22.814375
    },
    {
      "name": "mono-24",
      "id": 1,
      "packets": 120,
      "samples": 115200,
      "wall_us": 1395951,
      "task_us": 1326211,
      "max_wall_us": 38273,
      "pcm_hash": 3216561658,
      "scratch_bytes": 2904,
      "scratch_words": 15600,
      "min_dram": 9456,
      "stack_free_lifetime": 1676,
      "error": 0,
      "audio_duration_us": 2400000,
      "task_budget_percent": 55.25879166666667,
      "wall_budget_percent": 58.164625,
      "task_budget_minus_empty_estimate_percent": 55.018791666666665
    },
    {
      "name": "stereo-64",
      "id": 2,
      "packets": 120,
      "samples": 115200,
      "wall_us": 1653790,
      "task_us": 1582586,
      "max_wall_us": 70965,
      "pcm_hash": 2337883435,
      "scratch_bytes": 5488,
      "scratch_words": 15600,
      "min_dram": 9592,
      "stack_free_lifetime": 1676,
      "error": 0,
      "audio_duration_us": 2400000,
      "task_budget_percent": 65.94108333333334,
      "wall_budget_percent": 68.90791666666667,
      "task_budget_minus_empty_estimate_percent": 65.70108333333333
    },
    {
      "name": "stereo-128",
      "id": 3,
      "packets": 120,
      "samples": 115200,
      "wall_us": 2057537,
      "task_us": 1973521,
      "max_wall_us": 70964,
      "pcm_hash": 1528306318,
      "scratch_bytes": 5488,
      "scratch_words": 15600,
      "min_dram": 9416,
      "stack_free_lifetime": 1676,
      "error": 0,
      "audio_duration_us": 2400000,
      "task_budget_percent": 82.23004166666665,
      "wall_budget_percent": 85.73070833333333,
      "task_budget_minus_empty_estimate_percent": 81.99004166666666
    },
    {
      "name": "stereo-192",
      "id": 4,
      "packets": 120,
      "samples": 115200,
      "wall_us": 2446350,
      "task_us": 2316041,
      "max_wall_us": 53974,
      "pcm_hash": 1717014079,
      "scratch_bytes": 5488,
      "scratch_words": 15600,
      "min_dram": 9512,
      "stack_free_lifetime": 1676,
      "error": 0,
      "audio_duration_us": 2400000,
      "task_budget_percent": 96.50170833333333,
      "wall_budget_percent": 101.93125,
      "task_budget_minus_empty_estimate_percent": 96.26170833333332
    }
  ]
}
