PROGRESS 2/0/0 error 0
PROGRESS 2/1/4 error 0
PROGRESS 2/2/3 error 0
PROGRESS 2/3/0 error 0
PROGRESS 2/3/7 error 0
PROGRESS 2/4/2 error 0
PROGRESS 2/4/8 error 0
PROGRESS 3/4/10 error 0
{
  "final": {
    "run": 3,
    "state": 3,
    "case": 4,
    "round": 10,
    "rounds": 10,
    "dram_before": 25900,
    "dram_after": 26268,
    "state_bytes": 6582,
    "empty_task_us": 45,
    "error": 0,
    "physical_output": false,
    "results": [
      {
        "id": 0,
        "packets": 120,
        "samples": 115200,
        "wall_us": 555039,
        "task_us": 553253,
        "max_wall_us": 6599,
        "pcm_hash": 898651720,
        "scratch_bytes": 1808,
        "scratch_words": 14112,
        "min_dram": 9408,
        "stack_free_lifetime": 1676,
        "error": 0
      },
      {
        "id": 1,
        "packets": 120,
        "samples": 115200,
        "wall_us": 1394559,
        "task_us": 1326010,
        "max_wall_us": 46611,
        "pcm_hash": 3216561658,
        "scratch_bytes": 2904,
        "scratch_words": 15600,
        "min_dram": 9232,
        "stack_free_lifetime": 1676,
        "error": 0
      },
      {
        "id": 2,
        "packets": 120,
        "samples": 115200,
        "wall_us": 1656182,
        "task_us": 1583379,
        "max_wall_us": 69110,
        "pcm_hash": 2337883435,
        "scratch_bytes": 5488,
        "scratch_words": 15600,
        "min_dram": 9128,
        "stack_free_lifetime": 1676,
        "error": 0
      },
      {
        "id": 3,
        "packets": 120,
        "samples": 115200,
        "wall_us": 2054778,
        "task_us": 1973634,
        "max_wall_us": 52925,
        "pcm_hash": 1528306318,
        "scratch_bytes": 5488,
        "scratch_words": 15600,
        "min_dram": 9004,
        "stack_free_lifetime": 1676,
        "error": 0
      },
      {
        "id": 4,
        "packets": 120,
        "samples": 115200,
        "wall_us": 2449402,
        "task_us": 2318313,
        "max_wall_us": 72688,
        "pcm_hash": 1717014079,
        "scratch_bytes": 5488,
        "scratch_words": 15600,
        "min_dram": 8320,
        "stack_free_lifetime": 1676,
        "error": 0
      }
    ]
  },
  "comparison": [
    {
      "name": "mono-12",
      "id": 0,
      "packets": 120,
      "samples": 115200,
      "wall_us": 555039,
      "task_us": 553253,
      "max_wall_us": 6599,
      "pcm_hash": 898651720,
      "scratch_bytes": 1808,
      "scratch_words": 14112,
      "min_dram": 9408,
      "stack_free_lifetime": 1676,
      "error": 0,
      "audio_duration_us": 2400000,
      "task_budget_percent": 23.052208333333333,
      "wall_budget_percent": 23.126624999999997,
      "task_budget_minus_empty_estimate_percent": 22.82720833333333
    },
    {
      "name": "mono-24",
      "id": 1,
      "packets": 120,
      "samples": 115200,
      "wall_us": 1394559,
      "task_us": 1326010,
      "max_wall_us": 46611,
      "pcm_hash": 3216561658,
      "scratch_bytes": 2904,
      "scratch_words": 15600,
      "min_dram": 9232,
      "stack_free_lifetime": 1676,
      "error": 0,
      "audio_duration_us": 2400000,
      "task_budget_percent": 55.250416666666666,
      "wall_budget_percent": 58.106625,
      "task_budget_minus_empty_estimate_percent": 55.025416666666665
    },
    {
      "name": "stereo-64",
      "id": 2,
      "packets": 120,
      "samples": 115200,
      "wall_us": 1656182,
      "task_us": 1583379,
      "max_wall_us": 69110,
      "pcm_hash": 2337883435,
      "scratch_bytes": 5488,
      "scratch_words": 15600,
      "min_dram": 9128,
      "stack_free_lifetime": 1676,
      "error": 0,
      "audio_duration_us": 2400000,
      "task_budget_percent": 65.97412499999999,
      "wall_budget_percent": 69.00758333333333,
      "task_budget_minus_empty_estimate_percent": 65.74912499999999
    },
    {
      "name": "stereo-128",
      "id": 3,
      "packets": 120,
      "samples": 115200,
      "wall_us": 2054778,
      "task_us": 1973634,
      "max_wall_us": 52925,
      "pcm_hash": 1528306318,
      "scratch_bytes": 5488,
      "scratch_words": 15600,
      "min_dram": 9004,
      "stack_free_lifetime": 1676,
      "error": 0,
      "audio_duration_us": 2400000,
      "task_budget_percent": 82.23474999999999,
      "wall_budget_percent": 85.61575,
      "task_budget_minus_empty_estimate_percent": 82.00975
    },
    {
      "name": "stereo-192",
      "id": 4,
      "packets": 120,
      "samples": 115200,
      "wall_us": 2449402,
      "task_us": 2318313,
      "max_wall_us": 72688,
      "pcm_hash": 1717014079,
      "scratch_bytes": 5488,
      "scratch_words": 15600,
      "min_dram": 8320,
      "stack_free_lifetime": 1676,
      "error": 0,
      "audio_duration_us": 2400000,
      "task_budget_percent": 96.59637500000001,
      "wall_budget_percent": 102.05841666666666,
      "task_budget_minus_empty_estimate_percent": 96.371375
    }
  ]
}
