PROGRESS 2/0/0 error 0
PROGRESS 2/1/4 error 0
PROGRESS 2/2/2 error 0
PROGRESS 2/3/0 error 0
PROGRESS 2/3/7 error 0
PROGRESS 2/4/2 error 0
PROGRESS 2/4/8 error 0
PROGRESS 3/4/10 error 0
{
  "final": {
    "run": 7,
    "state": 3,
    "case": 4,
    "round": 10,
    "rounds": 10,
    "dram_before": 25552,
    "dram_after": 26796,
    "state_bytes": 6582,
    "empty_task_us": 45,
    "error": 0,
    "physical_output": false,
    "results": [
      {
        "id": 0,
        "packets": 120,
        "samples": 115200,
        "wall_us": 553901,
        "task_us": 553130,
        "max_wall_us": 6540,
        "pcm_hash": 898651720,
        "scratch_bytes": 1808,
        "scratch_words": 14112,
        "min_dram": 8644,
        "stack_free_lifetime": 1676,
        "error": 0
      },
      {
        "id": 1,
        "packets": 120,
        "samples": 115200,
        "wall_us": 1393081,
        "task_us": 1325847,
        "max_wall_us": 41367,
        "pcm_hash": 3216561658,
        "scratch_bytes": 2904,
        "scratch_words": 15600,
        "min_dram": 9304,
        "stack_free_lifetime": 1676,
        "error": 0
      },
      {
        "id": 2,
        "packets": 120,
        "samples": 115200,
        "wall_us": 1653965,
        "task_us": 1584554,
        "max_wall_us": 44888,
        "pcm_hash": 2337883435,
        "scratch_bytes": 5488,
        "scratch_words": 15600,
        "min_dram": 8320,
        "stack_free_lifetime": 1676,
        "error": 0
      },
      {
        "id": 3,
        "packets": 120,
        "samples": 115200,
        "wall_us": 2057059,
        "task_us": 1974024,
        "max_wall_us": 67067,
        "pcm_hash": 1528306318,
        "scratch_bytes": 5488,
        "scratch_words": 15600,
        "min_dram": 9512,
        "stack_free_lifetime": 1676,
        "error": 0
      },
      {
        "id": 4,
        "packets": 120,
        "samples": 115200,
        "wall_us": 2456011,
        "task_us": 2318928,
        "max_wall_us": 65918,
        "pcm_hash": 1717014079,
        "scratch_bytes": 5488,
        "scratch_words": 15600,
        "min_dram": 9864,
        "stack_free_lifetime": 1676,
        "error": 0
      }
    ]
  },
  "comparison": [
    {
      "name": "mono-12",
      "id": 0,
      "packets": 120,
      "samples": 115200,
      "wall_us": 553901,
      "task_us": 553130,
      "max_wall_us": 6540,
      "pcm_hash": 898651720,
      "scratch_bytes": 1808,
      "scratch_words": 14112,
      "min_dram": 8644,
      "stack_free_lifetime": 1676,
      "error": 0,
      "audio_duration_us": 2400000,
      "task_budget_percent": 23.047083333333333,
      "wall_budget_percent": 23.07920833333333,
      "task_budget_minus_empty_estimate_percent": 22.82208333333333
    },
    {
      "name": "mono-24",
      "id": 1,
      "packets": 120,
      "samples": 115200,
      "wall_us": 1393081,
      "task_us": 1325847,
      "max_wall_us": 41367,
      "pcm_hash": 3216561658,
      "scratch_bytes": 2904,
      "scratch_words": 15600,
      "min_dram": 9304,
      "stack_free_lifetime": 1676,
      "error": 0,
      "audio_duration_us": 2400000,
      "task_budget_percent": 55.243624999999994,
      "wall_budget_percent": 58.04504166666666,
      "task_budget_minus_empty_estimate_percent": 55.018625
    },
    {
      "name": "stereo-64",
      "id": 2,
      "packets": 120,
      "samples": 115200,
      "wall_us": 1653965,
      "task_us": 1584554,
      "max_wall_us": 44888,
      "pcm_hash": 2337883435,
      "scratch_bytes": 5488,
      "scratch_words": 15600,
      "min_dram": 8320,
      "stack_free_lifetime": 1676,
      "error": 0,
      "audio_duration_us": 2400000,
      "task_budget_percent": 66.02308333333333,
      "wall_budget_percent": 68.91520833333334,
      "task_budget_minus_empty_estimate_percent": 65.79808333333332
    },
    {
      "name": "stereo-128",
      "id": 3,
      "packets": 120,
      "samples": 115200,
      "wall_us": 2057059,
      "task_us": 1974024,
      "max_wall_us": 67067,
      "pcm_hash": 1528306318,
      "scratch_bytes": 5488,
      "scratch_words": 15600,
      "min_dram": 9512,
      "stack_free_lifetime": 1676,
      "error": 0,
      "audio_duration_us": 2400000,
      "task_budget_percent": 82.25099999999999,
      "wall_budget_percent": 85.71079166666667,
      "task_budget_minus_empty_estimate_percent": 82.026
    },
    {
      "name": "stereo-192",
      "id": 4,
      "packets": 120,
      "samples": 115200,
      "wall_us": 2456011,
      "task_us": 2318928,
      "max_wall_us": 65918,
      "pcm_hash": 1717014079,
      "scratch_bytes": 5488,
      "scratch_words": 15600,
      "min_dram": 9864,
      "stack_free_lifetime": 1676,
      "error": 0,
      "audio_duration_us": 2400000,
      "task_budget_percent": 96.622,
      "wall_budget_percent": 102.33379166666666,
      "task_budget_minus_empty_estimate_percent": 96.397
    }
  ]
}
