PROGRESS 2/0/0 error 0
PROGRESS 2/1/4 error 0
PROGRESS 2/2/2 error 0
PROGRESS 2/3/0 error 0
PROGRESS 2/3/7 error 0
PROGRESS 2/4/2 error 0
PROGRESS 2/4/8 error 0
PROGRESS 3/4/10 error 0
{
  "final": {
    "run": 9,
    "state": 3,
    "case": 4,
    "round": 10,
    "rounds": 10,
    "dram_before": 25904,
    "dram_after": 26092,
    "state_bytes": 6582,
    "empty_task_us": 52,
    "error": 0,
    "physical_output": false,
    "results": [
      {
        "id": 0,
        "packets": 120,
        "samples": 115200,
        "wall_us": 554972,
        "task_us": 553616,
        "max_wall_us": 6585,
        "pcm_hash": 898651720,
        "scratch_bytes": 1808,
        "scratch_words": 14112,
        "min_dram": 9004,
        "stack_free_lifetime": 1676,
        "error": 0
      },
      {
        "id": 1,
        "packets": 120,
        "samples": 115200,
        "wall_us": 1394774,
        "task_us": 1325654,
        "max_wall_us": 39502,
        "pcm_hash": 3216561658,
        "scratch_bytes": 2904,
        "scratch_words": 15600,
        "min_dram": 9480,
        "stack_free_lifetime": 1676,
        "error": 0
      },
      {
        "id": 2,
        "packets": 120,
        "samples": 115200,
        "wall_us": 1654965,
        "task_us": 1583783,
        "max_wall_us": 63918,
        "pcm_hash": 2337883435,
        "scratch_bytes": 5488,
        "scratch_words": 15600,
        "min_dram": 9688,
        "stack_free_lifetime": 1676,
        "error": 0
      },
      {
        "id": 3,
        "packets": 120,
        "samples": 115200,
        "wall_us": 2056328,
        "task_us": 1973638,
        "max_wall_us": 69923,
        "pcm_hash": 1528306318,
        "scratch_bytes": 5488,
        "scratch_words": 15600,
        "min_dram": 9688,
        "stack_free_lifetime": 1676,
        "error": 0
      },
      {
        "id": 4,
        "packets": 120,
        "samples": 115200,
        "wall_us": 2459942,
        "task_us": 2319299,
        "max_wall_us": 75330,
        "pcm_hash": 1717014079,
        "scratch_bytes": 5488,
        "scratch_words": 15600,
        "min_dram": 9004,
        "stack_free_lifetime": 1676,
        "error": 0
      }
    ]
  },
  "comparison": [
    {
      "name": "mono-12",
      "id": 0,
      "packets": 120,
      "samples": 115200,
      "wall_us": 554972,
      "task_us": 553616,
      "max_wall_us": 6585,
      "pcm_hash": 898651720,
      "scratch_bytes": 1808,
      "scratch_words": 14112,
      "min_dram": 9004,
      "stack_free_lifetime": 1676,
      "error": 0,
      "audio_duration_us": 2400000,
      "task_budget_percent": 23.06733333333333,
      "wall_budget_percent": 23.123833333333334,
      "task_budget_minus_empty_estimate_percent": 22.807333333333332
    },
    {
      "name": "mono-24",
      "id": 1,
      "packets": 120,
      "samples": 115200,
      "wall_us": 1394774,
      "task_us": 1325654,
      "max_wall_us": 39502,
      "pcm_hash": 3216561658,
      "scratch_bytes": 2904,
      "scratch_words": 15600,
      "min_dram": 9480,
      "stack_free_lifetime": 1676,
      "error": 0,
      "audio_duration_us": 2400000,
      "task_budget_percent": 55.23558333333334,
      "wall_budget_percent": 58.11558333333333,
      "task_budget_minus_empty_estimate_percent": 54.97558333333333
    },
    {
      "name": "stereo-64",
      "id": 2,
      "packets": 120,
      "samples": 115200,
      "wall_us": 1654965,
      "task_us": 1583783,
      "max_wall_us": 63918,
      "pcm_hash": 2337883435,
      "scratch_bytes": 5488,
      "scratch_words": 15600,
      "min_dram": 9688,
      "stack_free_lifetime": 1676,
      "error": 0,
      "audio_duration_us": 2400000,
      "task_budget_percent": 65.99095833333332,
      "wall_budget_percent": 68.956875,
      "task_budget_minus_empty_estimate_percent": 65.73095833333333
    },
    {
      "name": "stereo-128",
      "id": 3,
      "packets": 120,
      "samples": 115200,
      "wall_us": 2056328,
      "task_us": 1973638,
      "max_wall_us": 69923,
      "pcm_hash": 1528306318,
      "scratch_bytes": 5488,
      "scratch_words": 15600,
      "min_dram": 9688,
      "stack_free_lifetime": 1676,
      "error": 0,
      "audio_duration_us": 2400000,
      "task_budget_percent": 82.23491666666666,
      "wall_budget_percent": 85.68033333333334,
      "task_budget_minus_empty_estimate_percent": 81.97491666666667
    },
    {
      "name": "stereo-192",
      "id": 4,
      "packets": 120,
      "samples": 115200,
      "wall_us": 2459942,
      "task_us": 2319299,
      "max_wall_us": 75330,
      "pcm_hash": 1717014079,
      "scratch_bytes": 5488,
      "scratch_words": 15600,
      "min_dram": 9004,
      "stack_free_lifetime": 1676,
      "error": 0,
      "audio_duration_us": 2400000,
      "task_budget_percent": 96.63745833333333,
      "wall_budget_percent": 102.49758333333332,
      "task_budget_minus_empty_estimate_percent": 96.37745833333332
    }
  ]
}
