TAP version 13
# Subtest: compiler command parser does not invoke a shell and keeps quoted definitions
ok 1 - compiler command parser does not invoke a shell and keeps quoted definitions
  ---
  duration_ms: 3.0507
  type: 'test'
  ...
# Subtest: full ASM snapshot covers every upstream unit and both variants verify
ok 2 - full ASM snapshot covers every upstream unit and both variants verify
  ---
  duration_ms: 438.1459
  type: 'test'
  ...
# Subtest: annotations preserve comments and describe the function ABI
ok 3 - annotations preserve comments and describe the function ABI
  ---
  duration_ms: 0.557
  type: 'test'
  ...
# Subtest: stale source hashes and a different exported feature set fail closed
ok 4 - stale source hashes and a different exported feature set fail closed
  ---
  duration_ms: 8.3647
  type: 'test'
  ...
# Subtest: ASM backend is opt-in, diagnostic only and ABI-incompatible features are rejected
ok 5 - ASM backend is opt-in, diagnostic only and ABI-incompatible features are rejected
  ---
  duration_ms: 1.0067
  type: 'test'
  ...
# Subtest: accepts smaller low-bitrate regressions when high-bitrate gains dominate
ok 6 - accepts smaller low-bitrate regressions when high-bitrate gains dominate
  ---
  duration_ms: 1.0023
  type: 'test'
  ...
# Subtest: rejects high-bitrate slowdown, dominant low-bitrate loss and realtime budget failure
ok 7 - rejects high-bitrate slowdown, dominant low-bitrate loss and realtime budget failure
  ---
  duration_ms: 0.7545
  type: 'test'
  ...
# Subtest: desktop fixture reader accepts the complete uint16 packet container
ok 8 - desktop fixture reader accepts the complete uint16 packet container
  ---
  duration_ms: 2.2101
  type: 'test'
  ...
# Subtest: all thirty MDCT halfword measurements are retained, exact and reproducible
ok 9 - all thirty MDCT halfword measurements are retained, exact and reproducible
  ---
  duration_ms: 233.0669
  type: 'test'
  ...
# Subtest: ordinary firmware is restored by OTA with WebSocket status and unchanged playlist
ok 10 - ordinary firmware is restored by OTA with WebSocket status and unchanged playlist
  ---
  duration_ms: 3.8954
  type: 'test'
  ...
# Subtest: actual MDCT ASM preserves every register bit for all words and both halfword parities
ok 11 - actual MDCT ASM preserves every register bit for all words and both halfword parities
  ---
  duration_ms: 21.2265
  type: 'test'
  ...
# Subtest: selector matching refuses interior entries, duplicate/missing source, and aliasing registers
ok 12 - selector matching refuses interior entries, duplicate/missing source, and aliasing registers
  ---
  duration_ms: 7.0328
  type: 'test'
  ...
# Subtest: assembled code has exact local targets, operation order and untouched instructions outside selectors
ok 13 - assembled code has exact local targets, operation order and untouched instructions outside selectors
  ---
  duration_ms: 13.3881
  type: 'test'
  ...
# Subtest: five 17-byte patches cannot alter other ELF bytes or RAM/stack/address metadata
ok 14 - five 17-byte patches cannot alter other ELF bytes or RAM/stack/address metadata
  ---
  duration_ms: 249.6996
  type: 'test'
  ...
# Subtest: image hashes, recipe and exact opcode evidence validate; mixed benchmark profiles refused
ok 15 - image hashes, recipe and exact opcode evidence validate; mixed benchmark profiles refused
  ---
  duration_ms: 185.903
  type: 'test'
  ...
# Subtest: macro arithmetic is the exact GCC leaf body without return
ok 16 - macro arithmetic is the exact GCC leaf body without return
  ---
  duration_ms: 1.6101
  type: 'test'
  ...
# Subtest: only four pinned quant_partition calls are expanded and baseline stays exact
ok 17 - only four pinned quant_partition calls are expanded and baseline stays exact
  ---
  duration_ms: 178.8162
  type: 'test'
  ...
# Subtest: actual macro preserves results and live registers at every normalized threshold
ok 18 - actual macro preserves results and live registers at every normalized threshold
  ---
  duration_ms: 216.3096
  type: 'test'
  ...
1..18
# tests 18
# suites 0
# pass 18
# fail 0
# cancelled 0
# skipped 0
# todo 0
# duration_ms 601.3632
