bounded: compiled 0/112 objects; link reused
bounded: compiled 112/112 objects; linked
mono-12 exact PCM
mono-24 exact PCM
stereo-64 exact PCM
stereo-128 exact PCM
stereo-192 exact PCM
stereo-320-2.5ms exact PCM
stereo-320-5ms exact PCM
stereo-320-10ms exact PCM
stereo-320-20ms exact PCM
stereo-510 exact PCM
mixed exact PCM
phase-mono-20ms.opuspkt exact PCM
phase-stereo-10ms-packed20.opuspkt exact PCM
phase-stereo-10ms-vbr-packed20.opuspkt exact PCM
phase-stereo-10ms-vbr.opuspkt exact PCM
phase-stereo-10ms.opuspkt exact PCM
phase-stereo-20ms.opuspkt exact PCM
phase-stereo-2_5ms-packed20.opuspkt exact PCM
phase-stereo-2_5ms.opuspkt exact PCM
phase-stereo-5ms-packed20.opuspkt exact PCM
phase-stereo-5ms.opuspkt exact PCM
192-120ms exact PCM
320-120ms exact PCM
320-48frames exact PCM
