PROGRESS 2/0/0 error 0
PROGRESS 3/4/10 error 0
{
  "final": {
    "run": 1,
    "state": 3,
    "case": 4,
    "round": 10,
    "rounds": 10,
    "dram_before": 24724,
    "dram_after": 26124,
    "state_bytes": 6582,
    "empty_task_us": 53,
    "error": 0,
    "physical_output": false,
    "results": [
      {
        "id": 0,
        "packets": 120,
        "samples": 115200,
        "wall_us": 561340,
        "task_us": 555575,
        "max_wall_us": 7210,
        "pcm_hash": 898651720,
        "scratch_bytes": 1808,
        "scratch_words": 14112,
        "min_dram": 9448,
        "stack_free_lifetime": 1740,
        "error": 0
      },
      {
        "id": 1,
        "packets": 120,
        "samples": 115200,
        "wall_us": 1323433,
        "task_us": 1308508,
        "max_wall_us": 13223,
        "pcm_hash": 3216561658,
        "scratch_bytes": 2904,
        "scratch_words": 15600,
        "min_dram": 9624,
        "stack_free_lifetime": 1660,
        "error": 0
      },
      {
        "id": 2,
        "packets": 120,
        "samples": 115200,
        "wall_us": 1582216,
        "task_us": 1556900,
        "max_wall_us": 16466,
        "pcm_hash": 2337883435,
        "scratch_bytes": 5488,
        "scratch_words": 15600,
        "min_dram": 9624,
        "stack_free_lifetime": 1660,
        "error": 0
      },
      {
        "id": 3,
        "packets": 120,
        "samples": 115200,
        "wall_us": 1872308,
        "task_us": 1845182,
        "max_wall_us": 18469,
        "pcm_hash": 1528306318,
        "scratch_bytes": 5488,
        "scratch_words": 15600,
        "min_dram": 9624,
        "stack_free_lifetime": 1660,
        "error": 0
      },
      {
        "id": 4,
        "packets": 120,
        "samples": 115200,
        "wall_us": 2138735,
        "task_us": 2104254,
        "max_wall_us": 20770,
        "pcm_hash": 1717014079,
        "scratch_bytes": 5488,
        "scratch_words": 15600,
        "min_dram": 9624,
        "stack_free_lifetime": 1660,
        "error": 0
      }
    ]
  },
  "comparison": [
    {
      "name": "mono-12",
      "id": 0,
      "packets": 120,
      "samples": 115200,
      "wall_us": 561340,
      "task_us": 555575,
      "max_wall_us": 7210,
      "pcm_hash": 898651720,
      "scratch_bytes": 1808,
      "scratch_words": 14112,
      "min_dram": 9448,
      "stack_free_lifetime": 1740,
      "error": 0,
      "audio_duration_us": 2400000,
      "task_budget_percent": 23.148958333333333,
      "wall_budget_percent": 23.389166666666668,
      "task_budget_minus_empty_estimate_percent": 22.883958333333332
    },
    {
      "name": "mono-24",
      "id": 1,
      "packets": 120,
      "samples": 115200,
      "wall_us": 1323433,
      "task_us": 1308508,
      "max_wall_us": 13223,
      "pcm_hash": 3216561658,
      "scratch_bytes": 2904,
      "scratch_words": 15600,
      "min_dram": 9624,
      "stack_free_lifetime": 1660,
      "error": 0,
      "audio_duration_us": 2400000,
      "task_budget_percent": 54.52116666666666,
      "wall_budget_percent": 55.14304166666666,
      "task_budget_minus_empty_estimate_percent": 54.256166666666665
    },
    {
      "name": "stereo-64",
      "id": 2,
      "packets": 120,
      "samples": 115200,
      "wall_us": 1582216,
      "task_us": 1556900,
      "max_wall_us": 16466,
      "pcm_hash": 2337883435,
      "scratch_bytes": 5488,
      "scratch_words": 15600,
      "min_dram": 9624,
      "stack_free_lifetime": 1660,
      "error": 0,
      "audio_duration_us": 2400000,
      "task_budget_percent": 64.87083333333334,
      "wall_budget_percent": 65.92566666666667,
      "task_budget_minus_empty_estimate_percent": 64.60583333333334
    },
    {
      "name": "stereo-128",
      "id": 3,
      "packets": 120,
      "samples": 115200,
      "wall_us": 1872308,
      "task_us": 1845182,
      "max_wall_us": 18469,
      "pcm_hash": 1528306318,
      "scratch_bytes": 5488,
      "scratch_words": 15600,
      "min_dram": 9624,
      "stack_free_lifetime": 1660,
      "error": 0,
      "audio_duration_us": 2400000,
      "task_budget_percent": 76.88258333333333,
      "wall_budget_percent": 78.01283333333333,
      "task_budget_minus_empty_estimate_percent": 76.61758333333333
    },
    {
      "name": "stereo-192",
      "id": 4,
      "packets": 120,
      "samples": 115200,
      "wall_us": 2138735,
      "task_us": 2104254,
      "max_wall_us": 20770,
      "pcm_hash": 1717014079,
      "scratch_bytes": 5488,
      "scratch_words": 15600,
      "min_dram": 9624,
      "stack_free_lifetime": 1660,
      "error": 0,
      "audio_duration_us": 2400000,
      "task_budget_percent": 87.67724999999999,
      "wall_budget_percent": 89.11395833333333,
      "task_budget_minus_empty_estimate_percent": 87.41225
    }
  ]
}
