PROGRESS 2/0/0 error 0
PROGRESS 3/4/10 error 0
{
  "final": {
    "run": 1,
    "state": 3,
    "case": 4,
    "round": 10,
    "rounds": 10,
    "dram_before": 26464,
    "dram_after": 26652,
    "state_bytes": 6582,
    "empty_task_us": 67,
    "error": 0,
    "physical_output": false,
    "results": [
      {
        "id": 0,
        "packets": 120,
        "samples": 115200,
        "wall_us": 553866,
        "task_us": 553769,
        "max_wall_us": 7815,
        "pcm_hash": 898651720,
        "scratch_bytes": 1808,
        "scratch_words": 14112,
        "min_dram": 8696,
        "stack_free_lifetime": 1740,
        "error": 0
      },
      {
        "id": 1,
        "packets": 120,
        "samples": 115200,
        "wall_us": 1343622,
        "task_us": 1319966,
        "max_wall_us": 13714,
        "pcm_hash": 3216561658,
        "scratch_bytes": 2904,
        "scratch_words": 15600,
        "min_dram": 10152,
        "stack_free_lifetime": 1724,
        "error": 0
      },
      {
        "id": 2,
        "packets": 120,
        "samples": 115200,
        "wall_us": 1598255,
        "task_us": 1569824,
        "max_wall_us": 16144,
        "pcm_hash": 2337883435,
        "scratch_bytes": 5488,
        "scratch_words": 15600,
        "min_dram": 10152,
        "stack_free_lifetime": 1724,
        "error": 0
      },
      {
        "id": 3,
        "packets": 120,
        "samples": 115200,
        "wall_us": 1887448,
        "task_us": 1857138,
        "max_wall_us": 18352,
        "pcm_hash": 1528306318,
        "scratch_bytes": 5488,
        "scratch_words": 15600,
        "min_dram": 10152,
        "stack_free_lifetime": 1724,
        "error": 0
      },
      {
        "id": 4,
        "packets": 120,
        "samples": 115200,
        "wall_us": 2150181,
        "task_us": 2113841,
        "max_wall_us": 20815,
        "pcm_hash": 1717014079,
        "scratch_bytes": 5488,
        "scratch_words": 15600,
        "min_dram": 10152,
        "stack_free_lifetime": 1660,
        "error": 0
      }
    ]
  },
  "comparison": [
    {
      "name": "mono-12",
      "id": 0,
      "packets": 120,
      "samples": 115200,
      "wall_us": 553866,
      "task_us": 553769,
      "max_wall_us": 7815,
      "pcm_hash": 898651720,
      "scratch_bytes": 1808,
      "scratch_words": 14112,
      "min_dram": 8696,
      "stack_free_lifetime": 1740,
      "error": 0,
      "audio_duration_us": 2400000,
      "task_budget_percent": 23.073708333333332,
      "wall_budget_percent": 23.077749999999998,
      "task_budget_minus_empty_estimate_percent": 22.73870833333333
    },
    {
      "name": "mono-24",
      "id": 1,
      "packets": 120,
      "samples": 115200,
      "wall_us": 1343622,
      "task_us": 1319966,
      "max_wall_us": 13714,
      "pcm_hash": 3216561658,
      "scratch_bytes": 2904,
      "scratch_words": 15600,
      "min_dram": 10152,
      "stack_free_lifetime": 1724,
      "error": 0,
      "audio_duration_us": 2400000,
      "task_budget_percent": 54.99858333333333,
      "wall_budget_percent": 55.984249999999996,
      "task_budget_minus_empty_estimate_percent": 54.663583333333335
    },
    {
      "name": "stereo-64",
      "id": 2,
      "packets": 120,
      "samples": 115200,
      "wall_us": 1598255,
      "task_us": 1569824,
      "max_wall_us": 16144,
      "pcm_hash": 2337883435,
      "scratch_bytes": 5488,
      "scratch_words": 15600,
      "min_dram": 10152,
      "stack_free_lifetime": 1724,
      "error": 0,
      "audio_duration_us": 2400000,
      "task_budget_percent": 65.40933333333334,
      "wall_budget_percent": 66.59395833333333,
      "task_budget_minus_empty_estimate_percent": 65.07433333333333
    },
    {
      "name": "stereo-128",
      "id": 3,
      "packets": 120,
      "samples": 115200,
      "wall_us": 1887448,
      "task_us": 1857138,
      "max_wall_us": 18352,
      "pcm_hash": 1528306318,
      "scratch_bytes": 5488,
      "scratch_words": 15600,
      "min_dram": 10152,
      "stack_free_lifetime": 1724,
      "error": 0,
      "audio_duration_us": 2400000,
      "task_budget_percent": 77.38075,
      "wall_budget_percent": 78.64366666666668,
      "task_budget_minus_empty_estimate_percent": 77.04575
    },
    {
      "name": "stereo-192",
      "id": 4,
      "packets": 120,
      "samples": 115200,
      "wall_us": 2150181,
      "task_us": 2113841,
      "max_wall_us": 20815,
      "pcm_hash": 1717014079,
      "scratch_bytes": 5488,
      "scratch_words": 15600,
      "min_dram": 10152,
      "stack_free_lifetime": 1660,
      "error": 0,
      "audio_duration_us": 2400000,
      "task_budget_percent": 88.07670833333333,
      "wall_budget_percent": 89.590875,
      "task_budget_minus_empty_estimate_percent": 87.74170833333332
    }
  ]
}
