TAP version 13
# Subtest: compiler command parser does not invoke a shell and keeps quoted definitions
ok 1 - compiler command parser does not invoke a shell and keeps quoted definitions
  ---
  duration_ms: 3.2137
  type: 'test'
  ...
# Subtest: full ASM snapshot covers every upstream unit and both variants verify
ok 2 - full ASM snapshot covers every upstream unit and both variants verify
  ---
  duration_ms: 803.612
  type: 'test'
  ...
# Subtest: annotations preserve comments and describe the function ABI
ok 3 - annotations preserve comments and describe the function ABI
  ---
  duration_ms: 0.7933
  type: 'test'
  ...
# Subtest: stale source hashes and a different exported feature set fail closed
ok 4 - stale source hashes and a different exported feature set fail closed
  ---
  duration_ms: 29.9203
  type: 'test'
  ...
# Subtest: ASM backend is opt-in, diagnostic only and ABI-incompatible features are rejected
ok 5 - ASM backend is opt-in, diagnostic only and ABI-incompatible features are rejected
  ---
  duration_ms: 8.2567
  type: 'test'
  ...
# Subtest: accepts smaller low-bitrate regressions when high-bitrate gains dominate
ok 6 - accepts smaller low-bitrate regressions when high-bitrate gains dominate
  ---
  duration_ms: 1.4965
  type: 'test'
  ...
# Subtest: rejects high-bitrate slowdown, dominant low-bitrate loss and realtime budget failure
ok 7 - rejects high-bitrate slowdown, dominant low-bitrate loss and realtime budget failure
  ---
  duration_ms: 1.1872
  type: 'test'
  ...
# Subtest: current 80% raw CPU target uses an inclusive, unrounded median threshold
ok 8 - current 80% raw CPU target uses an inclusive, unrounded median threshold
  ---
  duration_ms: 2.0031
  type: 'test'
  ...
# Subtest: raw target rejects missing, ambiguous and invalid evidence or thresholds
ok 9 - raw target rejects missing, ambiguous and invalid evidence or thresholds
  ---
  duration_ms: 2.5383
  type: 'test'
  ...
# Subtest: active CPU target is independent of historical 70% field and relative-speed acceptance
ok 10 - active CPU target is independent of historical 70% field and relative-speed acceptance
  ---
  duration_ms: 0.4115
  type: 'test'
  ...
# Subtest: ec_dec_bits physical report retains all30 attempts with exact PCM and independently checked CPU medians
ok 11 - ec_dec_bits physical report retains all30 attempts with exact PCM and independently checked CPU medians
  ---
  duration_ms: 24400.9114
  type: 'test'
  ...
# Subtest: ec_dec_bits experiment restores ordinary radio OTA with matching station, playlist, HTTP and WebSocket
ok 12 - ec_dec_bits experiment restores ordinary radio OTA with matching station, playlist, HTTP and WebSocket
  ---
  duration_ms: 3.5211
  type: 'test'
  ...
# Subtest: ec_dec_bits actual tail preserves arbitrary32 bits, SAR, entropy state and full refill/EOF
ok 13 - ec_dec_bits actual tail preserves arbitrary32 bits, SAR, entropy state and full refill/EOF
  ---
  duration_ms: 5453.2022
  type: 'test'
  ...
# Subtest: entropy proof rejects wrong bit operations, memory order, omitted SAR restore and bypass entries
ok 14 - entropy proof rejects wrong bit operations, memory order, omitted SAR restore and bypass entries
  ---
  duration_ms: 7.6165
  type: 'test'
  ...
# Subtest: fixed images preserve all unrelated bytes/addresses and inherit only accepted PVQ/MDCT overlays
ok 15 - fixed images preserve all unrelated bytes/addresses and inherit only accepted PVQ/MDCT overlays
  ---
  duration_ms: 23321.5549
  type: 'test'
  ...
# Subtest: host mirror preserves original C and all24 PCM/memory/PLC/reset/OOM scenarios through510kbps
ok 16 - host mirror preserves original C and all24 PCM/memory/PLC/reset/OOM scenarios through510kbps
  ---
  duration_ms: 4.6656
  type: 'test'
  ...
# Subtest: FFT physical report retains all30 attempts with exact PCM and independently checked CPU medians
ok 17 - FFT physical report retains all30 attempts with exact PCM and independently checked CPU medians
  ---
  duration_ms: 1792.7907
  type: 'test'
  ...
# Subtest: FFT experiment restores ordinary radio OTA with matching station, playlist, HTTP and WebSocket
ok 18 - FFT experiment restores ordinary radio OTA with matching station, playlist, HTTP and WebSocket
  ---
  duration_ms: 6.0307
  type: 'test'
  ...
# Subtest: FFT three-load actual opcodes preserve all registers and ordered memory reads
ok 19 - FFT three-load actual opcodes preserve all registers and ordered memory reads
  ---
  duration_ms: 36.624
  type: 'test'
  ...
# Subtest: FFT compact load proof fails on register, address, order and branch mutations
ok 20 - FFT compact load proof fails on register, address, order and branch mutations
  ---
  duration_ms: 15.8419
  type: 'test'
  ...
# Subtest: FFT candidate differs only inside the eight-byte range and image checksums
ok 21 - FFT candidate differs only inside the eight-byte range and image checksums
  ---
  duration_ms: 1707.3615
  type: 'test'
  ...
# Subtest: FFT physical report retains all30 attempts with exact PCM and independently checked CPU medians
ok 22 - FFT physical report retains all30 attempts with exact PCM and independently checked CPU medians
  ---
  duration_ms: 1883.0697
  type: 'test'
  ...
# Subtest: FFT experiment restores ordinary radio OTA with matching station, playlist, HTTP and WebSocket
ok 23 - FFT experiment restores ordinary radio OTA with matching station, playlist, HTTP and WebSocket
  ---
  duration_ms: 5.2704
  type: 'test'
  ...
# Subtest: actual FFT scheduling preserves arbitrary registers, aliased reads and ordered stores
ok 24 - actual FFT scheduling preserves arbitrary registers, aliased reads and ordered stores
  ---
  duration_ms: 40.4694
  type: 'test'
  ...
# Subtest: 648 numeric cases exercise PCM/twiddle overlap with metadata and written stack words
ok 25 - 648 numeric cases exercise PCM/twiddle overlap with metadata and written stack words
  ---
  duration_ms: 52.948
  type: 'test'
  ...
# Subtest: scheduling proof rejects wrong addresses, reordered writes, early twiddle and interior entries
ok 26 - scheduling proof rejects wrong addresses, reordered writes, early twiddle and interior entries
  ---
  duration_ms: 11.6851
  type: 'test'
  ...
# Subtest: only nineteen linked bytes plus valid image checksums differ; parent is accepted MDCT
ok 27 - only nineteen linked bytes plus valid image checksums differ; parent is accepted MDCT
  ---
  duration_ms: 2028.8854
  type: 'test'
  ...
# Subtest: desktop fixture reader accepts the complete uint16 packet container
ok 28 - desktop fixture reader accepts the complete uint16 packet container
  ---
  duration_ms: 2.5541
  type: 'test'
  ...
# Subtest: all24 saved PCM scenarios also preserve actual persistent states and scratch fields
ok 29 - all24 saved PCM scenarios also preserve actual persistent states and scratch fields
  ---
  duration_ms: 3.1312
  type: 'test'
  ...
# Subtest: host memory checks reject missing fields on both sides as well as silent size growth
ok 30 - host memory checks reject missing fields on both sides as well as silent size growth
  ---
  duration_ms: 5.5311
  type: 'test'
  ...
# Subtest: actual MDCT ASM preserves every register bit for all words and both halfword parities
ok 31 - actual MDCT ASM preserves every register bit for all words and both halfword parities
  ---
  duration_ms: 39.2328
  type: 'test'
  ...
# Subtest: selector matching refuses interior entries, duplicate/missing source, and aliasing registers
ok 32 - selector matching refuses interior entries, duplicate/missing source, and aliasing registers
  ---
  duration_ms: 14.5855
  type: 'test'
  ...
# Subtest: assembled code has exact local targets, operation order and untouched instructions outside selectors
ok 33 - assembled code has exact local targets, operation order and untouched instructions outside selectors
  ---
  duration_ms: 22.7974
  type: 'test'
  ...
# Subtest: five 17-byte patches cannot alter other ELF bytes or RAM/stack/address metadata
ok 34 - five 17-byte patches cannot alter other ELF bytes or RAM/stack/address metadata
  ---
  duration_ms: 391.5155
  type: 'test'
  ...
# Subtest: image hashes, recipe and exact opcode evidence validate; mixed benchmark profiles refused
ok 35 - image hashes, recipe and exact opcode evidence validate; mixed benchmark profiles refused
  ---
  duration_ms: 318.3413
  type: 'test'
  ...
# Subtest: all thirty post-rotation runs remain exact and speed/RAM results are independently recomputed
ok 36 - all thirty post-rotation runs remain exact and speed/RAM results are independently recomputed
  ---
  duration_ms: 1559.1506
  type: 'test'
  ...
# Subtest: normal radio restored OTA with HTTP/WS and unchanged selected station and playlist
ok 37 - normal radio restored OTA with HTTP/WS and unchanged selected station and playlist
  ---
  duration_ms: 4.9642
  type: 'test'
  ...
# Subtest: all225 post-rotation pairs preserve arbitrary PCM32 and exact in-place events
ok 38 - all225 post-rotation pairs preserve arbitrary PCM32 and exact in-place events
  ---
  duration_ms: 362.0996
  type: 'test'
  ...
# Subtest: rear reads must precede front stores; reordered events fail even if disjoint fixtures match values
ok 39 - rear reads must precede front stores; reordered events fail even if disjoint fixtures match values
  ---
  duration_ms: 6.8449
  type: 'test'
  ...
# Subtest: phase, invariant stack and exit scratch liveness are fail-closed
ok 40 - phase, invariant stack and exit scratch liveness are fail-closed
  ---
  duration_ms: 18.217
  type: 'test'
  ...
# Subtest: numeric complete transforms preserve central in-place pair across all standard N4 and PCM32 edges
ok 41 - numeric complete transforms preserve central in-place pair across all standard N4 and PCM32 edges
  ---
  duration_ms: 800.692
  type: 'test'
  ...
# Subtest: one276-byte patch preserves all other ELF/app bytes, table data, frame/RAM and settings
ok 42 - one276-byte patch preserves all other ELF/app bytes, table data, frame/RAM and settings
  ---
  duration_ms: 1611.4998
  type: 'test'
  ...
# Subtest: all450 table pairs preserve arbitrary32-bit PCM and separately rounded multiply terms
ok 43 - all450 table pairs preserve arbitrary32-bit PCM and separately rounded multiply terms
  ---
  duration_ms: 400.0173
  type: 'test'
  ...
# Subtest: parity, pointer advance, loop targets and boundary ABI mutations fail
ok 44 - parity, pointer advance, loop targets and boundary ABI mutations fail
  ---
  duration_ms: 36.4559
  type: 'test'
  ...
# Subtest: all four linked trig/bitrev ranges share parity, are immutable and bounded
ok 45 - all four linked trig/bitrev ranges share parity, are immutable and bounded
  ---
  duration_ms: 52.8456
  type: 'test'
  ...
# Subtest: numeric full transforms agree for PCM32 edge cases, random data, strides and aliasing
ok 46 - numeric full transforms agree for PCM32 edge cases, random data, strides and aliasing
  ---
  duration_ms: 939.394
  type: 'test'
  ...
# Subtest: one193-byte range changes; RAM, frame, rest of ELF/app and settings stay fixed
ok 47 - one193-byte range changes; RAM, frame, rest of ELF/app and settings stay fixed
  ---
  duration_ms: 978.0611
  type: 'test'
  ...
# Subtest: only immutable ctx.encode makes the three partition branches constant
ok 48 - only immutable ctx.encode makes the three partition branches constant
  ---
  duration_ms: 39.3112
  type: 'test'
  ...
# Subtest: proof fails closed for ctx writes, escaped frame and unknown instruction
ok 49 - proof fails closed for ctx writes, escaped frame and unknown instruction
  ---
  duration_ms: 14.1603
  type: 'test'
  ...
# Subtest: linked decoder projection is exact without RAM or stack growth
ok 50 - linked decoder projection is exact without RAM or stack growth
  ---
  duration_ms: 66.7671
  type: 'test'
  ...
# Subtest: Frozen partition physical report retains all30 attempts with exact PCM and independently checked CPU medians
ok 51 - Frozen partition physical report retains all30 attempts with exact PCM and independently checked CPU medians
  ---
  duration_ms: 19254.4084
  type: 'test'
  ...
# Subtest: Frozen partition experiment restores ordinary radio OTA with matching station, playlist, HTTP and WebSocket
ok 52 - Frozen partition experiment restores ordinary radio OTA with matching station, playlist, HTTP and WebSocket
  ---
  duration_ms: 4.6064
  type: 'test'
  ...
# Subtest: frozen quant_partition rebuilds from exact linked GCC code with pinned addresses and comments
ok 53 - frozen quant_partition rebuilds from exact linked GCC code with pinned addresses and comments
  ---
  duration_ms: 532.6932
  type: 'test'
  ...
# Subtest: projection rejects arithmetic, literal-address, call-entry and encode-contract corruption
ok 54 - projection rejects arithmetic, literal-address, call-entry and encode-contract corruption
  ---
  duration_ms: 130.1145
  type: 'test'
  ...
# Subtest: only original2382-byte function range and image checksums change; accepted PVQ parent remains intact
ok 55 - only original2382-byte function range and image checksums change; accepted PVQ parent remains intact
  ---
  duration_ms: 19544.3695
  type: 'test'
  ...
# Subtest: PVQ host profile pins its implementation and uses real memory fields, exact PCM and sanitizers
ok 56 - PVQ host profile pins its implementation and uses real memory fields, exact PCM and sanitizers
  ---
  duration_ms: 8.6233
  type: 'test'
  ...
# Subtest: PVQ counts conserve coordinates/searches and identify high-rate row search rather than rare extra dimension probes
ok 57 - PVQ counts conserve coordinates/searches and identify high-rate row search rather than rare extra dimension probes
  ---
  duration_ms: 1.5924
  type: 'test'
  ...
# Subtest: PVQ physical report retains all30 attempts with exact PCM and independently checked CPU medians
ok 58 - PVQ physical report retains all30 attempts with exact PCM and independently checked CPU medians
  ---
  duration_ms: 18527.5697
  type: 'test'
  ...
# Subtest: PVQ experiment restores ordinary radio OTA with matching station, playlist, HTTP and WebSocket
ok 59 - PVQ experiment restores ordinary radio OTA with matching station, playlist, HTTP and WebSocket
  ---
  duration_ms: 4.4942
  type: 'test'
  ...
# Subtest: PVQ linked loop preserves registers/read order by induction with four instructions per continuing probe
ok 60 - PVQ linked loop preserves registers/read order by induction with four instructions per continuing probe
  ---
  duration_ms: 16821.7124
  type: 'test'
  ...
# Subtest: PVQ patch cannot admit new interior entries, extra loads, changed return registers or a reversed branch
ok 61 - PVQ patch cannot admit new interior entries, extra loads, changed return registers or a reversed branch
  ---
  duration_ms: 28.5634
  type: 'test'
  ...
# Subtest: PVQ fixed-address images differ in one35-byte block only, valid checksums, no RAM growth or rejected FFT inheritance
ok 62 - PVQ fixed-address images differ in one35-byte block only, valid checksums, no RAM growth or rejected FFT inheritance
  ---
  duration_ms: 16532.8814
  type: 'test'
  ...
# Subtest: macro arithmetic is the exact GCC leaf body without return
ok 63 - macro arithmetic is the exact GCC leaf body without return
  ---
  duration_ms: 2.5167
  type: 'test'
  ...
# Subtest: only four pinned quant_partition calls are expanded and baseline stays exact
ok 64 - only four pinned quant_partition calls are expanded and baseline stays exact
  ---
  duration_ms: 144.6907
  type: 'test'
  ...
# Subtest: actual macro preserves results and live registers at every normalized threshold
ok 65 - actual macro preserves results and live registers at every normalized threshold
  ---
  duration_ms: 400.1092
  type: 'test'
  ...
1..65
# tests 65
# suites 0
# pass 65
# fail 0
# cancelled 0
# skipped 0
# todo 0
# duration_ms 35453.7391
