PROGRESS 2/0/0 error 0
PROGRESS 3/4/10 error 0
{
  "final": {
    "run": 2,
    "state": 3,
    "case": 4,
    "round": 10,
    "rounds": 10,
    "dram_before": 25572,
    "dram_after": 27012,
    "state_bytes": 6582,
    "empty_task_us": 52,
    "error": 0,
    "physical_output": false,
    "results": [
      {
        "id": 0,
        "packets": 120,
        "samples": 115200,
        "wall_us": 559964,
        "task_us": 555704,
        "max_wall_us": 6354,
        "pcm_hash": 898651720,
        "scratch_bytes": 1808,
        "scratch_words": 14112,
        "min_dram": 9924,
        "stack_free_lifetime": 1708,
        "error": 0
      },
      {
        "id": 1,
        "packets": 120,
        "samples": 115200,
        "wall_us": 1373600,
        "task_us": 1354543,
        "max_wall_us": 13195,
        "pcm_hash": 3216561658,
        "scratch_bytes": 2904,
        "scratch_words": 15600,
        "min_dram": 9960,
        "stack_free_lifetime": 1708,
        "error": 0
      },
      {
        "id": 2,
        "packets": 120,
        "samples": 115200,
        "wall_us": 1774641,
        "task_us": 1750900,
        "max_wall_us": 19746,
        "pcm_hash": 2337883435,
        "scratch_bytes": 5488,
        "scratch_words": 15600,
        "min_dram": 9960,
        "stack_free_lifetime": 1708,
        "error": 0
      },
      {
        "id": 3,
        "packets": 120,
        "samples": 115200,
        "wall_us": 2321637,
        "task_us": 2284106,
        "max_wall_us": 22743,
        "pcm_hash": 1528306318,
        "scratch_bytes": 5488,
        "scratch_words": 15600,
        "min_dram": 9960,
        "stack_free_lifetime": 1708,
        "error": 0
      },
      {
        "id": 4,
        "packets": 120,
        "samples": 115200,
        "wall_us": 2855355,
        "task_us": 2814668,
        "max_wall_us": 26956,
        "pcm_hash": 1717014079,
        "scratch_bytes": 5488,
        "scratch_words": 15600,
        "min_dram": 10136,
        "stack_free_lifetime": 1708,
        "error": 0
      }
    ]
  },
  "comparison": [
    {
      "name": "mono-12",
      "id": 0,
      "packets": 120,
      "samples": 115200,
      "wall_us": 559964,
      "task_us": 555704,
      "max_wall_us": 6354,
      "pcm_hash": 898651720,
      "scratch_bytes": 1808,
      "scratch_words": 14112,
      "min_dram": 9924,
      "stack_free_lifetime": 1708,
      "error": 0,
      "audio_duration_us": 2400000,
      "task_budget_percent": 23.15433333333333,
      "wall_budget_percent": 23.331833333333332,
      "task_budget_minus_empty_estimate_percent": 22.894333333333332
    },
    {
      "name": "mono-24",
      "id": 1,
      "packets": 120,
      "samples": 115200,
      "wall_us": 1373600,
      "task_us": 1354543,
      "max_wall_us": 13195,
      "pcm_hash": 3216561658,
      "scratch_bytes": 2904,
      "scratch_words": 15600,
      "min_dram": 9960,
      "stack_free_lifetime": 1708,
      "error": 0,
      "audio_duration_us": 2400000,
      "task_budget_percent": 56.43929166666666,
      "wall_budget_percent": 57.233333333333334,
      "task_budget_minus_empty_estimate_percent": 56.179291666666664
    },
    {
      "name": "stereo-64",
      "id": 2,
      "packets": 120,
      "samples": 115200,
      "wall_us": 1774641,
      "task_us": 1750900,
      "max_wall_us": 19746,
      "pcm_hash": 2337883435,
      "scratch_bytes": 5488,
      "scratch_words": 15600,
      "min_dram": 9960,
      "stack_free_lifetime": 1708,
      "error": 0,
      "audio_duration_us": 2400000,
      "task_budget_percent": 72.95416666666667,
      "wall_budget_percent": 73.94337499999999,
      "task_budget_minus_empty_estimate_percent": 72.69416666666666
    },
    {
      "name": "stereo-128",
      "id": 3,
      "packets": 120,
      "samples": 115200,
      "wall_us": 2321637,
      "task_us": 2284106,
      "max_wall_us": 22743,
      "pcm_hash": 1528306318,
      "scratch_bytes": 5488,
      "scratch_words": 15600,
      "min_dram": 9960,
      "stack_free_lifetime": 1708,
      "error": 0,
      "audio_duration_us": 2400000,
      "task_budget_percent": 95.17108333333333,
      "wall_budget_percent": 96.734875,
      "task_budget_minus_empty_estimate_percent": 94.91108333333332
    },
    {
      "name": "stereo-192",
      "id": 4,
      "packets": 120,
      "samples": 115200,
      "wall_us": 2855355,
      "task_us": 2814668,
      "max_wall_us": 26956,
      "pcm_hash": 1717014079,
      "scratch_bytes": 5488,
      "scratch_words": 15600,
      "min_dram": 10136,
      "stack_free_lifetime": 1708,
      "error": 0,
      "audio_duration_us": 2400000,
      "task_budget_percent": 117.27783333333333,
      "wall_budget_percent": 118.973125,
      "task_budget_minus_empty_estimate_percent": 117.01783333333334
    }
  ]
}
