PROGRESS 2/0/0 error 0
PROGRESS 3/4/10 error 0
{
  "final": {
    "run": 10,
    "state": 3,
    "case": 4,
    "round": 10,
    "rounds": 10,
    "dram_before": 26092,
    "dram_after": 27012,
    "state_bytes": 6582,
    "empty_task_us": 54,
    "error": 0,
    "physical_output": false,
    "results": [
      {
        "id": 0,
        "packets": 120,
        "samples": 115200,
        "wall_us": 557698,
        "task_us": 555481,
        "max_wall_us": 6207,
        "pcm_hash": 898651720,
        "scratch_bytes": 1808,
        "scratch_words": 14112,
        "min_dram": 9880,
        "stack_free_lifetime": 1708,
        "error": 0
      },
      {
        "id": 1,
        "packets": 120,
        "samples": 115200,
        "wall_us": 1370030,
        "task_us": 1353944,
        "max_wall_us": 13844,
        "pcm_hash": 3216561658,
        "scratch_bytes": 2904,
        "scratch_words": 15600,
        "min_dram": 9960,
        "stack_free_lifetime": 1708,
        "error": 0
      },
      {
        "id": 2,
        "packets": 120,
        "samples": 115200,
        "wall_us": 1772428,
        "task_us": 1748828,
        "max_wall_us": 18800,
        "pcm_hash": 2337883435,
        "scratch_bytes": 5488,
        "scratch_words": 15600,
        "min_dram": 9960,
        "stack_free_lifetime": 1708,
        "error": 0
      },
      {
        "id": 3,
        "packets": 120,
        "samples": 115200,
        "wall_us": 2317517,
        "task_us": 2282792,
        "max_wall_us": 21388,
        "pcm_hash": 1528306318,
        "scratch_bytes": 5488,
        "scratch_words": 15600,
        "min_dram": 10108,
        "stack_free_lifetime": 1708,
        "error": 0
      },
      {
        "id": 4,
        "packets": 120,
        "samples": 115200,
        "wall_us": 2854934,
        "task_us": 2815895,
        "max_wall_us": 26467,
        "pcm_hash": 1717014079,
        "scratch_bytes": 5488,
        "scratch_words": 15600,
        "min_dram": 10312,
        "stack_free_lifetime": 1708,
        "error": 0
      }
    ]
  },
  "comparison": [
    {
      "name": "mono-12",
      "id": 0,
      "packets": 120,
      "samples": 115200,
      "wall_us": 557698,
      "task_us": 555481,
      "max_wall_us": 6207,
      "pcm_hash": 898651720,
      "scratch_bytes": 1808,
      "scratch_words": 14112,
      "min_dram": 9880,
      "stack_free_lifetime": 1708,
      "error": 0,
      "audio_duration_us": 2400000,
      "task_budget_percent": 23.145041666666664,
      "wall_budget_percent": 23.237416666666665,
      "task_budget_minus_empty_estimate_percent": 22.875041666666664
    },
    {
      "name": "mono-24",
      "id": 1,
      "packets": 120,
      "samples": 115200,
      "wall_us": 1370030,
      "task_us": 1353944,
      "max_wall_us": 13844,
      "pcm_hash": 3216561658,
      "scratch_bytes": 2904,
      "scratch_words": 15600,
      "min_dram": 9960,
      "stack_free_lifetime": 1708,
      "error": 0,
      "audio_duration_us": 2400000,
      "task_budget_percent": 56.41433333333333,
      "wall_budget_percent": 57.084583333333335,
      "task_budget_minus_empty_estimate_percent": 56.144333333333336
    },
    {
      "name": "stereo-64",
      "id": 2,
      "packets": 120,
      "samples": 115200,
      "wall_us": 1772428,
      "task_us": 1748828,
      "max_wall_us": 18800,
      "pcm_hash": 2337883435,
      "scratch_bytes": 5488,
      "scratch_words": 15600,
      "min_dram": 9960,
      "stack_free_lifetime": 1708,
      "error": 0,
      "audio_duration_us": 2400000,
      "task_budget_percent": 72.86783333333334,
      "wall_budget_percent": 73.85116666666667,
      "task_budget_minus_empty_estimate_percent": 72.59783333333333
    },
    {
      "name": "stereo-128",
      "id": 3,
      "packets": 120,
      "samples": 115200,
      "wall_us": 2317517,
      "task_us": 2282792,
      "max_wall_us": 21388,
      "pcm_hash": 1528306318,
      "scratch_bytes": 5488,
      "scratch_words": 15600,
      "min_dram": 10108,
      "stack_free_lifetime": 1708,
      "error": 0,
      "audio_duration_us": 2400000,
      "task_budget_percent": 95.11633333333333,
      "wall_budget_percent": 96.56320833333334,
      "task_budget_minus_empty_estimate_percent": 94.84633333333333
    },
    {
      "name": "stereo-192",
      "id": 4,
      "packets": 120,
      "samples": 115200,
      "wall_us": 2854934,
      "task_us": 2815895,
      "max_wall_us": 26467,
      "pcm_hash": 1717014079,
      "scratch_bytes": 5488,
      "scratch_words": 15600,
      "min_dram": 10312,
      "stack_free_lifetime": 1708,
      "error": 0,
      "audio_duration_us": 2400000,
      "task_budget_percent": 117.32895833333333,
      "wall_budget_percent": 118.95558333333332,
      "task_budget_minus_empty_estimate_percent": 117.05895833333334
    }
  ]
}
