PROGRESS 2/0/0 error 0
PROGRESS 3/4/10 error 0
{
  "final": {
    "run": 6,
    "state": 3,
    "case": 4,
    "round": 10,
    "rounds": 10,
    "dram_before": 25412,
    "dram_after": 27012,
    "state_bytes": 6582,
    "empty_task_us": 47,
    "error": 0,
    "physical_output": false,
    "results": [
      {
        "id": 0,
        "packets": 120,
        "samples": 115200,
        "wall_us": 555357,
        "task_us": 555231,
        "max_wall_us": 6260,
        "pcm_hash": 898651720,
        "scratch_bytes": 1808,
        "scratch_words": 14112,
        "min_dram": 9020,
        "stack_free_lifetime": 1708,
        "error": 0
      },
      {
        "id": 1,
        "packets": 120,
        "samples": 115200,
        "wall_us": 1371624,
        "task_us": 1354319,
        "max_wall_us": 14705,
        "pcm_hash": 3216561658,
        "scratch_bytes": 2904,
        "scratch_words": 15600,
        "min_dram": 9608,
        "stack_free_lifetime": 1708,
        "error": 0
      },
      {
        "id": 2,
        "packets": 120,
        "samples": 115200,
        "wall_us": 1776179,
        "task_us": 1748049,
        "max_wall_us": 17187,
        "pcm_hash": 2337883435,
        "scratch_bytes": 5488,
        "scratch_words": 15600,
        "min_dram": 9608,
        "stack_free_lifetime": 1708,
        "error": 0
      },
      {
        "id": 3,
        "packets": 120,
        "samples": 115200,
        "wall_us": 2315488,
        "task_us": 2282076,
        "max_wall_us": 22089,
        "pcm_hash": 1528306318,
        "scratch_bytes": 5488,
        "scratch_words": 15600,
        "min_dram": 9608,
        "stack_free_lifetime": 1708,
        "error": 0
      },
      {
        "id": 4,
        "packets": 120,
        "samples": 115200,
        "wall_us": 2865967,
        "task_us": 2815143,
        "max_wall_us": 27412,
        "pcm_hash": 1717014079,
        "scratch_bytes": 5488,
        "scratch_words": 15600,
        "min_dram": 9960,
        "stack_free_lifetime": 1708,
        "error": 0
      }
    ]
  },
  "comparison": [
    {
      "name": "mono-12",
      "id": 0,
      "packets": 120,
      "samples": 115200,
      "wall_us": 555357,
      "task_us": 555231,
      "max_wall_us": 6260,
      "pcm_hash": 898651720,
      "scratch_bytes": 1808,
      "scratch_words": 14112,
      "min_dram": 9020,
      "stack_free_lifetime": 1708,
      "error": 0,
      "audio_duration_us": 2400000,
      "task_budget_percent": 23.134625,
      "wall_budget_percent": 23.139875,
      "task_budget_minus_empty_estimate_percent": 22.899624999999997
    },
    {
      "name": "mono-24",
      "id": 1,
      "packets": 120,
      "samples": 115200,
      "wall_us": 1371624,
      "task_us": 1354319,
      "max_wall_us": 14705,
      "pcm_hash": 3216561658,
      "scratch_bytes": 2904,
      "scratch_words": 15600,
      "min_dram": 9608,
      "stack_free_lifetime": 1708,
      "error": 0,
      "audio_duration_us": 2400000,
      "task_budget_percent": 56.42995833333333,
      "wall_budget_percent": 57.151,
      "task_budget_minus_empty_estimate_percent": 56.19495833333333
    },
    {
      "name": "stereo-64",
      "id": 2,
      "packets": 120,
      "samples": 115200,
      "wall_us": 1776179,
      "task_us": 1748049,
      "max_wall_us": 17187,
      "pcm_hash": 2337883435,
      "scratch_bytes": 5488,
      "scratch_words": 15600,
      "min_dram": 9608,
      "stack_free_lifetime": 1708,
      "error": 0,
      "audio_duration_us": 2400000,
      "task_budget_percent": 72.835375,
      "wall_budget_percent": 74.00745833333333,
      "task_budget_minus_empty_estimate_percent": 72.600375
    },
    {
      "name": "stereo-128",
      "id": 3,
      "packets": 120,
      "samples": 115200,
      "wall_us": 2315488,
      "task_us": 2282076,
      "max_wall_us": 22089,
      "pcm_hash": 1528306318,
      "scratch_bytes": 5488,
      "scratch_words": 15600,
      "min_dram": 9608,
      "stack_free_lifetime": 1708,
      "error": 0,
      "audio_duration_us": 2400000,
      "task_budget_percent": 95.08649999999999,
      "wall_budget_percent": 96.47866666666667,
      "task_budget_minus_empty_estimate_percent": 94.85149999999999
    },
    {
      "name": "stereo-192",
      "id": 4,
      "packets": 120,
      "samples": 115200,
      "wall_us": 2865967,
      "task_us": 2815143,
      "max_wall_us": 27412,
      "pcm_hash": 1717014079,
      "scratch_bytes": 5488,
      "scratch_words": 15600,
      "min_dram": 9960,
      "stack_free_lifetime": 1708,
      "error": 0,
      "audio_duration_us": 2400000,
      "task_budget_percent": 117.297625,
      "wall_budget_percent": 119.41529166666666,
      "task_budget_minus_empty_estimate_percent": 117.062625
    }
  ]
}
