PROGRESS 2/0/0 error 0
PROGRESS 3/4/10 error 0
{
  "final": {
    "run": 8,
    "state": 3,
    "case": 4,
    "round": 10,
    "rounds": 10,
    "dram_before": 26092,
    "dram_after": 27012,
    "state_bytes": 6582,
    "empty_task_us": 56,
    "error": 0,
    "physical_output": false,
    "results": [
      {
        "id": 0,
        "packets": 120,
        "samples": 115200,
        "wall_us": 558645,
        "task_us": 555522,
        "max_wall_us": 6165,
        "pcm_hash": 898651720,
        "scratch_bytes": 1808,
        "scratch_words": 14112,
        "min_dram": 9784,
        "stack_free_lifetime": 1708,
        "error": 0
      },
      {
        "id": 1,
        "packets": 120,
        "samples": 115200,
        "wall_us": 1377072,
        "task_us": 1355789,
        "max_wall_us": 13655,
        "pcm_hash": 3216561658,
        "scratch_bytes": 2904,
        "scratch_words": 15600,
        "min_dram": 9784,
        "stack_free_lifetime": 1708,
        "error": 0
      },
      {
        "id": 2,
        "packets": 120,
        "samples": 115200,
        "wall_us": 1776262,
        "task_us": 1749224,
        "max_wall_us": 17214,
        "pcm_hash": 2337883435,
        "scratch_bytes": 5488,
        "scratch_words": 15600,
        "min_dram": 9784,
        "stack_free_lifetime": 1708,
        "error": 0
      },
      {
        "id": 3,
        "packets": 120,
        "samples": 115200,
        "wall_us": 2317245,
        "task_us": 2283845,
        "max_wall_us": 23156,
        "pcm_hash": 1528306318,
        "scratch_bytes": 5488,
        "scratch_words": 15600,
        "min_dram": 9784,
        "stack_free_lifetime": 1708,
        "error": 0
      },
      {
        "id": 4,
        "packets": 120,
        "samples": 115200,
        "wall_us": 2861006,
        "task_us": 2815298,
        "max_wall_us": 27256,
        "pcm_hash": 1717014079,
        "scratch_bytes": 5488,
        "scratch_words": 15600,
        "min_dram": 10136,
        "stack_free_lifetime": 1708,
        "error": 0
      }
    ]
  },
  "comparison": [
    {
      "name": "mono-12",
      "id": 0,
      "packets": 120,
      "samples": 115200,
      "wall_us": 558645,
      "task_us": 555522,
      "max_wall_us": 6165,
      "pcm_hash": 898651720,
      "scratch_bytes": 1808,
      "scratch_words": 14112,
      "min_dram": 9784,
      "stack_free_lifetime": 1708,
      "error": 0,
      "audio_duration_us": 2400000,
      "task_budget_percent": 23.14675,
      "wall_budget_percent": 23.276875,
      "task_budget_minus_empty_estimate_percent": 22.86675
    },
    {
      "name": "mono-24",
      "id": 1,
      "packets": 120,
      "samples": 115200,
      "wall_us": 1377072,
      "task_us": 1355789,
      "max_wall_us": 13655,
      "pcm_hash": 3216561658,
      "scratch_bytes": 2904,
      "scratch_words": 15600,
      "min_dram": 9784,
      "stack_free_lifetime": 1708,
      "error": 0,
      "audio_duration_us": 2400000,
      "task_budget_percent": 56.49120833333333,
      "wall_budget_percent": 57.378,
      "task_budget_minus_empty_estimate_percent": 56.21120833333333
    },
    {
      "name": "stereo-64",
      "id": 2,
      "packets": 120,
      "samples": 115200,
      "wall_us": 1776262,
      "task_us": 1749224,
      "max_wall_us": 17214,
      "pcm_hash": 2337883435,
      "scratch_bytes": 5488,
      "scratch_words": 15600,
      "min_dram": 9784,
      "stack_free_lifetime": 1708,
      "error": 0,
      "audio_duration_us": 2400000,
      "task_budget_percent": 72.88433333333333,
      "wall_budget_percent": 74.01091666666666,
      "task_budget_minus_empty_estimate_percent": 72.60433333333333
    },
    {
      "name": "stereo-128",
      "id": 3,
      "packets": 120,
      "samples": 115200,
      "wall_us": 2317245,
      "task_us": 2283845,
      "max_wall_us": 23156,
      "pcm_hash": 1528306318,
      "scratch_bytes": 5488,
      "scratch_words": 15600,
      "min_dram": 9784,
      "stack_free_lifetime": 1708,
      "error": 0,
      "audio_duration_us": 2400000,
      "task_budget_percent": 95.16020833333333,
      "wall_budget_percent": 96.551875,
      "task_budget_minus_empty_estimate_percent": 94.88020833333333
    },
    {
      "name": "stereo-192",
      "id": 4,
      "packets": 120,
      "samples": 115200,
      "wall_us": 2861006,
      "task_us": 2815298,
      "max_wall_us": 27256,
      "pcm_hash": 1717014079,
      "scratch_bytes": 5488,
      "scratch_words": 15600,
      "min_dram": 10136,
      "stack_free_lifetime": 1708,
      "error": 0,
      "audio_duration_us": 2400000,
      "task_budget_percent": 117.30408333333334,
      "wall_budget_percent": 119.20858333333332,
      "task_budget_minus_empty_estimate_percent": 117.02408333333334
    }
  ]
}
