I (96) audio: Codec state is lazy; maximum 28996 bytes, reserve 1152
I (10287) memory: station=498 codec= play=0 conn=0 kbps=0 dram_total=77424 free=23348 low=22964 largest=23340 window_free=23328 window_largest=23320 iram_free=0 blocks=1 valid=1 scan_us=30 stack_app=1624 stack_audio=2176 stack_web=4456 stack_idle=792
I (20407) memory: station=498 codec= play=0 conn=0 kbps=0 dram_total=77424 free=22824 low=22180 largest=22504 window_free=22824 window_largest=22504 iram_free=0 blocks=3 valid=1 scan_us=32 stack_app=1624 stack_audio=2176 stack_web=4456 stack_idle=792
I (30519) memory: station=498 codec= play=0 conn=0 kbps=0 dram_total=77424 free=24920 low=21716 largest=22504 window_free=22712 window_largest=22504 iram_free=0 blocks=6 valid=1 scan_us=40 stack_app=1624 stack_audio=2176 stack_web=4456 stack_idle=792
I (40630) memory: station=498 codec= play=0 conn=0 kbps=0 dram_total=77424 free=24944 low=21716 largest=22504 window_free=24920 window_largest=22504 iram_free=0 blocks=6 valid=1 scan_us=39 stack_app=1624 stack_audio=2176 stack_web=4456 stack_idle=792
I (50739) memory: station=498 codec= play=0 conn=0 kbps=0 dram_total=77424 free=24920 low=21716 largest=22504 window_free=24920 window_largest=22504 iram_free=0 blocks=7 valid=1 scan_us=40 stack_app=1624 stack_audio=2176 stack_web=4456 stack_idle=792
I (60849) memory: station=498 codec= play=0 conn=0 kbps=0 dram_total=77424 free=24944 low=21716 largest=22504 window_free=24920 window_largest=22504 iram_free=0 blocks=6 valid=1 scan_us=40 stack_app=1624 stack_audio=2176 stack_web=4436 stack_idle=792
I (70957) memory: station=498 codec= play=0 conn=0 kbps=0 dram_total=77424 free=24944 low=21716 largest=22504 window_free=24944 window_largest=22504 iram_free=0 blocks=6 valid=1 scan_us=40 stack_app=1624 stack_audio=2176 stack_web=4436 stack_idle=792
I (81066) memory: station=498 codec= play=0 conn=0 kbps=0 dram_total=77424 free=24944 low=21716 largest=22504 window_free=24944 window_largest=22504 iram_free=0 blocks=6 valid=1 scan_us=39 stack_app=1624 stack_audio=2176 stack_web=4436 stack_idle=792
I (91190) memory: station=498 codec= play=0 conn=0 kbps=0 dram_total=77424 free=24864 low=21716 largest=22504 window_free=23100 window_largest=22504 iram_free=0 blocks=7 valid=1 scan_us=43 stack_app=1624 stack_audio=2040 stack_web=3120 stack_idle=792
I (101297) memory: station=498 codec= play=0 conn=0 kbps=0 dram_total=77424 free=24864 low=21716 largest=22504 window_free=24864 window_largest=22504 iram_free=0 blocks=7 valid=1 scan_us=40 stack_app=1624 stack_audio=2040 stack_web=3120 stack_idle=792
I (111406) memory: station=498 codec= play=0 conn=0 kbps=0 dram_total=77424 free=24864 low=21716 largest=22504 window_free=24864 window_largest=22504 iram_free=0 blocks=7 valid=1 scan_us=39 stack_app=1624 stack_audio=2040 stack_web=3120 stack_idle=792
I (117467) radio: Station 498: ROCK FM
I (117850) audio: Stream response 200, ICY interval 16000
I (117853) helix_bridge: Helix MP3 workspace: DRAM 11472, IRAM 16384, arena used 23244
I (121548) memory: station=498 codec=MP3 play=1 conn=0 kbps=0 dram_total=77424 free=12088 low=9568 largest=10608 window_free=10360 window_largest=9288 iram_free=0 blocks=12 valid=1 scan_us=57 stack_app=1624 stack_audio=1576 stack_web=2328 stack_idle=792
I (131698) memory: station=498 codec=MP3 play=1 conn=0 kbps=0 dram_total=77424 free=12264 low=9568 largest=10608 window_free=12088 window_largest=10608 iram_free=0 blocks=12 valid=1 scan_us=43 stack_app=1624 stack_audio=1576 stack_web=2328 stack_idle=792
I (141847) memory: station=498 codec=MP3 play=1 conn=0 kbps=0 dram_total=77424 free=12692 low=9568 largest=10608 window_free=12264 window_largest=10608 iram_free=0 blocks=12 valid=1 scan_us=201 stack_app=1624 stack_audio=1576 stack_web=2328 stack_idle=792
I (151997) memory: station=498 codec=MP3 play=1 conn=0 kbps=0 dram_total=77424 free=12692 low=9568 largest=10608 window_free=12692 window_largest=10608 iram_free=0 blocks=12 valid=1 scan_us=180 stack_app=1624 stack_audio=1576 stack_web=2328 stack_idle=792
I (162145) memory: station=498 codec=MP3 play=1 conn=0 kbps=0 dram_total=77424 free=12692 low=9568 largest=10608 window_free=12692 window_largest=10608 iram_free=0 blocks=12 valid=1 scan_us=64 stack_app=1624 stack_audio=1576 stack_web=2328 stack_idle=792
I (172295) memory: station=498 codec=MP3 play=1 conn=0 kbps=0 dram_total=77424 free=10824 low=9568 largest=9288 window_free=10824 window_largest=9288 iram_free=0 blocks=12 valid=1 scan_us=43 stack_app=1624 stack_audio=1576 stack_web=2328 stack_idle=792
I (182444) memory: station=498 codec=MP3 play=1 conn=0 kbps=0 dram_total=77424 free=11480 low=9568 largest=9948 window_free=10824 window_largest=9288 iram_free=0 blocks=13 valid=1 scan_us=44 stack_app=1624 stack_audio=1576 stack_web=2328 stack_idle=792
W (187724) httpd_ws: httpd_ws_get_frame_type: Failed to read header byte (socket FD invalid), closing socket now
I (192591) memory: station=498 codec=MP3 play=1 conn=0 kbps=0 dram_total=77424 free=11688 low=9568 largest=9948 window_free=11480 window_largest=9948 iram_free=0 blocks=13 valid=1 scan_us=44 stack_app=1624 stack_audio=1576 stack_web=2328 stack_idle=792
I (202741) memory: station=498 codec=MP3 play=1 conn=0 kbps=0 dram_total=77424 free=12692 low=9568 largest=10608 window_free=11688 window_largest=9948 iram_free=0 blocks=11 valid=1 scan_us=43 stack_app=1624 stack_audio=1576 stack_web=2328 stack_idle=792
I (212889) memory: station=498 codec=MP3 play=1 conn=0 kbps=0 dram_total=77424 free=12692 low=9568 largest=10608 window_free=12692 window_largest=10608 iram_free=0 blocks=11 valid=1 scan_us=43 stack_app=1624 stack_audio=1576 stack_web=2328 stack_idle=792
I (223038) memory: station=498 codec=MP3 play=1 conn=0 kbps=0 dram_total=77424 free=12692 low=9568 largest=10608 window_free=12692 window_largest=10608 iram_free=0 blocks=11 valid=1 scan_us=63 stack_app=1592 stack_audio=1576 stack_web=2328 stack_idle=792
I (233194) memory: station=498 codec=MP3 play=0 conn=0 kbps=0 dram_total=77424 free=24272 low=9568 largest=22504 window_free=12692 window_largest=10608 iram_free=0 blocks=10 valid=1 scan_us=44 stack_app=1592 stack_audio=1576 stack_web=2328 stack_idle=792
I (243305) memory: station=498 codec=MP3 play=0 conn=0 kbps=0 dram_total=77424 free=24652 low=9568 largest=22504 window_free=24628 window_largest=22504 iram_free=0 blocks=8 valid=1 scan_us=61 stack_app=1592 stack_audio=1576 stack_web=2328 stack_idle=792
I (253414) memory: station=498 codec=MP3 play=0 conn=0 kbps=0 dram_total=77424 free=24652 low=9568 largest=22504 window_free=24652 window_largest=22504 iram_free=0 blocks=8 valid=1 scan_us=40 stack_app=1592 stack_audio=1576 stack_web=2328 stack_idle=792
I (263408) radio: Station 498: ROCK FM
I (263530) memory: station=498 codec= play=0 conn=1 kbps=0 dram_total=77424 free=21004 low=9568 largest=20524 window_free=21004 window_largest=20524 iram_free=0 blocks=11 valid=1 scan_us=40 stack_app=1592 stack_audio=1576 stack_web=2328 stack_idle=792
I (263758) audio: Stream response 200, ICY interval 16000
I (263761) helix_bridge: Helix MP3 workspace: DRAM 11472, IRAM 16384, arena used 23244
I (273907) memory: station=498 codec=MP3 play=1 conn=0 kbps=128 dram_total=77424 free=11408 low=7816 largest=10552 window_free=9172 window_largest=7428 iram_free=0 blocks=10 valid=1 scan_us=447 stack_app=1592 stack_audio=1360 stack_web=2328 stack_idle=792
I (283896) memory: station=498 codec=MP3 play=1 conn=0 kbps=128 dram_total=77424 free=11408 low=7816 largest=9952 window_free=9476 window_largest=8752 iram_free=0 blocks=12 valid=1 scan_us=48 stack_app=1592 stack_audio=1360 stack_web=2328 stack_idle=792
I (293917) memory: station=498 codec=MP3 play=1 conn=0 kbps=128 dram_total=77424 free=11408 low=7816 largest=9952 window_free=9472 window_largest=8752 iram_free=0 blocks=12 valid=1 scan_us=44 stack_app=1592 stack_audio=1360 stack_web=2328 stack_idle=792
I (304081) memory: station=498 codec=MP3 play=1 conn=0 kbps=128 dram_total=77424 free=12696 low=7816 largest=11152 window_free=9476 window_largest=8752 iram_free=0 blocks=11 valid=1 scan_us=530 stack_app=1592 stack_audio=1360 stack_web=2328 stack_idle=792
I (314238) memory: station=498 codec=MP3 play=1 conn=0 kbps=128 dram_total=77424 free=10120 low=7816 largest=8752 window_free=10120 window_largest=8752 iram_free=0 blocks=13 valid=1 scan_us=179 stack_app=1592 stack_audio=1360 stack_web=2328 stack_idle=792
I (314662) radio: Station 502: Европа Плюс
I (315228) audio: Stream response 200, ICY interval 16000
I (324481) memory: station=502 codec=MP3 play=1 conn=0 kbps=128 dram_total=77424 free=11108 low=7816 largest=10552 window_free=9420 window_largest=8196 iram_free=0 blocks=10 valid=1 scan_us=21758 stack_app=1592 stack_audio=1360 stack_web=2328 stack_idle=792
I (334565) memory: station=502 codec=MP3 play=1 conn=0 kbps=128 dram_total=77424 free=12696 low=7816 largest=11152 window_free=10756 window_largest=9952 iram_free=0 blocks=10 valid=1 scan_us=43 stack_app=1592 stack_audio=1360 stack_web=2328 stack_idle=792
I (344735) memory: station=502 codec=MP3 play=1 conn=0 kbps=128 dram_total=77424 free=12052 low=7816 largest=10552 window_free=12052 window_largest=10552 iram_free=0 blocks=11 valid=1 scan_us=42 stack_app=1592 stack_audio=1360 stack_web=2328 stack_idle=792
I (354908) memory: station=502 codec=MP3 play=1 conn=0 kbps=128 dram_total=77424 free=10756 low=7816 largest=10168 window_free=10756 window_largest=9952 iram_free=0 blocks=9 valid=1 scan_us=59431 stack_app=1592 stack_audio=1360 stack_web=2328 stack_idle=792
W (364204) audio: Radio stream ended cleanly; reconnecting (heap 12724)
I (364811) audio: Stream response 200, ICY interval 16000
I (364985) memory: station=502 codec=MP3 play=1 conn=0 kbps=128 dram_total=77424 free=10764 low=7816 largest=9952 window_free=10756 window_largest=9828 iram_free=0 blocks=10 valid=1 scan_us=43 stack_app=1592 stack_audio=1360 stack_web=2328 stack_idle=792
I (365908) radio: Station 507: Радио Родных Дорог
W (366515) audio: Stream open attempt 1 failed: -4
W (367031) audio: Open stream failed: -4 (errno 128)
I (375178) memory: station=507 codec= play=0 conn=0 kbps=0 dram_total=77424 free=24452 low=7816 largest=22504 window_free=9424 window_largest=8512 iram_free=0 blocks=9 valid=1 scan_us=47 stack_app=1592 stack_audio=1360 stack_web=2328 stack_idle=792
I (385285) memory: station=507 codec= play=0 conn=0 kbps=0 dram_total=77424 free=24652 low=7816 largest=22504 window_free=24452 window_largest=22504 iram_free=0 blocks=8 valid=1 scan_us=41 stack_app=1592 stack_audio=1360 stack_web=2328 stack_idle=792
I (395393) memory: station=507 codec= play=0 conn=0 kbps=0 dram_total=77424 free=24652 low=7816 largest=22504 window_free=24652 window_largest=22504 iram_free=0 blocks=8 valid=1 scan_us=40 stack_app=1592 stack_audio=1360 stack_web=2328 stack_idle=792
I (405503) memory: station=507 codec= play=0 conn=0 kbps=0 dram_total=77424 free=24652 low=7816 largest=22504 window_free=24652 window_largest=22504 iram_free=0 blocks=8 valid=1 scan_us=941 stack_app=1592 stack_audio=1360 stack_web=2328 stack_idle=792
I (415615) memory: station=507 codec= play=0 conn=0 kbps=0 dram_total=77424 free=24652 low=7816 largest=22504 window_free=24652 window_largest=22504 iram_free=0 blocks=8 valid=1 scan_us=41 stack_app=1592 stack_audio=1360 stack_web=2328 stack_idle=792
I (417105) radio: Station 510: Ретро FM
I (417644) audio: Stream response 200, ICY interval 16000
I (417649) helix_bridge: Helix MP3 workspace: DRAM 11472, IRAM 16384, arena used 23244
I (425972) memory: station=510 codec=MP3 play=1 conn=0 kbps=128 dram_total=77424 free=9288 low=7816 largest=8208 window_free=9288 window_largest=8208 iram_free=0 blocks=11 valid=1 scan_us=47 stack_app=1592 stack_audio=1360 stack_web=2328 stack_idle=792
I (436092) memory: station=510 codec=MP3 play=1 conn=0 kbps=128 dram_total=77424 free=10752 low=7816 largest=8208 window_free=9464 window_largest=8208 iram_free=0 blocks=13 valid=1 scan_us=44 stack_app=1592 stack_audio=1360 stack_web=2328 stack_idle=792
I (443381) radio: Station 507: Радио Родных Дорог
W (443686) audio: Stream open attempt 1 failed: -4
W (444168) audio: Open stream failed: -4 (errno 128)
I (446201) memory: station=507 codec= play=0 conn=0 kbps=0 dram_total=77424 free=24452 low=7816 largest=22504 window_free=9984 window_largest=8208 iram_free=0 blocks=9 valid=1 scan_us=4294966337 stack_app=1592 stack_audio=1360 stack_web=2328 stack_idle=792
I (456310) memory: station=507 codec= play=0 conn=0 kbps=0 dram_total=77424 free=24652 low=7816 largest=22504 window_free=24452 window_largest=22504 iram_free=0 blocks=8 valid=1 scan_us=41 stack_app=1592 stack_audio=1360 stack_web=2328 stack_idle=792
I (466421) memory: station=507 codec= play=0 conn=0 kbps=0 dram_total=77424 free=24652 low=7816 largest=22504 window_free=24652 window_largest=22504 iram_free=0 blocks=8 valid=1 scan_us=40 stack_app=1592 stack_audio=1360 stack_web=2328 stack_idle=792
I (476532) memory: station=507 codec= play=0 conn=0 kbps=0 dram_total=77424 free=22748 low=7816 largest=21844 window_free=22748 window_largest=21844 iram_free=0 blocks=9 valid=1 scan_us=42 stack_app=1592 stack_audio=1360 stack_web=2292 stack_idle=792
I (486653) memory: station=507 codec= play=0 conn=0 kbps=0 dram_total=77424 free=24316 low=7816 largest=22504 window_free=22728 window_largest=21844 iram_free=0 blocks=10 valid=1 scan_us=42 stack_app=1592 stack_audio=1360 stack_web=2292 stack_idle=792
I (496760) memory: station=507 codec= play=0 conn=0 kbps=0 dram_total=77424 free=24516 low=7816 largest=22504 window_free=24316 window_largest=22504 iram_free=0 blocks=9 valid=1 scan_us=41 stack_app=1592 stack_audio=1360 stack_web=2292 stack_idle=792
I (506883) memory: station=507 codec= play=0 conn=0 kbps=0 dram_total=77424 free=20444 low=7816 largest=19688 window_free=20444 window_largest=19204 iram_free=0 blocks=13 valid=1 scan_us=48 stack_app=1592 stack_audio=1360 stack_web=2292 stack_idle=792
I (517052) memory: station=507 codec= play=0 conn=0 kbps=0 dram_total=77424 free=22644 low=7816 largest=21668 window_free=17908 window_largest=16808 iram_free=0 blocks=13 valid=1 scan_us=66 stack_app=1592 stack_audio=1360 stack_web=2292 stack_idle=792
I (527176) memory: station=507 codec= play=0 conn=0 kbps=0 dram_total=77424 free=24436 low=7816 largest=22504 window_free=22004 window_largest=20348 iram_free=0 blocks=9 valid=1 scan_us=49 stack_app=1592 stack_audio=1360 stack_web=2292 stack_idle=792
I (537353) memory: station=507 codec= play=0 conn=0 kbps=0 dram_total=77424 free=22464 low=7816 largest=21676 window_free=17192 window_largest=16016 iram_free=0 blocks=13 valid=1 scan_us=49 stack_app=1592 stack_audio=1360 stack_web=2292 stack_idle=792
I (547530) memory: station=507 codec= play=0 conn=0 kbps=0 dram_total=77424 free=23696 low=7816 largest=21676 window_free=19728 window_largest=19036 iram_free=0 blocks=14 valid=1 scan_us=43 stack_app=1592 stack_audio=1360 stack_web=2292 stack_idle=792
I (557371) radio: Station 498: ROCK FM
I (557705) memory: station=498 codec= play=0 conn=1 kbps=0 dram_total=77424 free=22156 low=7816 largest=21184 window_free=18396 window_largest=17056 iram_free=0 blocks=11 valid=1 scan_us=1041 stack_app=1592 stack_audio=1360 stack_web=2292 stack_idle=792
I (557754) audio: Stream response 200, ICY interval 16000
I (557759) helix_bridge: Helix MP3 workspace: DRAM 11472, IRAM 16384, arena used 23244
I (567781) memory: station=498 codec=MP3 play=1 conn=0 kbps=128 dram_total=77424 free=4176 low=3868 largest=3188 window_free=4176 window_largest=3188 iram_free=24 blocks=12 valid=1 scan_us=64157 stack_app=1592 stack_audio=1360 stack_web=2292 stack_idle=792
W (576666) httpd_ws: httpd_ws_send_frame_async: Failed to send WS payload
W (577672) httpd_ws: httpd_ws_send_frame_async: Failed to send WS payload
I (577939) memory: station=498 codec=MP3 play=1 conn=0 kbps=128 dram_total=77424 free=2652 low=1160 largest=592 window_free=1468 window_largest=548 iram_free=24 blocks=19 valid=1 scan_us=48 stack_app=1592 stack_audio=1360 stack_web=2292 stack_idle=792
I (588088) memory: station=498 codec=MP3 play=1 conn=0 kbps=128 dram_total=77424 free=2652 low=1160 largest=592 window_free=2652 window_largest=592 iram_free=24 blocks=19 valid=1 scan_us=48 stack_app=1592 stack_audio=1360 stack_web=2292 stack_idle=792
I (598238) memory: station=498 codec=MP3 play=1 conn=0 kbps=128 dram_total=77424 free=2652 low=1160 largest=592 window_free=2652 window_largest=592 iram_free=24 blocks=19 valid=1 scan_us=265 stack_app=1592 stack_audio=1360 stack_web=2292 stack_idle=792
I (608388) memory: station=498 codec=MP3 play=1 conn=0 kbps=128 dram_total=77424 free=2652 low=1160 largest=592 window_free=2652 window_largest=592 iram_free=24 blocks=19 valid=1 scan_us=47 stack_app=1592 stack_audio=1360 stack_web=2292 stack_idle=792
I (618541) memory: station=498 codec=MP3 play=1 conn=0 kbps=128 dram_total=77424 free=2652 low=1160 largest=592 window_free=2652 window_largest=592 iram_free=24 blocks=19 valid=1 scan_us=4294966482 stack_app=1592 stack_audio=1360 stack_web=2292 stack_idle=792
I (628690) memory: station=498 codec=MP3 play=1 conn=0 kbps=128 dram_total=77424 free=2652 low=1160 largest=592 window_free=2652 window_largest=592 iram_free=24 blocks=19 valid=1 scan_us=47 stack_app=1592 stack_audio=1360 stack_web=2292 stack_idle=792
I (638839) memory: station=498 codec=MP3 play=1 conn=0 kbps=128 dram_total=77424 free=2652 low=1160 largest=592 window_free=2652 window_largest=592 iram_free=24 blocks=19 valid=1 scan_us=47 stack_app=1592 stack_audio=1360 stack_web=2292 stack_idle=792
I (648989) memory: station=498 codec=MP3 play=1 conn=0 kbps=128 dram_total=77424 free=2652 low=1160 largest=592 window_free=2652 window_largest=592 iram_free=24 blocks=19 valid=1 scan_us=185 stack_app=1592 stack_audio=1360 stack_web=2292 stack_idle=792
I (659138) memory: station=498 codec=MP3 play=1 conn=0 kbps=128 dram_total=77424 free=2652 low=1160 largest=592 window_free=2652 window_largest=592 iram_free=24 blocks=19 valid=1 scan_us=68 stack_app=1592 stack_audio=1360 stack_web=2292 stack_idle=792
I (669286) memory: station=498 codec=MP3 play=1 conn=0 kbps=128 dram_total=77424 free=2652 low=1160 largest=592 window_free=2652 window_largest=592 iram_free=24 blocks=19 valid=1 scan_us=47 stack_app=1592 stack_audio=1360 stack_web=2292 stack_idle=792
I (679437) memory: station=498 codec=MP3 play=1 conn=0 kbps=128 dram_total=77424 free=2652 low=1160 largest=592 window_free=2652 window_largest=592 iram_free=24 blocks=19 valid=1 scan_us=185 stack_app=1592 stack_audio=1360 stack_web=2292 stack_idle=792
I (689587) memory: station=498 codec=MP3 play=1 conn=0 kbps=128 dram_total=77424 free=2652 low=1160 largest=592 window_free=2652 window_largest=592 iram_free=24 blocks=19 valid=1 scan_us=69 stack_app=1576 stack_audio=1360 stack_web=2292 stack_idle=792
I (699737) memory: station=498 codec=MP3 play=1 conn=0 kbps=128 dram_total=77424 free=2652 low=1160 largest=592 window_free=2652 window_largest=592 iram_free=24 blocks=19 valid=1 scan_us=47 stack_app=1576 stack_audio=1360 stack_web=2292 stack_idle=792
I (709886) memory: station=498 codec=MP3 play=1 conn=0 kbps=128 dram_total=77424 free=2652 low=1160 largest=592 window_free=2652 window_largest=592 iram_free=24 blocks=19 valid=1 scan_us=185 stack_app=1576 stack_audio=1360 stack_web=2292 stack_idle=792
I (720034) memory: station=498 codec=MP3 play=1 conn=0 kbps=128 dram_total=77424 free=2652 low=1160 largest=592 window_free=2652 window_largest=592 iram_free=24 blocks=19 valid=1 scan_us=47 stack_app=1576 stack_audio=1360 stack_web=2292 stack_idle=792
I (730186) memory: station=498 codec=MP3 play=1 conn=0 kbps=128 dram_total=77424 free=2652 low=1160 largest=592 window_free=2652 window_largest=592 iram_free=24 blocks=19 valid=1 scan_us=185 stack_app=1576 stack_audio=1360 stack_web=2292 stack_idle=792
I (740333) memory: station=498 codec=MP3 play=1 conn=0 kbps=128 dram_total=77424 free=2652 low=1160 largest=592 window_free=2652 window_largest=592 iram_free=24 blocks=19 valid=1 scan_us=48 stack_app=1576 stack_audio=1360 stack_web=2292 stack_idle=792
I (750483) memory: station=498 codec=MP3 play=1 conn=0 kbps=128 dram_total=77424 free=2652 low=1160 largest=592 window_free=2652 window_largest=592 iram_free=24 blocks=19 valid=1 scan_us=47 stack_app=1576 stack_audio=1360 stack_web=2292 stack_idle=792
I (760632) memory: station=498 codec=MP3 play=1 conn=0 kbps=128 dram_total=77424 free=2652 low=1160 largest=592 window_free=2652 window_largest=592 iram_free=24 blocks=19 valid=1 scan_us=47 stack_app=1576 stack_audio=1360 stack_web=2292 stack_idle=792
