PROGRESS 2/0/0 error 0
PROGRESS 3/4/10 error 0
{
  "final": {
    "run": 1,
    "state": 3,
    "case": 4,
    "round": 10,
    "rounds": 10,
    "dram_before": 25856,
    "dram_after": 26604,
    "state_bytes": 6582,
    "empty_task_us": 41,
    "error": 0,
    "physical_output": false,
    "results": [
      {
        "id": 0,
        "packets": 120,
        "samples": 115200,
        "wall_us": 715664,
        "task_us": 706873,
        "max_wall_us": 9589,
        "pcm_hash": 898651720,
        "scratch_bytes": 1808,
        "scratch_words": 14112,
        "min_dram": 9376,
        "stack_free_lifetime": 1676,
        "error": 0
      },
      {
        "id": 1,
        "packets": 120,
        "samples": 115200,
        "wall_us": 1653795,
        "task_us": 1624938,
        "max_wall_us": 16606,
        "pcm_hash": 3216561658,
        "scratch_bytes": 2904,
        "scratch_words": 15600,
        "min_dram": 9376,
        "stack_free_lifetime": 1260,
        "error": 0
      },
      {
        "id": 2,
        "packets": 120,
        "samples": 115200,
        "wall_us": 2407498,
        "task_us": 2368971,
        "max_wall_us": 23271,
        "pcm_hash": 2337883435,
        "scratch_bytes": 5488,
        "scratch_words": 15600,
        "min_dram": 9376,
        "stack_free_lifetime": 1260,
        "error": 0
      },
      {
        "id": 3,
        "packets": 120,
        "samples": 115200,
        "wall_us": 3294238,
        "task_us": 3239694,
        "max_wall_us": 31310,
        "pcm_hash": 1528306318,
        "scratch_bytes": 5488,
        "scratch_words": 15600,
        "min_dram": 9376,
        "stack_free_lifetime": 1260,
        "error": 0
      },
      {
        "id": 4,
        "packets": 120,
        "samples": 115200,
        "wall_us": 4237262,
        "task_us": 4158714,
        "max_wall_us": 40693,
        "pcm_hash": 1717014079,
        "scratch_bytes": 5488,
        "scratch_words": 15600,
        "min_dram": 9376,
        "stack_free_lifetime": 1260,
        "error": 0
      }
    ],
    "function_case": 4,
    "function_error": 0,
    "function_clock_hz": 1000000,
    "function_clock_min_us": 1,
    "function_clock_max_us": 6,
    "functions": [
      {
        "id": 0,
        "calls": 120,
        "cpu_us": 4145142,
        "self_cpu_us": 509682,
        "max_cpu_us": 38037,
        "wall_us": 4235820,
        "self_wall_us": 540817,
        "max_wall_us": 40715
      },
      {
        "id": 1,
        "calls": 0,
        "cpu_us": 0,
        "self_cpu_us": 0,
        "max_cpu_us": 0,
        "wall_us": 0,
        "self_wall_us": 0,
        "max_wall_us": 0
      },
      {
        "id": 2,
        "calls": 120,
        "cpu_us": 3235393,
        "self_cpu_us": 1550825,
        "max_cpu_us": 30124,
        "wall_us": 3283956,
        "self_wall_us": 1568540,
        "max_wall_us": 32802
      },
      {
        "id": 3,
        "calls": 16480,
        "cpu_us": 1522859,
        "self_cpu_us": 445462,
        "max_cpu_us": 305,
        "wall_us": 1551447,
        "self_wall_us": 453077,
        "max_wall_us": 1202
      },
      {
        "id": 4,
        "calls": 16480,
        "cpu_us": 1077397,
        "self_cpu_us": 686729,
        "max_cpu_us": 204,
        "wall_us": 1098370,
        "self_wall_us": 699828,
        "max_wall_us": 1157
      },
      {
        "id": 5,
        "calls": 310,
        "cpu_us": 4269,
        "self_cpu_us": 4269,
        "max_cpu_us": 31,
        "wall_us": 4269,
        "self_wall_us": 4269,
        "max_wall_us": 31
      },
      {
        "id": 6,
        "calls": 190,
        "cpu_us": 340957,
        "self_cpu_us": 133548,
        "max_cpu_us": 3144,
        "wall_us": 345627,
        "self_wall_us": 136071,
        "max_wall_us": 4325
      },
      {
        "id": 7,
        "calls": 190,
        "cpu_us": 207409,
        "self_cpu_us": 207409,
        "max_cpu_us": 1885,
        "wall_us": 209556,
        "self_wall_us": 209556,
        "max_wall_us": 2842
      },
      {
        "id": 8,
        "calls": 13180,
        "cpu_us": 70847,
        "self_cpu_us": 70847,
        "max_cpu_us": 87,
        "wall_us": 71154,
        "self_wall_us": 71154,
        "max_wall_us": 394
      },
      {
        "id": 9,
        "calls": 18220,
        "cpu_us": 64830,
        "self_cpu_us": 64830,
        "max_cpu_us": 105,
        "wall_us": 68454,
        "self_wall_us": 68454,
        "max_wall_us": 1063
      },
      {
        "id": 10,
        "calls": 18450,
        "cpu_us": 437509,
        "self_cpu_us": 437509,
        "max_cpu_us": 114,
        "wall_us": 445999,
        "self_wall_us": 445999,
        "max_wall_us": 1071
      },
      {
        "id": 11,
        "calls": 350,
        "cpu_us": 3897,
        "self_cpu_us": 3897,
        "max_cpu_us": 22,
        "wall_us": 3897,
        "self_wall_us": 3897,
        "max_wall_us": 22
      },
      {
        "id": 12,
        "calls": 5470,
        "cpu_us": 11289,
        "self_cpu_us": 11289,
        "max_cpu_us": 16,
        "wall_us": 11289,
        "self_wall_us": 11289,
        "max_wall_us": 16
      },
      {
        "id": 13,
        "calls": 9100,
        "cpu_us": 18846,
        "self_cpu_us": 18846,
        "max_cpu_us": 31,
        "wall_us": 22869,
        "self_wall_us": 22869,
        "max_wall_us": 1036
      }
    ]
  },
  "comparison": [
    {
      "name": "mono-12",
      "id": 0,
      "packets": 120,
      "samples": 115200,
      "wall_us": 715664,
      "task_us": 706873,
      "max_wall_us": 9589,
      "pcm_hash": 898651720,
      "scratch_bytes": 1808,
      "scratch_words": 14112,
      "min_dram": 9376,
      "stack_free_lifetime": 1676,
      "error": 0,
      "audio_duration_us": 2400000,
      "task_budget_percent": 29.453041666666667,
      "wall_budget_percent": 29.81933333333333,
      "task_budget_minus_empty_estimate_percent": 29.248041666666666
    },
    {
      "name": "mono-24",
      "id": 1,
      "packets": 120,
      "samples": 115200,
      "wall_us": 1653795,
      "task_us": 1624938,
      "max_wall_us": 16606,
      "pcm_hash": 3216561658,
      "scratch_bytes": 2904,
      "scratch_words": 15600,
      "min_dram": 9376,
      "stack_free_lifetime": 1260,
      "error": 0,
      "audio_duration_us": 2400000,
      "task_budget_percent": 67.70575,
      "wall_budget_percent": 68.908125,
      "task_budget_minus_empty_estimate_percent": 67.50075
    },
    {
      "name": "stereo-64",
      "id": 2,
      "packets": 120,
      "samples": 115200,
      "wall_us": 2407498,
      "task_us": 2368971,
      "max_wall_us": 23271,
      "pcm_hash": 2337883435,
      "scratch_bytes": 5488,
      "scratch_words": 15600,
      "min_dram": 9376,
      "stack_free_lifetime": 1260,
      "error": 0,
      "audio_duration_us": 2400000,
      "task_budget_percent": 98.70712499999999,
      "wall_budget_percent": 100.31241666666666,
      "task_budget_minus_empty_estimate_percent": 98.50212499999999
    },
    {
      "name": "stereo-128",
      "id": 3,
      "packets": 120,
      "samples": 115200,
      "wall_us": 3294238,
      "task_us": 3239694,
      "max_wall_us": 31310,
      "pcm_hash": 1528306318,
      "scratch_bytes": 5488,
      "scratch_words": 15600,
      "min_dram": 9376,
      "stack_free_lifetime": 1260,
      "error": 0,
      "audio_duration_us": 2400000,
      "task_budget_percent": 134.98725,
      "wall_budget_percent": 137.25991666666664,
      "task_budget_minus_empty_estimate_percent": 134.78225
    },
    {
      "name": "stereo-192",
      "id": 4,
      "packets": 120,
      "samples": 115200,
      "wall_us": 4237262,
      "task_us": 4158714,
      "max_wall_us": 40693,
      "pcm_hash": 1717014079,
      "scratch_bytes": 5488,
      "scratch_words": 15600,
      "min_dram": 9376,
      "stack_free_lifetime": 1260,
      "error": 0,
      "audio_duration_us": 2400000,
      "task_budget_percent": 173.27975,
      "wall_budget_percent": 176.5525833333333,
      "task_budget_minus_empty_estimate_percent": 173.07475
    }
  ]
}
