TAP version 13
# Subtest: current 75% raw CPU target uses an inclusive, unrounded median threshold
ok 1 - current 75% raw CPU target uses an inclusive, unrounded median threshold
  ---
  duration_ms: 1.2221
  type: 'test'
  ...
# Subtest: raw target rejects missing, ambiguous and invalid evidence or thresholds
ok 2 - raw target rejects missing, ambiguous and invalid evidence or thresholds
  ---
  duration_ms: 2.3757
  type: 'test'
  ...
# Subtest: active CPU target is independent of historical 70% field and relative-speed acceptance
ok 3 - active CPU target is independent of historical 70% field and relative-speed acceptance
  ---
  duration_ms: 0.4767
  type: 'test'
  ...
# Subtest: all24 saved PCM scenarios also preserve actual persistent states and scratch fields
ok 4 - all24 saved PCM scenarios also preserve actual persistent states and scratch fields
  ---
  duration_ms: 2.9161
  type: 'test'
  ...
# Subtest: host memory checks reject missing fields on both sides as well as silent size growth
ok 5 - host memory checks reject missing fields on both sides as well as silent size growth
  ---
  duration_ms: 5.903
  type: 'test'
  ...
# Subtest: linked binary search matches every U-row interval without RAM or stack growth
ok 6 - linked binary search matches every U-row interval without RAM or stack growth
  ---
  duration_ms: 7479.7612
  type: 'test'
  ...
# Subtest: real flash table monotonicity, pointers and final diagonal are checked
ok 7 - real flash table monotonicity, pointers and final diagonal are checked
  ---
  duration_ms: 140.6605
  type: 'test'
  ...
# Subtest: branch, midpoint, load width and wrong cached value mutations are rejected
ok 8 - branch, midpoint, load width and wrong cached value mutations are rejected
  ---
  duration_ms: 16.3107
  type: 'test'
  ...
# Subtest: decoder-dead storage contract is revalidated; all other ELF bytes stay exact
ok 9 - decoder-dead storage contract is revalidated; all other ELF bytes stay exact
  ---
  duration_ms: 3444.0545
  type: 'test'
  ...
# Subtest: host semantic mirror passes24 exact PCM/state/sanitizer cases without bitrate cap
ok 10 - host semantic mirror passes24 exact PCM/state/sanitizer cases without bitrate cap
  ---
  duration_ms: 2.2874
  type: 'test'
  ...
# Subtest: PVQ pointer cache preserves all15 linked exits and6720 numeric unsigned/sign/boundary paths
ok 11 - PVQ pointer cache preserves all15 linked exits and6720 numeric unsigned/sign/boundary paths
  ---
  duration_ms: 651.4473
  type: 'test'
  ...
# Subtest: PVQ proof rejects bad pointer steps, changed branch predicates, interior entry and a0 liveness violations
ok 12 - PVQ proof rejects bad pointer steps, changed branch predicates, interior entry and a0 liveness violations
  ---
  duration_ms: 17.9805
  type: 'test'
  ...
# Subtest: PVQ pointer images keep all unrelated bytes, tables, RAM and existing accepted overlays
ok 13 - PVQ pointer images keep all unrelated bytes, tables, RAM and existing accepted overlays
  ---
  duration_ms: 19169.6364
  type: 'test'
  ...
# Subtest: PVQ host mirror changes only many-dimensions search and preserves24 exact PCM/state/PLC/reset/OOM cases
ok 14 - PVQ host mirror changes only many-dimensions search and preserves24 exact PCM/state/PLC/reset/OOM cases
  ---
  duration_ms: 4.6681
  type: 'test'
  ...
# Subtest: PVQ linked loop preserves registers/read order by induction with four instructions per continuing probe
ok 15 - PVQ linked loop preserves registers/read order by induction with four instructions per continuing probe
  ---
  duration_ms: 16445.2672
  type: 'test'
  ...
# Subtest: PVQ patch cannot admit new interior entries, extra loads, changed return registers or a reversed branch
ok 16 - PVQ patch cannot admit new interior entries, extra loads, changed return registers or a reversed branch
  ---
  duration_ms: 34.5611
  type: 'test'
  ...
# Subtest: PVQ fixed-address images differ in one35-byte block only, valid checksums, no RAM growth or rejected FFT inheritance
ok 17 - PVQ fixed-address images differ in one35-byte block only, valid checksums, no RAM growth or rejected FFT inheritance
  ---
  duration_ms: 17312.5839
  type: 'test'
  ...
# Subtest: all modeled search brackets return the identical coordinate
ok 18 - all modeled search brackets return the identical coordinate
  ---
  duration_ms: 54.7325
  type: 'test'
  ...
# Subtest: linear model includes its final successful load; binary reuses initial q
ok 19 - linear model includes its final successful load; binary reuses initial q
  ---
  duration_ms: 0.6513
  type: 'test'
  ...
# Subtest: empty SILK corpus is not described as a search speedup
ok 20 - empty SILK corpus is not described as a search speedup
  ---
  duration_ms: 0.2215
  type: 'test'
  ...
# Subtest: invalid bounds fail rather than narrowing the decoded domain
ok 21 - invalid bounds fail rather than narrowing the decoded domain
  ---
  duration_ms: 5.3155
  type: 'test'
  ...
# Subtest: archived search census is reproducible from all ten unchanged pulse traces
ok 22 - archived search census is reproducible from all ten unchanged pulse traces
  ---
  duration_ms: 57.1925
  type: 'test'
  ...
# Subtest: attempt audit retains a terminal failure and forbids dropping completed or unfinished attempts
ok 23 - attempt audit retains a terminal failure and forbids dropping completed or unfinished attempts
  ---
  duration_ms: 3.8618
  type: 'test'
  ...
# Subtest: A/B permits only the selected feature and artifact identity differences
ok 24 - A/B permits only the selected feature and artifact identity differences
  ---
  duration_ms: 1.0163
  type: 'test'
  ...
# Subtest: raw A/B reports true medians and retains a slow outlier and observation timeout
ok 25 - raw A/B reports true medians and retains a slow outlier and observation timeout
  ---
  duration_ms: 1.7013
  type: 'test'
  ...
# Subtest: raw A/B refuses missing runs, output benchmarks, failed runs and PCM changes
ok 26 - raw A/B refuses missing runs, output benchmarks, failed runs and PCM changes
  ---
  duration_ms: 7.4675
  type: 'test'
  ...
# Subtest: different task/wall timing windows retain positive overhead without clamping or dropping the run
ok 27 - different task/wall timing windows retain positive overhead without clamping or dropping the run
  ---
  duration_ms: 0.8487
  type: 'test'
  ...
# Subtest: raw-series default observation interval matches the physical evidence validator
ok 28 - raw-series default observation interval matches the physical evidence validator
  ---
  duration_ms: 14.1658
  type: 'test'
  ...
# Subtest: raw series verifies PCM and retains terminal device failures without counting them as speed passes
ok 29 - raw series verifies PCM and retains terminal device failures without counting them as speed passes
  ---
  duration_ms: 2.4655
  type: 'test'
  ...
# Subtest: raw series does not restart unknown/physical/missing observations or incorrect PCM
ok 30 - raw series does not restart unknown/physical/missing observations or incorrect PCM
  ---
  duration_ms: 8.4049
  type: 'test'
  ...
1..30
# tests 30
# suites 0
# pass 30
# fail 0
# cancelled 0
# skipped 0
# todo 0
# duration_ms 34116.9996
