PROGRESS 2/0/0 error 0
PROGRESS 3/4/10 error 0
{
  "final": {
    "run": 10,
    "state": 3,
    "case": 4,
    "round": 10,
    "rounds": 10,
    "dram_before": 25936,
    "dram_after": 26476,
    "state_bytes": 6582,
    "empty_task_us": 51,
    "error": 0,
    "physical_output": false,
    "results": [
      {
        "id": 0,
        "packets": 120,
        "samples": 115200,
        "wall_us": 554577,
        "task_us": 553695,
        "max_wall_us": 6696,
        "pcm_hash": 898651720,
        "scratch_bytes": 1808,
        "scratch_words": 14112,
        "min_dram": 4472,
        "stack_free_lifetime": 1660,
        "error": 0
      },
      {
        "id": 1,
        "packets": 120,
        "samples": 115200,
        "wall_us": 1318843,
        "task_us": 1294617,
        "max_wall_us": 16540,
        "pcm_hash": 3216561658,
        "scratch_bytes": 2904,
        "scratch_words": 15600,
        "min_dram": 4472,
        "stack_free_lifetime": 1660,
        "error": 0
      },
      {
        "id": 2,
        "packets": 120,
        "samples": 115200,
        "wall_us": 1579258,
        "task_us": 1556562,
        "max_wall_us": 16207,
        "pcm_hash": 2337883435,
        "scratch_bytes": 5488,
        "scratch_words": 15600,
        "min_dram": 4472,
        "stack_free_lifetime": 1660,
        "error": 0
      },
      {
        "id": 3,
        "packets": 120,
        "samples": 115200,
        "wall_us": 1777027,
        "task_us": 1742700,
        "max_wall_us": 21878,
        "pcm_hash": 1528306318,
        "scratch_bytes": 5488,
        "scratch_words": 15600,
        "min_dram": 4472,
        "stack_free_lifetime": 1660,
        "error": 0
      },
      {
        "id": 4,
        "packets": 120,
        "samples": 115200,
        "wall_us": 1924958,
        "task_us": 1893041,
        "max_wall_us": 19340,
        "pcm_hash": 1717014079,
        "scratch_bytes": 5488,
        "scratch_words": 15600,
        "min_dram": 9976,
        "stack_free_lifetime": 1660,
        "error": 0
      }
    ]
  },
  "comparison": [
    {
      "name": "mono-12",
      "id": 0,
      "packets": 120,
      "samples": 115200,
      "wall_us": 554577,
      "task_us": 553695,
      "max_wall_us": 6696,
      "pcm_hash": 898651720,
      "scratch_bytes": 1808,
      "scratch_words": 14112,
      "min_dram": 4472,
      "stack_free_lifetime": 1660,
      "error": 0,
      "audio_duration_us": 2400000,
      "task_budget_percent": 23.070625,
      "wall_budget_percent": 23.107375,
      "task_budget_minus_empty_estimate_percent": 22.815625
    },
    {
      "name": "mono-24",
      "id": 1,
      "packets": 120,
      "samples": 115200,
      "wall_us": 1318843,
      "task_us": 1294617,
      "max_wall_us": 16540,
      "pcm_hash": 3216561658,
      "scratch_bytes": 2904,
      "scratch_words": 15600,
      "min_dram": 4472,
      "stack_free_lifetime": 1660,
      "error": 0,
      "audio_duration_us": 2400000,
      "task_budget_percent": 53.942375,
      "wall_budget_percent": 54.951791666666665,
      "task_budget_minus_empty_estimate_percent": 53.687374999999996
    },
    {
      "name": "stereo-64",
      "id": 2,
      "packets": 120,
      "samples": 115200,
      "wall_us": 1579258,
      "task_us": 1556562,
      "max_wall_us": 16207,
      "pcm_hash": 2337883435,
      "scratch_bytes": 5488,
      "scratch_words": 15600,
      "min_dram": 4472,
      "stack_free_lifetime": 1660,
      "error": 0,
      "audio_duration_us": 2400000,
      "task_budget_percent": 64.85674999999999,
      "wall_budget_percent": 65.80241666666666,
      "task_budget_minus_empty_estimate_percent": 64.60175
    },
    {
      "name": "stereo-128",
      "id": 3,
      "packets": 120,
      "samples": 115200,
      "wall_us": 1777027,
      "task_us": 1742700,
      "max_wall_us": 21878,
      "pcm_hash": 1528306318,
      "scratch_bytes": 5488,
      "scratch_words": 15600,
      "min_dram": 4472,
      "stack_free_lifetime": 1660,
      "error": 0,
      "audio_duration_us": 2400000,
      "task_budget_percent": 72.6125,
      "wall_budget_percent": 74.04279166666666,
      "task_budget_minus_empty_estimate_percent": 72.3575
    },
    {
      "name": "stereo-192",
      "id": 4,
      "packets": 120,
      "samples": 115200,
      "wall_us": 1924958,
      "task_us": 1893041,
      "max_wall_us": 19340,
      "pcm_hash": 1717014079,
      "scratch_bytes": 5488,
      "scratch_words": 15600,
      "min_dram": 9976,
      "stack_free_lifetime": 1660,
      "error": 0,
      "audio_duration_us": 2400000,
      "task_budget_percent": 78.87670833333333,
      "wall_budget_percent": 80.20658333333334,
      "task_budget_minus_empty_estimate_percent": 78.62170833333333
    }
  ]
}
