PROGRESS 2/0/0 error 0
PROGRESS 2/1/24 error 0
PROGRESS 2/2/48 error 0
OBSERVATION request timeout
PROGRESS 3/4/100 error 0
{
  "final": {
    "run": 3,
    "state": 3,
    "case": 4,
    "round": 100,
    "rounds": 100,
    "dram_before": 25728,
    "dram_after": 26836,
    "state_bytes": 6582,
    "empty_task_us": 45,
    "error": 0,
    "physical_output": true,
    "results": [
      {
        "id": 0,
        "packets": 1200,
        "samples": 1152000,
        "wall_us": 5831498,
        "task_us": 0,
        "max_wall_us": 7608,
        "pcm_hash": 898651720,
        "scratch_bytes": 1808,
        "scratch_words": 14112,
        "min_dram": 8660,
        "stack_free_lifetime": 1548,
        "error": 0,
        "output_wall_us": 17078785,
        "max_output_us": 16240,
        "output_samples": 1152000,
        "pipeline_wall_us": 23929687,
        "pipeline_task_us": 8827822,
        "dma_eofs": 2400,
        "dma_misses": 0,
        "fifo_empty_seen": 0
      },
      {
        "id": 1,
        "packets": 1200,
        "samples": 1152000,
        "wall_us": 13518432,
        "task_us": 0,
        "max_wall_us": 35226,
        "pcm_hash": 3216561658,
        "scratch_bytes": 2904,
        "scratch_words": 15600,
        "min_dram": 1732,
        "stack_free_lifetime": 1548,
        "error": 0,
        "output_wall_us": 9410969,
        "max_output_us": 10335,
        "output_samples": 1152000,
        "pipeline_wall_us": 23974933,
        "pipeline_task_us": 16399266,
        "dma_eofs": 2435,
        "dma_misses": 35,
        "fifo_empty_seen": 0
      },
      {
        "id": 2,
        "packets": 1200,
        "samples": 1152000,
        "wall_us": 16092455,
        "task_us": 0,
        "max_wall_us": 65537,
        "pcm_hash": 2337883435,
        "scratch_bytes": 5488,
        "scratch_words": 15600,
        "min_dram": 10128,
        "stack_free_lifetime": 1548,
        "error": 0,
        "output_wall_us": 6878029,
        "max_output_us": 12384,
        "output_samples": 1152000,
        "pipeline_wall_us": 24007343,
        "pipeline_task_us": 18909689,
        "dma_eofs": 2459,
        "dma_misses": 59,
        "fifo_empty_seen": 0
      },
      {
        "id": 3,
        "packets": 1200,
        "samples": 1152000,
        "wall_us": 21226198,
        "task_us": 0,
        "max_wall_us": 58653,
        "pcm_hash": 1528306318,
        "scratch_bytes": 5488,
        "scratch_words": 15600,
        "min_dram": 500,
        "stack_free_lifetime": 1548,
        "error": 0,
        "output_wall_us": 4454429,
        "max_output_us": 6474,
        "output_samples": 1152000,
        "pipeline_wall_us": 26760317,
        "pipeline_task_us": 21955474,
        "dma_eofs": 4530,
        "dma_misses": 2130,
        "fifo_empty_seen": 0
      },
      {
        "id": 4,
        "packets": 1200,
        "samples": 1152000,
        "wall_us": 22167408,
        "task_us": 0,
        "max_wall_us": 32972,
        "pcm_hash": 1717014079,
        "scratch_bytes": 5488,
        "scratch_words": 15600,
        "min_dram": 500,
        "stack_free_lifetime": 1548,
        "error": 0,
        "output_wall_us": 3321157,
        "max_output_us": 5489,
        "output_samples": 1152000,
        "pipeline_wall_us": 26616870,
        "pipeline_task_us": 23815955,
        "dma_eofs": 4422,
        "dma_misses": 2022,
        "fifo_empty_seen": 0
      }
    ]
  },
  "comparison": [
    {
      "name": "mono-12",
      "id": 0,
      "packets": 1200,
      "samples": 1152000,
      "wall_us": 5831498,
      "task_us": 0,
      "max_wall_us": 7608,
      "pcm_hash": 898651720,
      "scratch_bytes": 1808,
      "scratch_words": 14112,
      "min_dram": 8660,
      "stack_free_lifetime": 1548,
      "error": 0,
      "output_wall_us": 17078785,
      "max_output_us": 16240,
      "output_samples": 1152000,
      "pipeline_wall_us": 23929687,
      "pipeline_task_us": 8827822,
      "dma_eofs": 2400,
      "dma_misses": 0,
      "fifo_empty_seen": 0,
      "continuity": {
        "pass": true,
        "errors": [],
        "audio_us": 24000000,
        "ratio": 1.0029383167443853,
        "pipeline_cpu_budget_percent": 36.78259166666667,
        "pipeline_cpu_elapsed_percent": 36.890670571662724,
        "decode_wall_budget_percent": 24.297908333333332,
        "output_wall_budget_percent": 71.16160416666666,
        "timing": "pipeline task CPU includes flash copy/hash/output/ISR charged to task; output wall includes DMA waits; no audio network or Ogg demux"
      }
    },
    {
      "name": "mono-24",
      "id": 1,
      "packets": 1200,
      "samples": 1152000,
      "wall_us": 13518432,
      "task_us": 0,
      "max_wall_us": 35226,
      "pcm_hash": 3216561658,
      "scratch_bytes": 2904,
      "scratch_words": 15600,
      "min_dram": 1732,
      "stack_free_lifetime": 1548,
      "error": 0,
      "output_wall_us": 9410969,
      "max_output_us": 10335,
      "output_samples": 1152000,
      "pipeline_wall_us": 23974933,
      "pipeline_task_us": 16399266,
      "dma_eofs": 2435,
      "dma_misses": 35,
      "fifo_empty_seen": 0,
      "continuity": {
        "pass": false,
        "errors": [
          "DMA underruns"
        ],
        "audio_us": 24000000,
        "ratio": 1.0010455503671272,
        "pipeline_cpu_budget_percent": 68.330275,
        "pipeline_cpu_elapsed_percent": 68.40171774411215,
        "decode_wall_budget_percent": 56.3268,
        "output_wall_budget_percent": 39.21237083333333,
        "timing": "pipeline task CPU includes flash copy/hash/output/ISR charged to task; output wall includes DMA waits; no audio network or Ogg demux"
      }
    },
    {
      "name": "stereo-64",
      "id": 2,
      "packets": 1200,
      "samples": 1152000,
      "wall_us": 16092455,
      "task_us": 0,
      "max_wall_us": 65537,
      "pcm_hash": 2337883435,
      "scratch_bytes": 5488,
      "scratch_words": 15600,
      "min_dram": 10128,
      "stack_free_lifetime": 1548,
      "error": 0,
      "output_wall_us": 6878029,
      "max_output_us": 12384,
      "output_samples": 1152000,
      "pipeline_wall_us": 24007343,
      "pipeline_task_us": 18909689,
      "dma_eofs": 2459,
      "dma_misses": 59,
      "fifo_empty_seen": 0,
      "continuity": {
        "pass": false,
        "errors": [
          "DMA underruns"
        ],
        "audio_us": 24000000,
        "ratio": 0.9996941352485362,
        "pipeline_cpu_budget_percent": 78.79037083333333,
        "pipeline_cpu_elapsed_percent": 78.76627163614066,
        "decode_wall_budget_percent": 67.05189583333333,
        "output_wall_budget_percent": 28.658454166666665,
        "timing": "pipeline task CPU includes flash copy/hash/output/ISR charged to task; output wall includes DMA waits; no audio network or Ogg demux"
      }
    },
    {
      "name": "stereo-128",
      "id": 3,
      "packets": 1200,
      "samples": 1152000,
      "wall_us": 21226198,
      "task_us": 0,
      "max_wall_us": 58653,
      "pcm_hash": 1528306318,
      "scratch_bytes": 5488,
      "scratch_words": 15600,
      "min_dram": 500,
      "stack_free_lifetime": 1548,
      "error": 0,
      "output_wall_us": 4454429,
      "max_output_us": 6474,
      "output_samples": 1152000,
      "pipeline_wall_us": 26760317,
      "pipeline_task_us": 21955474,
      "dma_eofs": 4530,
      "dma_misses": 2130,
      "fifo_empty_seen": 0,
      "continuity": {
        "pass": false,
        "errors": [
          "DMA underruns",
          "PCM duration does not match elapsed time"
        ],
        "audio_us": 24000000,
        "ratio": 0.8968503624228368,
        "pipeline_cpu_budget_percent": 91.48114166666667,
        "pipeline_cpu_elapsed_percent": 82.04489505860488,
        "decode_wall_budget_percent": 88.44249166666667,
        "output_wall_budget_percent": 18.560120833333333,
        "timing": "pipeline task CPU includes flash copy/hash/output/ISR charged to task; output wall includes DMA waits; no audio network or Ogg demux"
      }
    },
    {
      "name": "stereo-192",
      "id": 4,
      "packets": 1200,
      "samples": 1152000,
      "wall_us": 22167408,
      "task_us": 0,
      "max_wall_us": 32972,
      "pcm_hash": 1717014079,
      "scratch_bytes": 5488,
      "scratch_words": 15600,
      "min_dram": 500,
      "stack_free_lifetime": 1548,
      "error": 0,
      "output_wall_us": 3321157,
      "max_output_us": 5489,
      "output_samples": 1152000,
      "pipeline_wall_us": 26616870,
      "pipeline_task_us": 23815955,
      "dma_eofs": 4422,
      "dma_misses": 2022,
      "fifo_empty_seen": 0,
      "continuity": {
        "pass": false,
        "errors": [
          "DMA underruns",
          "PCM duration does not match elapsed time"
        ],
        "audio_us": 24000000,
        "ratio": 0.9016837817519491,
        "pipeline_cpu_budget_percent": 99.23314583333334,
        "pipeline_cpu_elapsed_percent": 89.47691821014267,
        "decode_wall_budget_percent": 92.3642,
        "output_wall_budget_percent": 13.838154166666667,
        "timing": "pipeline task CPU includes flash copy/hash/output/ISR charged to task; output wall includes DMA waits; no audio network or Ogg demux"
      }
    }
  ]
}
Physical output continuity gate failed; results retained
