PROGRESS 2/0/0 error 0
OBSERVATION read ECONNRESET
PROGRESS 2/2/71 error 0
PROGRESS 2/3/97 error 0
PROGRESS 3/4/100 error 0
{
  "final": {
    "run": 1,
    "state": 3,
    "case": 4,
    "round": 100,
    "rounds": 100,
    "dram_before": 26084,
    "dram_after": 26836,
    "state_bytes": 6582,
    "empty_task_us": 40,
    "error": 0,
    "physical_output": true,
    "results": [
      {
        "id": 0,
        "packets": 1200,
        "samples": 1152000,
        "wall_us": 5819453,
        "task_us": 0,
        "max_wall_us": 7388,
        "pcm_hash": 898651720,
        "scratch_bytes": 1808,
        "scratch_words": 14112,
        "min_dram": 9020,
        "stack_free_lifetime": 1628,
        "error": 0,
        "output_wall_us": 17094205,
        "max_output_us": 15942,
        "output_samples": 1152000,
        "pipeline_wall_us": 23928926,
        "pipeline_task_us": 8827439,
        "dma_eofs": 2400,
        "dma_misses": 0,
        "fifo_empty_seen": 0
      },
      {
        "id": 1,
        "packets": 1200,
        "samples": 1152000,
        "wall_us": 13502639,
        "task_us": 0,
        "max_wall_us": 45826,
        "pcm_hash": 3216561658,
        "scratch_bytes": 2904,
        "scratch_words": 15600,
        "min_dram": 4608,
        "stack_free_lifetime": 1548,
        "error": 0,
        "output_wall_us": 9436726,
        "max_output_us": 11258,
        "output_samples": 1152000,
        "pipeline_wall_us": 23971785,
        "pipeline_task_us": 16395372,
        "dma_eofs": 2432,
        "dma_misses": 32,
        "fifo_empty_seen": 0
      },
      {
        "id": 2,
        "packets": 1200,
        "samples": 1152000,
        "wall_us": 16032766,
        "task_us": 0,
        "max_wall_us": 39461,
        "pcm_hash": 2337883435,
        "scratch_bytes": 5488,
        "scratch_words": 15600,
        "min_dram": 5308,
        "stack_free_lifetime": 1548,
        "error": 0,
        "output_wall_us": 6894989,
        "max_output_us": 8063,
        "output_samples": 1152000,
        "pipeline_wall_us": 23971852,
        "pipeline_task_us": 18900679,
        "dma_eofs": 2432,
        "dma_misses": 32,
        "fifo_empty_seen": 0
      },
      {
        "id": 3,
        "packets": 1200,
        "samples": 1152000,
        "wall_us": 18458506,
        "task_us": 0,
        "max_wall_us": 43039,
        "pcm_hash": 1528306318,
        "scratch_bytes": 5488,
        "scratch_words": 15600,
        "min_dram": 5160,
        "stack_free_lifetime": 1548,
        "error": 0,
        "output_wall_us": 4675443,
        "max_output_us": 9617,
        "output_samples": 1152000,
        "pipeline_wall_us": 24212395,
        "pipeline_task_us": 21274849,
        "dma_eofs": 2613,
        "dma_misses": 213,
        "fifo_empty_seen": 0
      },
      {
        "id": 4,
        "packets": 1200,
        "samples": 1152000,
        "wall_us": 20627482,
        "task_us": 0,
        "max_wall_us": 22096,
        "pcm_hash": 1717014079,
        "scratch_bytes": 5488,
        "scratch_words": 15600,
        "min_dram": 5160,
        "stack_free_lifetime": 1548,
        "error": 0,
        "output_wall_us": 3266081,
        "max_output_us": 6740,
        "output_samples": 1152000,
        "pipeline_wall_us": 24979799,
        "pipeline_task_us": 23428262,
        "dma_eofs": 3190,
        "dma_misses": 790,
        "fifo_empty_seen": 0
      }
    ]
  },
  "comparison": [
    {
      "name": "mono-12",
      "id": 0,
      "packets": 1200,
      "samples": 1152000,
      "wall_us": 5819453,
      "task_us": 0,
      "max_wall_us": 7388,
      "pcm_hash": 898651720,
      "scratch_bytes": 1808,
      "scratch_words": 14112,
      "min_dram": 9020,
      "stack_free_lifetime": 1628,
      "error": 0,
      "output_wall_us": 17094205,
      "max_output_us": 15942,
      "output_samples": 1152000,
      "pipeline_wall_us": 23928926,
      "pipeline_task_us": 8827439,
      "dma_eofs": 2400,
      "dma_misses": 0,
      "fifo_empty_seen": 0,
      "continuity": {
        "pass": true,
        "errors": [],
        "audio_us": 24000000,
        "ratio": 1.002970212704072,
        "pipeline_cpu_budget_percent": 36.780995833333336,
        "pipeline_cpu_elapsed_percent": 36.89024321442592,
        "decode_wall_budget_percent": 24.247720833333332,
        "output_wall_budget_percent": 71.22585416666666,
        "timing": "pipeline task CPU includes flash copy/hash/output/ISR charged to task; output wall includes DMA waits; no audio network or Ogg demux"
      }
    },
    {
      "name": "mono-24",
      "id": 1,
      "packets": 1200,
      "samples": 1152000,
      "wall_us": 13502639,
      "task_us": 0,
      "max_wall_us": 45826,
      "pcm_hash": 3216561658,
      "scratch_bytes": 2904,
      "scratch_words": 15600,
      "min_dram": 4608,
      "stack_free_lifetime": 1548,
      "error": 0,
      "output_wall_us": 9436726,
      "max_output_us": 11258,
      "output_samples": 1152000,
      "pipeline_wall_us": 23971785,
      "pipeline_task_us": 16395372,
      "dma_eofs": 2432,
      "dma_misses": 32,
      "fifo_empty_seen": 0,
      "continuity": {
        "pass": false,
        "errors": [
          "DMA underruns"
        ],
        "audio_us": 24000000,
        "ratio": 1.0011770087208776,
        "pipeline_cpu_budget_percent": 68.31405,
        "pipeline_cpu_elapsed_percent": 68.39445623260846,
        "decode_wall_budget_percent": 56.26099583333333,
        "output_wall_budget_percent": 39.319691666666664,
        "timing": "pipeline task CPU includes flash copy/hash/output/ISR charged to task; output wall includes DMA waits; no audio network or Ogg demux"
      }
    },
    {
      "name": "stereo-64",
      "id": 2,
      "packets": 1200,
      "samples": 1152000,
      "wall_us": 16032766,
      "task_us": 0,
      "max_wall_us": 39461,
      "pcm_hash": 2337883435,
      "scratch_bytes": 5488,
      "scratch_words": 15600,
      "min_dram": 5308,
      "stack_free_lifetime": 1548,
      "error": 0,
      "output_wall_us": 6894989,
      "max_output_us": 8063,
      "output_samples": 1152000,
      "pipeline_wall_us": 23971852,
      "pipeline_task_us": 18900679,
      "dma_eofs": 2432,
      "dma_misses": 32,
      "fifo_empty_seen": 0,
      "continuity": {
        "pass": false,
        "errors": [
          "DMA underruns"
        ],
        "audio_us": 24000000,
        "ratio": 1.0011742104865322,
        "pipeline_cpu_budget_percent": 78.75282916666667,
        "pipeline_cpu_elapsed_percent": 78.84530156451825,
        "decode_wall_budget_percent": 66.80319166666666,
        "output_wall_budget_percent": 28.729120833333333,
        "timing": "pipeline task CPU includes flash copy/hash/output/ISR charged to task; output wall includes DMA waits; no audio network or Ogg demux"
      }
    },
    {
      "name": "stereo-128",
      "id": 3,
      "packets": 1200,
      "samples": 1152000,
      "wall_us": 18458506,
      "task_us": 0,
      "max_wall_us": 43039,
      "pcm_hash": 1528306318,
      "scratch_bytes": 5488,
      "scratch_words": 15600,
      "min_dram": 5160,
      "stack_free_lifetime": 1548,
      "error": 0,
      "output_wall_us": 4675443,
      "max_output_us": 9617,
      "output_samples": 1152000,
      "pipeline_wall_us": 24212395,
      "pipeline_task_us": 21274849,
      "dma_eofs": 2613,
      "dma_misses": 213,
      "fifo_empty_seen": 0,
      "continuity": {
        "pass": false,
        "errors": [
          "DMA underruns"
        ],
        "audio_us": 24000000,
        "ratio": 0.9912278401207315,
        "pipeline_cpu_budget_percent": 88.64520416666667,
        "pipeline_cpu_elapsed_percent": 87.86759426318628,
        "decode_wall_budget_percent": 76.91044166666667,
        "output_wall_budget_percent": 19.4810125,
        "timing": "pipeline task CPU includes flash copy/hash/output/ISR charged to task; output wall includes DMA waits; no audio network or Ogg demux"
      }
    },
    {
      "name": "stereo-192",
      "id": 4,
      "packets": 1200,
      "samples": 1152000,
      "wall_us": 20627482,
      "task_us": 0,
      "max_wall_us": 22096,
      "pcm_hash": 1717014079,
      "scratch_bytes": 5488,
      "scratch_words": 15600,
      "min_dram": 5160,
      "stack_free_lifetime": 1548,
      "error": 0,
      "output_wall_us": 3266081,
      "max_output_us": 6740,
      "output_samples": 1152000,
      "pipeline_wall_us": 24979799,
      "pipeline_task_us": 23428262,
      "dma_eofs": 3190,
      "dma_misses": 790,
      "fifo_empty_seen": 0,
      "continuity": {
        "pass": false,
        "errors": [
          "DMA underruns",
          "PCM duration does not match elapsed time"
        ],
        "audio_us": 24000000,
        "ratio": 0.9607763457183943,
        "pipeline_cpu_budget_percent": 97.61775833333333,
        "pipeline_cpu_elapsed_percent": 93.78883312872134,
        "decode_wall_budget_percent": 85.94784166666666,
        "output_wall_budget_percent": 13.608670833333333,
        "timing": "pipeline task CPU includes flash copy/hash/output/ISR charged to task; output wall includes DMA waits; no audio network or Ogg demux"
      }
    }
  ]
}
Physical output continuity gate failed; results retained
