PROGRESS 2/0/0 error 0
PROGRESS 2/1/24 error 0
PROGRESS 2/2/48 error 0
PROGRESS 2/3/72 error 0
PROGRESS 2/4/92 error 0
PROGRESS 3/4/100 error 0
{
  "final": {
    "run": 5,
    "state": 3,
    "case": 4,
    "round": 100,
    "rounds": 100,
    "dram_before": 25060,
    "dram_after": 26836,
    "state_bytes": 6582,
    "empty_task_us": 45,
    "error": 0,
    "physical_output": true,
    "results": [
      {
        "id": 0,
        "packets": 1200,
        "samples": 1152000,
        "wall_us": 5819252,
        "task_us": 0,
        "max_wall_us": 7156,
        "pcm_hash": 898651720,
        "scratch_bytes": 1808,
        "scratch_words": 14112,
        "min_dram": 8668,
        "stack_free_lifetime": 1548,
        "error": 0,
        "output_wall_us": 17092389,
        "max_output_us": 16677,
        "output_samples": 1152000,
        "pipeline_wall_us": 23929652,
        "pipeline_task_us": 8827551,
        "dma_eofs": 2400,
        "dma_misses": 0,
        "fifo_empty_seen": 0
      },
      {
        "id": 1,
        "packets": 1200,
        "samples": 1152000,
        "wall_us": 13537227,
        "task_us": 0,
        "max_wall_us": 33760,
        "pcm_hash": 3216561658,
        "scratch_bytes": 2904,
        "scratch_words": 15600,
        "min_dram": 2024,
        "stack_free_lifetime": 1548,
        "error": 0,
        "output_wall_us": 9382360,
        "max_output_us": 9949,
        "output_samples": 1152000,
        "pipeline_wall_us": 23965494,
        "pipeline_task_us": 16404665,
        "dma_eofs": 2427,
        "dma_misses": 27,
        "fifo_empty_seen": 0
      },
      {
        "id": 2,
        "packets": 1200,
        "samples": 1152000,
        "wall_us": 16138049,
        "task_us": 0,
        "max_wall_us": 52378,
        "pcm_hash": 2337883435,
        "scratch_bytes": 5488,
        "scratch_words": 15600,
        "min_dram": 9548,
        "stack_free_lifetime": 1548,
        "error": 0,
        "output_wall_us": 6833629,
        "max_output_us": 7992,
        "output_samples": 1152000,
        "pipeline_wall_us": 24010091,
        "pipeline_task_us": 18923296,
        "dma_eofs": 2461,
        "dma_misses": 61,
        "fifo_empty_seen": 0
      },
      {
        "id": 3,
        "packets": 1200,
        "samples": 1152000,
        "wall_us": 18509540,
        "task_us": 0,
        "max_wall_us": 63499,
        "pcm_hash": 1528306318,
        "scratch_bytes": 5488,
        "scratch_words": 15600,
        "min_dram": 7212,
        "stack_free_lifetime": 1548,
        "error": 0,
        "output_wall_us": 4659810,
        "max_output_us": 6943,
        "output_samples": 1152000,
        "pipeline_wall_us": 24250599,
        "pipeline_task_us": 21287353,
        "dma_eofs": 2642,
        "dma_misses": 242,
        "fifo_empty_seen": 0
      },
      {
        "id": 4,
        "packets": 1200,
        "samples": 1152000,
        "wall_us": 20700923,
        "task_us": 0,
        "max_wall_us": 69412,
        "pcm_hash": 1717014079,
        "scratch_bytes": 5488,
        "scratch_words": 15600,
        "min_dram": 9396,
        "stack_free_lifetime": 1548,
        "error": 0,
        "output_wall_us": 3327533,
        "max_output_us": 17010,
        "output_samples": 1152000,
        "pipeline_wall_us": 25115888,
        "pipeline_task_us": 23442794,
        "dma_eofs": 3293,
        "dma_misses": 893,
        "fifo_empty_seen": 0
      }
    ]
  },
  "comparison": [
    {
      "name": "mono-12",
      "id": 0,
      "packets": 1200,
      "samples": 1152000,
      "wall_us": 5819252,
      "task_us": 0,
      "max_wall_us": 7156,
      "pcm_hash": 898651720,
      "scratch_bytes": 1808,
      "scratch_words": 14112,
      "min_dram": 8668,
      "stack_free_lifetime": 1548,
      "error": 0,
      "output_wall_us": 17092389,
      "max_output_us": 16677,
      "output_samples": 1152000,
      "pipeline_wall_us": 23929652,
      "pipeline_task_us": 8827551,
      "dma_eofs": 2400,
      "dma_misses": 0,
      "fifo_empty_seen": 0,
      "continuity": {
        "pass": true,
        "errors": [],
        "audio_us": 24000000,
        "ratio": 1.0029397836625455,
        "pipeline_cpu_budget_percent": 36.7814625,
        "pipeline_cpu_elapsed_percent": 36.889592042542034,
        "decode_wall_budget_percent": 24.246883333333333,
        "output_wall_budget_percent": 71.2182875,
        "timing": "pipeline task CPU includes flash copy/hash/output/ISR charged to task; output wall includes DMA waits; no audio network or Ogg demux"
      }
    },
    {
      "name": "mono-24",
      "id": 1,
      "packets": 1200,
      "samples": 1152000,
      "wall_us": 13537227,
      "task_us": 0,
      "max_wall_us": 33760,
      "pcm_hash": 3216561658,
      "scratch_bytes": 2904,
      "scratch_words": 15600,
      "min_dram": 2024,
      "stack_free_lifetime": 1548,
      "error": 0,
      "output_wall_us": 9382360,
      "max_output_us": 9949,
      "output_samples": 1152000,
      "pipeline_wall_us": 23965494,
      "pipeline_task_us": 16404665,
      "dma_eofs": 2427,
      "dma_misses": 27,
      "fifo_empty_seen": 0,
      "continuity": {
        "pass": false,
        "errors": [
          "DMA underruns"
        ],
        "audio_us": 24000000,
        "ratio": 1.0014398201013508,
        "pipeline_cpu_budget_percent": 68.35277083333334,
        "pipeline_cpu_elapsed_percent": 68.45118652676219,
        "decode_wall_budget_percent": 56.4051125,
        "output_wall_budget_percent": 39.09316666666667,
        "timing": "pipeline task CPU includes flash copy/hash/output/ISR charged to task; output wall includes DMA waits; no audio network or Ogg demux"
      }
    },
    {
      "name": "stereo-64",
      "id": 2,
      "packets": 1200,
      "samples": 1152000,
      "wall_us": 16138049,
      "task_us": 0,
      "max_wall_us": 52378,
      "pcm_hash": 2337883435,
      "scratch_bytes": 5488,
      "scratch_words": 15600,
      "min_dram": 9548,
      "stack_free_lifetime": 1548,
      "error": 0,
      "output_wall_us": 6833629,
      "max_output_us": 7992,
      "output_samples": 1152000,
      "pipeline_wall_us": 24010091,
      "pipeline_task_us": 18923296,
      "dma_eofs": 2461,
      "dma_misses": 61,
      "fifo_empty_seen": 0,
      "continuity": {
        "pass": false,
        "errors": [
          "DMA underruns"
        ],
        "audio_us": 24000000,
        "ratio": 0.9995797183775772,
        "pipeline_cpu_budget_percent": 78.84706666666666,
        "pipeline_cpu_elapsed_percent": 78.81392869356472,
        "decode_wall_budget_percent": 67.24187083333334,
        "output_wall_budget_percent": 28.473454166666667,
        "timing": "pipeline task CPU includes flash copy/hash/output/ISR charged to task; output wall includes DMA waits; no audio network or Ogg demux"
      }
    },
    {
      "name": "stereo-128",
      "id": 3,
      "packets": 1200,
      "samples": 1152000,
      "wall_us": 18509540,
      "task_us": 0,
      "max_wall_us": 63499,
      "pcm_hash": 1528306318,
      "scratch_bytes": 5488,
      "scratch_words": 15600,
      "min_dram": 7212,
      "stack_free_lifetime": 1548,
      "error": 0,
      "output_wall_us": 4659810,
      "max_output_us": 6943,
      "output_samples": 1152000,
      "pipeline_wall_us": 24250599,
      "pipeline_task_us": 21287353,
      "dma_eofs": 2642,
      "dma_misses": 242,
      "fifo_empty_seen": 0,
      "continuity": {
        "pass": false,
        "errors": [
          "DMA underruns"
        ],
        "audio_us": 24000000,
        "ratio": 0.989666275872196,
        "pipeline_cpu_budget_percent": 88.69730416666667,
        "pipeline_cpu_elapsed_percent": 87.78073069452842,
        "decode_wall_budget_percent": 77.12308333333333,
        "output_wall_budget_percent": 19.415875,
        "timing": "pipeline task CPU includes flash copy/hash/output/ISR charged to task; output wall includes DMA waits; no audio network or Ogg demux"
      }
    },
    {
      "name": "stereo-192",
      "id": 4,
      "packets": 1200,
      "samples": 1152000,
      "wall_us": 20700923,
      "task_us": 0,
      "max_wall_us": 69412,
      "pcm_hash": 1717014079,
      "scratch_bytes": 5488,
      "scratch_words": 15600,
      "min_dram": 9396,
      "stack_free_lifetime": 1548,
      "error": 0,
      "output_wall_us": 3327533,
      "max_output_us": 17010,
      "output_samples": 1152000,
      "pipeline_wall_us": 25115888,
      "pipeline_task_us": 23442794,
      "dma_eofs": 3293,
      "dma_misses": 893,
      "fifo_empty_seen": 0,
      "continuity": {
        "pass": false,
        "errors": [
          "DMA underruns",
          "PCM duration does not match elapsed time"
        ],
        "audio_us": 24000000,
        "ratio": 0.9555704341411301,
        "pipeline_cpu_budget_percent": 97.67830833333333,
        "pipeline_cpu_elapsed_percent": 93.3385035002545,
        "decode_wall_budget_percent": 86.25384583333333,
        "output_wall_budget_percent": 13.864720833333333,
        "timing": "pipeline task CPU includes flash copy/hash/output/ISR charged to task; output wall includes DMA waits; no audio network or Ogg demux"
      }
    }
  ]
}
Physical output continuity gate failed; results retained
