PROGRESS 2/0/0 error 0
PROGRESS 2/1/24 error 0
PROGRESS 2/2/48 error 0
PROGRESS 2/3/72 error 0
PROGRESS 2/4/92 error 0
PROGRESS 3/4/100 error 0
{
  "final": {
    "run": 7,
    "state": 3,
    "case": 4,
    "round": 100,
    "rounds": 100,
    "dram_before": 25744,
    "dram_after": 26636,
    "state_bytes": 6582,
    "empty_task_us": 45,
    "error": 0,
    "physical_output": true,
    "results": [
      {
        "id": 0,
        "packets": 1200,
        "samples": 1152000,
        "wall_us": 5826129,
        "task_us": 0,
        "max_wall_us": 8062,
        "pcm_hash": 898651720,
        "scratch_bytes": 1808,
        "scratch_words": 14112,
        "min_dram": 8660,
        "stack_free_lifetime": 1548,
        "error": 0,
        "output_wall_us": 17088413,
        "max_output_us": 15942,
        "output_samples": 1152000,
        "pipeline_wall_us": 23928963,
        "pipeline_task_us": 8829755,
        "dma_eofs": 2400,
        "dma_misses": 0,
        "fifo_empty_seen": 0
      },
      {
        "id": 1,
        "packets": 1200,
        "samples": 1152000,
        "wall_us": 13520532,
        "task_us": 0,
        "max_wall_us": 43565,
        "pcm_hash": 3216561658,
        "scratch_bytes": 2904,
        "scratch_words": 15600,
        "min_dram": 8864,
        "stack_free_lifetime": 1548,
        "error": 0,
        "output_wall_us": 9417989,
        "max_output_us": 14182,
        "output_samples": 1152000,
        "pipeline_wall_us": 23985019,
        "pipeline_task_us": 16399033,
        "dma_eofs": 2442,
        "dma_misses": 42,
        "fifo_empty_seen": 0
      },
      {
        "id": 2,
        "packets": 1200,
        "samples": 1152000,
        "wall_us": 16070595,
        "task_us": 0,
        "max_wall_us": 45969,
        "pcm_hash": 2337883435,
        "scratch_bytes": 5488,
        "scratch_words": 15600,
        "min_dram": 8864,
        "stack_free_lifetime": 1548,
        "error": 0,
        "output_wall_us": 6894019,
        "max_output_us": 9821,
        "output_samples": 1152000,
        "pipeline_wall_us": 23998361,
        "pipeline_task_us": 18905252,
        "dma_eofs": 2452,
        "dma_misses": 52,
        "fifo_empty_seen": 0
      },
      {
        "id": 3,
        "packets": 1200,
        "samples": 1152000,
        "wall_us": 18497792,
        "task_us": 0,
        "max_wall_us": 65847,
        "pcm_hash": 1528306318,
        "scratch_bytes": 5488,
        "scratch_words": 15600,
        "min_dram": 8180,
        "stack_free_lifetime": 1548,
        "error": 0,
        "output_wall_us": 4687804,
        "max_output_us": 7517,
        "output_samples": 1152000,
        "pipeline_wall_us": 24234031,
        "pipeline_task_us": 21282720,
        "dma_eofs": 2629,
        "dma_misses": 229,
        "fifo_empty_seen": 0
      },
      {
        "id": 4,
        "packets": 1200,
        "samples": 1152000,
        "wall_us": 20655813,
        "task_us": 0,
        "max_wall_us": 67161,
        "pcm_hash": 1717014079,
        "scratch_bytes": 5488,
        "scratch_words": 15600,
        "min_dram": 10016,
        "stack_free_lifetime": 1548,
        "error": 0,
        "output_wall_us": 3313513,
        "max_output_us": 12665,
        "output_samples": 1152000,
        "pipeline_wall_us": 25046955,
        "pipeline_task_us": 23430216,
        "dma_eofs": 3241,
        "dma_misses": 841,
        "fifo_empty_seen": 0
      }
    ]
  },
  "comparison": [
    {
      "name": "mono-12",
      "id": 0,
      "packets": 1200,
      "samples": 1152000,
      "wall_us": 5826129,
      "task_us": 0,
      "max_wall_us": 8062,
      "pcm_hash": 898651720,
      "scratch_bytes": 1808,
      "scratch_words": 14112,
      "min_dram": 8660,
      "stack_free_lifetime": 1548,
      "error": 0,
      "output_wall_us": 17088413,
      "max_output_us": 15942,
      "output_samples": 1152000,
      "pipeline_wall_us": 23928963,
      "pipeline_task_us": 8829755,
      "dma_eofs": 2400,
      "dma_misses": 0,
      "fifo_empty_seen": 0,
      "continuity": {
        "pass": true,
        "errors": [],
        "audio_us": 24000000,
        "ratio": 1.0029686618680467,
        "pipeline_cpu_budget_percent": 36.790645833333336,
        "pipeline_cpu_elapsed_percent": 36.89986482071956,
        "decode_wall_budget_percent": 24.2755375,
        "output_wall_budget_percent": 71.20172083333334,
        "timing": "pipeline task CPU includes flash copy/hash/output/ISR charged to task; output wall includes DMA waits; no audio network or Ogg demux"
      }
    },
    {
      "name": "mono-24",
      "id": 1,
      "packets": 1200,
      "samples": 1152000,
      "wall_us": 13520532,
      "task_us": 0,
      "max_wall_us": 43565,
      "pcm_hash": 3216561658,
      "scratch_bytes": 2904,
      "scratch_words": 15600,
      "min_dram": 8864,
      "stack_free_lifetime": 1548,
      "error": 0,
      "output_wall_us": 9417989,
      "max_output_us": 14182,
      "output_samples": 1152000,
      "pipeline_wall_us": 23985019,
      "pipeline_task_us": 16399033,
      "dma_eofs": 2442,
      "dma_misses": 42,
      "fifo_empty_seen": 0,
      "continuity": {
        "pass": false,
        "errors": [
          "DMA underruns"
        ],
        "audio_us": 24000000,
        "ratio": 1.0006245982127426,
        "pipeline_cpu_budget_percent": 68.32930416666666,
        "pipeline_cpu_elapsed_percent": 68.37198252792712,
        "decode_wall_budget_percent": 56.33555,
        "output_wall_budget_percent": 39.241620833333336,
        "timing": "pipeline task CPU includes flash copy/hash/output/ISR charged to task; output wall includes DMA waits; no audio network or Ogg demux"
      }
    },
    {
      "name": "stereo-64",
      "id": 2,
      "packets": 1200,
      "samples": 1152000,
      "wall_us": 16070595,
      "task_us": 0,
      "max_wall_us": 45969,
      "pcm_hash": 2337883435,
      "scratch_bytes": 5488,
      "scratch_words": 15600,
      "min_dram": 8864,
      "stack_free_lifetime": 1548,
      "error": 0,
      "output_wall_us": 6894019,
      "max_output_us": 9821,
      "output_samples": 1152000,
      "pipeline_wall_us": 23998361,
      "pipeline_task_us": 18905252,
      "dma_eofs": 2452,
      "dma_misses": 52,
      "fifo_empty_seen": 0,
      "continuity": {
        "pass": false,
        "errors": [
          "DMA underruns"
        ],
        "audio_us": 24000000,
        "ratio": 1.000068296330737,
        "pipeline_cpu_budget_percent": 78.77188333333334,
        "pipeline_cpu_elapsed_percent": 78.77726316393024,
        "decode_wall_budget_percent": 66.9608125,
        "output_wall_budget_percent": 28.725079166666667,
        "timing": "pipeline task CPU includes flash copy/hash/output/ISR charged to task; output wall includes DMA waits; no audio network or Ogg demux"
      }
    },
    {
      "name": "stereo-128",
      "id": 3,
      "packets": 1200,
      "samples": 1152000,
      "wall_us": 18497792,
      "task_us": 0,
      "max_wall_us": 65847,
      "pcm_hash": 1528306318,
      "scratch_bytes": 5488,
      "scratch_words": 15600,
      "min_dram": 8180,
      "stack_free_lifetime": 1548,
      "error": 0,
      "output_wall_us": 4687804,
      "max_output_us": 7517,
      "output_samples": 1152000,
      "pipeline_wall_us": 24234031,
      "pipeline_task_us": 21282720,
      "dma_eofs": 2629,
      "dma_misses": 229,
      "fifo_empty_seen": 0,
      "continuity": {
        "pass": false,
        "errors": [
          "DMA underruns"
        ],
        "audio_us": 24000000,
        "ratio": 0.9903428777490629,
        "pipeline_cpu_budget_percent": 88.678,
        "pipeline_cpu_elapsed_percent": 87.8216257130314,
        "decode_wall_budget_percent": 77.07413333333334,
        "output_wall_budget_percent": 19.532516666666666,
        "timing": "pipeline task CPU includes flash copy/hash/output/ISR charged to task; output wall includes DMA waits; no audio network or Ogg demux"
      }
    },
    {
      "name": "stereo-192",
      "id": 4,
      "packets": 1200,
      "samples": 1152000,
      "wall_us": 20655813,
      "task_us": 0,
      "max_wall_us": 67161,
      "pcm_hash": 1717014079,
      "scratch_bytes": 5488,
      "scratch_words": 15600,
      "min_dram": 10016,
      "stack_free_lifetime": 1548,
      "error": 0,
      "output_wall_us": 3313513,
      "max_output_us": 12665,
      "output_samples": 1152000,
      "pipeline_wall_us": 25046955,
      "pipeline_task_us": 23430216,
      "dma_eofs": 3241,
      "dma_misses": 841,
      "fifo_empty_seen": 0,
      "continuity": {
        "pass": false,
        "errors": [
          "DMA underruns",
          "PCM duration does not match elapsed time"
        ],
        "audio_us": 24000000,
        "ratio": 0.9582003081811741,
        "pipeline_cpu_budget_percent": 97.6259,
        "pipeline_cpu_elapsed_percent": 93.54516746646449,
        "decode_wall_budget_percent": 86.0658875,
        "output_wall_budget_percent": 13.806304166666667,
        "timing": "pipeline task CPU includes flash copy/hash/output/ISR charged to task; output wall includes DMA waits; no audio network or Ogg demux"
      }
    }
  ]
}
Physical output continuity gate failed; results retained
