PROGRESS 2/0/0 error 0
PROGRESS 3/4/10 error 0
{
  "final": {
    "run": 9,
    "state": 3,
    "case": 4,
    "round": 10,
    "rounds": 10,
    "dram_before": 25936,
    "dram_after": 26340,
    "state_bytes": 6582,
    "empty_task_us": 53,
    "error": 0,
    "physical_output": false,
    "results": [
      {
        "id": 0,
        "packets": 120,
        "samples": 115200,
        "wall_us": 548779,
        "task_us": 545916,
        "max_wall_us": 6806,
        "pcm_hash": 898651720,
        "scratch_bytes": 1808,
        "scratch_words": 14112,
        "min_dram": 8176,
        "stack_free_lifetime": 1660,
        "error": 0
      },
      {
        "id": 1,
        "packets": 120,
        "samples": 115200,
        "wall_us": 1317749,
        "task_us": 1304832,
        "max_wall_us": 12608,
        "pcm_hash": 3216561658,
        "scratch_bytes": 2904,
        "scratch_words": 15600,
        "min_dram": 9624,
        "stack_free_lifetime": 1660,
        "error": 0
      },
      {
        "id": 2,
        "packets": 120,
        "samples": 115200,
        "wall_us": 1654819,
        "task_us": 1624618,
        "max_wall_us": 17342,
        "pcm_hash": 2337883435,
        "scratch_bytes": 5488,
        "scratch_words": 15600,
        "min_dram": 9624,
        "stack_free_lifetime": 1660,
        "error": 0
      },
      {
        "id": 3,
        "packets": 120,
        "samples": 115200,
        "wall_us": 2032070,
        "task_us": 1992667,
        "max_wall_us": 21043,
        "pcm_hash": 1528306318,
        "scratch_bytes": 5488,
        "scratch_words": 15600,
        "min_dram": 9772,
        "stack_free_lifetime": 1660,
        "error": 0
      },
      {
        "id": 4,
        "packets": 120,
        "samples": 115200,
        "wall_us": 2359607,
        "task_us": 2328432,
        "max_wall_us": 22224,
        "pcm_hash": 1717014079,
        "scratch_bytes": 5488,
        "scratch_words": 15600,
        "min_dram": 9976,
        "stack_free_lifetime": 1660,
        "error": 0
      }
    ]
  },
  "comparison": [
    {
      "name": "mono-12",
      "id": 0,
      "packets": 120,
      "samples": 115200,
      "wall_us": 548779,
      "task_us": 545916,
      "max_wall_us": 6806,
      "pcm_hash": 898651720,
      "scratch_bytes": 1808,
      "scratch_words": 14112,
      "min_dram": 8176,
      "stack_free_lifetime": 1660,
      "error": 0,
      "audio_duration_us": 2400000,
      "task_budget_percent": 22.746499999999997,
      "wall_budget_percent": 22.865791666666663,
      "task_budget_minus_empty_estimate_percent": 22.481499999999997
    },
    {
      "name": "mono-24",
      "id": 1,
      "packets": 120,
      "samples": 115200,
      "wall_us": 1317749,
      "task_us": 1304832,
      "max_wall_us": 12608,
      "pcm_hash": 3216561658,
      "scratch_bytes": 2904,
      "scratch_words": 15600,
      "min_dram": 9624,
      "stack_free_lifetime": 1660,
      "error": 0,
      "audio_duration_us": 2400000,
      "task_budget_percent": 54.367999999999995,
      "wall_budget_percent": 54.90620833333333,
      "task_budget_minus_empty_estimate_percent": 54.102999999999994
    },
    {
      "name": "stereo-64",
      "id": 2,
      "packets": 120,
      "samples": 115200,
      "wall_us": 1654819,
      "task_us": 1624618,
      "max_wall_us": 17342,
      "pcm_hash": 2337883435,
      "scratch_bytes": 5488,
      "scratch_words": 15600,
      "min_dram": 9624,
      "stack_free_lifetime": 1660,
      "error": 0,
      "audio_duration_us": 2400000,
      "task_budget_percent": 67.69241666666666,
      "wall_budget_percent": 68.95079166666666,
      "task_budget_minus_empty_estimate_percent": 67.42741666666666
    },
    {
      "name": "stereo-128",
      "id": 3,
      "packets": 120,
      "samples": 115200,
      "wall_us": 2032070,
      "task_us": 1992667,
      "max_wall_us": 21043,
      "pcm_hash": 1528306318,
      "scratch_bytes": 5488,
      "scratch_words": 15600,
      "min_dram": 9772,
      "stack_free_lifetime": 1660,
      "error": 0,
      "audio_duration_us": 2400000,
      "task_budget_percent": 83.02779166666666,
      "wall_budget_percent": 84.66958333333334,
      "task_budget_minus_empty_estimate_percent": 82.76279166666666
    },
    {
      "name": "stereo-192",
      "id": 4,
      "packets": 120,
      "samples": 115200,
      "wall_us": 2359607,
      "task_us": 2328432,
      "max_wall_us": 22224,
      "pcm_hash": 1717014079,
      "scratch_bytes": 5488,
      "scratch_words": 15600,
      "min_dram": 9976,
      "stack_free_lifetime": 1660,
      "error": 0,
      "audio_duration_us": 2400000,
      "task_budget_percent": 97.018,
      "wall_budget_percent": 98.31695833333333,
      "task_budget_minus_empty_estimate_percent": 96.753
    }
  ]
}
