PROGRESS 2/0/0 error 0
PROGRESS 3/4/10 error 0
{
  "final": {
    "run": 5,
    "state": 3,
    "case": 4,
    "round": 10,
    "rounds": 10,
    "dram_before": 25228,
    "dram_after": 27012,
    "state_bytes": 6582,
    "empty_task_us": 40,
    "error": 0,
    "physical_output": false,
    "results": [
      {
        "id": 0,
        "packets": 120,
        "samples": 115200,
        "wall_us": 591141,
        "task_us": 586776,
        "max_wall_us": 6612,
        "pcm_hash": 898651720,
        "scratch_bytes": 1808,
        "scratch_words": 14112,
        "min_dram": 9528,
        "stack_free_lifetime": 1660,
        "error": 0
      },
      {
        "id": 1,
        "packets": 120,
        "samples": 115200,
        "wall_us": 1428094,
        "task_us": 1406662,
        "max_wall_us": 14244,
        "pcm_hash": 3216561658,
        "scratch_bytes": 2904,
        "scratch_words": 15600,
        "min_dram": 9608,
        "stack_free_lifetime": 1660,
        "error": 0
      },
      {
        "id": 2,
        "packets": 120,
        "samples": 115200,
        "wall_us": 1732390,
        "task_us": 1709912,
        "max_wall_us": 17769,
        "pcm_hash": 2337883435,
        "scratch_bytes": 5488,
        "scratch_words": 15600,
        "min_dram": 9756,
        "stack_free_lifetime": 1660,
        "error": 0
      },
      {
        "id": 3,
        "packets": 120,
        "samples": 115200,
        "wall_us": 2283806,
        "task_us": 2249641,
        "max_wall_us": 23207,
        "pcm_hash": 1528306318,
        "scratch_bytes": 5488,
        "scratch_words": 15600,
        "min_dram": 9892,
        "stack_free_lifetime": 1660,
        "error": 0
      },
      {
        "id": 4,
        "packets": 120,
        "samples": 115200,
        "wall_us": 4110355,
        "task_us": 4055146,
        "max_wall_us": 41228,
        "pcm_hash": 3868245794,
        "scratch_bytes": 5488,
        "scratch_words": 15600,
        "min_dram": 9960,
        "stack_free_lifetime": 1660,
        "error": 0
      }
    ]
  },
  "comparison": [
    {
      "name": "mono12 SILK",
      "id": 0,
      "packets": 120,
      "samples": 115200,
      "wall_us": 591141,
      "task_us": 586776,
      "max_wall_us": 6612,
      "pcm_hash": 898651720,
      "scratch_bytes": 1808,
      "scratch_words": 14112,
      "min_dram": 9528,
      "stack_free_lifetime": 1660,
      "error": 0,
      "audio_duration_us": 2400000,
      "task_budget_percent": 24.448999999999998,
      "wall_budget_percent": 24.630875,
      "task_budget_minus_empty_estimate_percent": 24.249
    },
    {
      "name": "mono24 hybrid",
      "id": 1,
      "packets": 120,
      "samples": 115200,
      "wall_us": 1428094,
      "task_us": 1406662,
      "max_wall_us": 14244,
      "pcm_hash": 3216561658,
      "scratch_bytes": 2904,
      "scratch_words": 15600,
      "min_dram": 9608,
      "stack_free_lifetime": 1660,
      "error": 0,
      "audio_duration_us": 2400000,
      "task_budget_percent": 58.61091666666666,
      "wall_budget_percent": 59.50391666666667,
      "task_budget_minus_empty_estimate_percent": 58.410916666666665
    },
    {
      "name": "stereo64 CELT",
      "id": 2,
      "packets": 120,
      "samples": 115200,
      "wall_us": 1732390,
      "task_us": 1709912,
      "max_wall_us": 17769,
      "pcm_hash": 2337883435,
      "scratch_bytes": 5488,
      "scratch_words": 15600,
      "min_dram": 9756,
      "stack_free_lifetime": 1660,
      "error": 0,
      "audio_duration_us": 2400000,
      "task_budget_percent": 71.24633333333333,
      "wall_budget_percent": 72.18291666666667,
      "task_budget_minus_empty_estimate_percent": 71.04633333333334
    },
    {
      "name": "stereo128 CELT",
      "id": 3,
      "packets": 120,
      "samples": 115200,
      "wall_us": 2283806,
      "task_us": 2249641,
      "max_wall_us": 23207,
      "pcm_hash": 1528306318,
      "scratch_bytes": 5488,
      "scratch_words": 15600,
      "min_dram": 9892,
      "stack_free_lifetime": 1660,
      "error": 0,
      "audio_duration_us": 2400000,
      "task_budget_percent": 93.73504166666666,
      "wall_budget_percent": 95.15858333333333,
      "task_budget_minus_empty_estimate_percent": 93.53504166666666
    },
    {
      "name": "stereo510 CELT",
      "id": 4,
      "packets": 120,
      "samples": 115200,
      "wall_us": 4110355,
      "task_us": 4055146,
      "max_wall_us": 41228,
      "pcm_hash": 3868245794,
      "scratch_bytes": 5488,
      "scratch_words": 15600,
      "min_dram": 9960,
      "stack_free_lifetime": 1660,
      "error": 0,
      "audio_duration_us": 2400000,
      "task_budget_percent": 168.96441666666666,
      "wall_budget_percent": 171.26479166666667,
      "task_budget_minus_empty_estimate_percent": 168.76441666666668
    }
  ]
}
