PROGRESS 2/0/0 error 0
PROGRESS 3/4/10 error 0
{
  "final": {
    "run": 8,
    "state": 3,
    "case": 4,
    "round": 10,
    "rounds": 10,
    "dram_before": 26092,
    "dram_after": 27012,
    "state_bytes": 6582,
    "empty_task_us": 48,
    "error": 0,
    "physical_output": false,
    "results": [
      {
        "id": 0,
        "packets": 120,
        "samples": 115200,
        "wall_us": 595269,
        "task_us": 588038,
        "max_wall_us": 7478,
        "pcm_hash": 898651720,
        "scratch_bytes": 1808,
        "scratch_words": 14112,
        "min_dram": 8328,
        "stack_free_lifetime": 1660,
        "error": 0
      },
      {
        "id": 1,
        "packets": 120,
        "samples": 115200,
        "wall_us": 1433029,
        "task_us": 1408159,
        "max_wall_us": 14346,
        "pcm_hash": 3216561658,
        "scratch_bytes": 2904,
        "scratch_words": 15600,
        "min_dram": 9784,
        "stack_free_lifetime": 1660,
        "error": 0
      },
      {
        "id": 2,
        "packets": 120,
        "samples": 115200,
        "wall_us": 1738816,
        "task_us": 1711617,
        "max_wall_us": 17670,
        "pcm_hash": 2337883435,
        "scratch_bytes": 5488,
        "scratch_words": 15600,
        "min_dram": 9784,
        "stack_free_lifetime": 1660,
        "error": 0
      },
      {
        "id": 3,
        "packets": 120,
        "samples": 115200,
        "wall_us": 2291207,
        "task_us": 2252024,
        "max_wall_us": 23381,
        "pcm_hash": 1528306318,
        "scratch_bytes": 5488,
        "scratch_words": 15600,
        "min_dram": 9784,
        "stack_free_lifetime": 1660,
        "error": 0
      },
      {
        "id": 4,
        "packets": 120,
        "samples": 115200,
        "wall_us": 4127925,
        "task_us": 4057759,
        "max_wall_us": 41481,
        "pcm_hash": 3868245794,
        "scratch_bytes": 5488,
        "scratch_words": 15600,
        "min_dram": 10136,
        "stack_free_lifetime": 1660,
        "error": 0
      }
    ]
  },
  "comparison": [
    {
      "name": "mono12 SILK",
      "id": 0,
      "packets": 120,
      "samples": 115200,
      "wall_us": 595269,
      "task_us": 588038,
      "max_wall_us": 7478,
      "pcm_hash": 898651720,
      "scratch_bytes": 1808,
      "scratch_words": 14112,
      "min_dram": 8328,
      "stack_free_lifetime": 1660,
      "error": 0,
      "audio_duration_us": 2400000,
      "task_budget_percent": 24.501583333333333,
      "wall_budget_percent": 24.802874999999997,
      "task_budget_minus_empty_estimate_percent": 24.261583333333334
    },
    {
      "name": "mono24 hybrid",
      "id": 1,
      "packets": 120,
      "samples": 115200,
      "wall_us": 1433029,
      "task_us": 1408159,
      "max_wall_us": 14346,
      "pcm_hash": 3216561658,
      "scratch_bytes": 2904,
      "scratch_words": 15600,
      "min_dram": 9784,
      "stack_free_lifetime": 1660,
      "error": 0,
      "audio_duration_us": 2400000,
      "task_budget_percent": 58.67329166666667,
      "wall_budget_percent": 59.70954166666667,
      "task_budget_minus_empty_estimate_percent": 58.43329166666667
    },
    {
      "name": "stereo64 CELT",
      "id": 2,
      "packets": 120,
      "samples": 115200,
      "wall_us": 1738816,
      "task_us": 1711617,
      "max_wall_us": 17670,
      "pcm_hash": 2337883435,
      "scratch_bytes": 5488,
      "scratch_words": 15600,
      "min_dram": 9784,
      "stack_free_lifetime": 1660,
      "error": 0,
      "audio_duration_us": 2400000,
      "task_budget_percent": 71.317375,
      "wall_budget_percent": 72.45066666666666,
      "task_budget_minus_empty_estimate_percent": 71.077375
    },
    {
      "name": "stereo128 CELT",
      "id": 3,
      "packets": 120,
      "samples": 115200,
      "wall_us": 2291207,
      "task_us": 2252024,
      "max_wall_us": 23381,
      "pcm_hash": 1528306318,
      "scratch_bytes": 5488,
      "scratch_words": 15600,
      "min_dram": 9784,
      "stack_free_lifetime": 1660,
      "error": 0,
      "audio_duration_us": 2400000,
      "task_budget_percent": 93.83433333333333,
      "wall_budget_percent": 95.46695833333332,
      "task_budget_minus_empty_estimate_percent": 93.59433333333332
    },
    {
      "name": "stereo510 CELT",
      "id": 4,
      "packets": 120,
      "samples": 115200,
      "wall_us": 4127925,
      "task_us": 4057759,
      "max_wall_us": 41481,
      "pcm_hash": 3868245794,
      "scratch_bytes": 5488,
      "scratch_words": 15600,
      "min_dram": 10136,
      "stack_free_lifetime": 1660,
      "error": 0,
      "audio_duration_us": 2400000,
      "task_budget_percent": 169.07329166666665,
      "wall_budget_percent": 171.996875,
      "task_budget_minus_empty_estimate_percent": 168.83329166666667
    }
  ]
}
