PROGRESS 2/0/0 error 0
PROGRESS 3/4/10 error 0
{
  "final": {
    "run": 4,
    "state": 3,
    "case": 4,
    "round": 10,
    "rounds": 10,
    "dram_before": 25412,
    "dram_after": 27012,
    "state_bytes": 6582,
    "empty_task_us": 40,
    "error": 0,
    "physical_output": false,
    "results": [
      {
        "id": 0,
        "packets": 120,
        "samples": 115200,
        "wall_us": 593256,
        "task_us": 587208,
        "max_wall_us": 7030,
        "pcm_hash": 898651720,
        "scratch_bytes": 1808,
        "scratch_words": 14112,
        "min_dram": 9608,
        "stack_free_lifetime": 1660,
        "error": 0
      },
      {
        "id": 1,
        "packets": 120,
        "samples": 115200,
        "wall_us": 1422275,
        "task_us": 1406005,
        "max_wall_us": 14254,
        "pcm_hash": 3216561658,
        "scratch_bytes": 2904,
        "scratch_words": 15600,
        "min_dram": 9608,
        "stack_free_lifetime": 1660,
        "error": 0
      },
      {
        "id": 2,
        "packets": 120,
        "samples": 115200,
        "wall_us": 1733476,
        "task_us": 1711101,
        "max_wall_us": 18019,
        "pcm_hash": 2337883435,
        "scratch_bytes": 5488,
        "scratch_words": 15600,
        "min_dram": 9608,
        "stack_free_lifetime": 1660,
        "error": 0
      },
      {
        "id": 3,
        "packets": 120,
        "samples": 115200,
        "wall_us": 2282161,
        "task_us": 2249206,
        "max_wall_us": 22273,
        "pcm_hash": 1528306318,
        "scratch_bytes": 5488,
        "scratch_words": 15600,
        "min_dram": 9608,
        "stack_free_lifetime": 1660,
        "error": 0
      },
      {
        "id": 4,
        "packets": 120,
        "samples": 115200,
        "wall_us": 4108774,
        "task_us": 4054340,
        "max_wall_us": 40053,
        "pcm_hash": 3868245794,
        "scratch_bytes": 5488,
        "scratch_words": 15600,
        "min_dram": 9960,
        "stack_free_lifetime": 1660,
        "error": 0
      }
    ]
  },
  "comparison": [
    {
      "name": "mono12 SILK",
      "id": 0,
      "packets": 120,
      "samples": 115200,
      "wall_us": 593256,
      "task_us": 587208,
      "max_wall_us": 7030,
      "pcm_hash": 898651720,
      "scratch_bytes": 1808,
      "scratch_words": 14112,
      "min_dram": 9608,
      "stack_free_lifetime": 1660,
      "error": 0,
      "audio_duration_us": 2400000,
      "task_budget_percent": 24.467,
      "wall_budget_percent": 24.718999999999998,
      "task_budget_minus_empty_estimate_percent": 24.267
    },
    {
      "name": "mono24 hybrid",
      "id": 1,
      "packets": 120,
      "samples": 115200,
      "wall_us": 1422275,
      "task_us": 1406005,
      "max_wall_us": 14254,
      "pcm_hash": 3216561658,
      "scratch_bytes": 2904,
      "scratch_words": 15600,
      "min_dram": 9608,
      "stack_free_lifetime": 1660,
      "error": 0,
      "audio_duration_us": 2400000,
      "task_budget_percent": 58.58354166666667,
      "wall_budget_percent": 59.26145833333333,
      "task_budget_minus_empty_estimate_percent": 58.383541666666666
    },
    {
      "name": "stereo64 CELT",
      "id": 2,
      "packets": 120,
      "samples": 115200,
      "wall_us": 1733476,
      "task_us": 1711101,
      "max_wall_us": 18019,
      "pcm_hash": 2337883435,
      "scratch_bytes": 5488,
      "scratch_words": 15600,
      "min_dram": 9608,
      "stack_free_lifetime": 1660,
      "error": 0,
      "audio_duration_us": 2400000,
      "task_budget_percent": 71.295875,
      "wall_budget_percent": 72.22816666666667,
      "task_budget_minus_empty_estimate_percent": 71.09587499999999
    },
    {
      "name": "stereo128 CELT",
      "id": 3,
      "packets": 120,
      "samples": 115200,
      "wall_us": 2282161,
      "task_us": 2249206,
      "max_wall_us": 22273,
      "pcm_hash": 1528306318,
      "scratch_bytes": 5488,
      "scratch_words": 15600,
      "min_dram": 9608,
      "stack_free_lifetime": 1660,
      "error": 0,
      "audio_duration_us": 2400000,
      "task_budget_percent": 93.71691666666666,
      "wall_budget_percent": 95.09004166666665,
      "task_budget_minus_empty_estimate_percent": 93.51691666666666
    },
    {
      "name": "stereo510 CELT",
      "id": 4,
      "packets": 120,
      "samples": 115200,
      "wall_us": 4108774,
      "task_us": 4054340,
      "max_wall_us": 40053,
      "pcm_hash": 3868245794,
      "scratch_bytes": 5488,
      "scratch_words": 15600,
      "min_dram": 9960,
      "stack_free_lifetime": 1660,
      "error": 0,
      "audio_duration_us": 2400000,
      "task_budget_percent": 168.93083333333334,
      "wall_budget_percent": 171.19891666666666,
      "task_budget_minus_empty_estimate_percent": 168.73083333333332
    }
  ]
}
