PROGRESS 2/0/0 error 0
PROGRESS 2/1/4 error 0
PROGRESS 2/2/3 error 0
PROGRESS 2/3/0 error 0
PROGRESS 2/3/7 error 0
PROGRESS 2/4/3 error 0
PROGRESS 2/4/9 error 0
PROGRESS 3/4/10 error 0
{
  "final": {
    "run": 1,
    "state": 3,
    "case": 4,
    "round": 10,
    "rounds": 10,
    "dram_before": 26288,
    "dram_after": 26124,
    "state_bytes": 6582,
    "empty_task_us": 48,
    "error": 0,
    "physical_output": false,
    "results": [
      {
        "id": 0,
        "packets": 120,
        "samples": 115200,
        "wall_us": 550564,
        "task_us": 546937,
        "max_wall_us": 6657,
        "pcm_hash": 898651720,
        "scratch_bytes": 1808,
        "scratch_words": 14112,
        "min_dram": 10072,
        "stack_free_lifetime": 1740,
        "error": 0
      },
      {
        "id": 1,
        "packets": 120,
        "samples": 115200,
        "wall_us": 1381387,
        "task_us": 1315601,
        "max_wall_us": 38515,
        "pcm_hash": 3216561658,
        "scratch_bytes": 2904,
        "scratch_words": 15600,
        "min_dram": 10072,
        "stack_free_lifetime": 1660,
        "error": 0
      },
      {
        "id": 2,
        "packets": 120,
        "samples": 115200,
        "wall_us": 1648330,
        "task_us": 1577786,
        "max_wall_us": 58327,
        "pcm_hash": 2337883435,
        "scratch_bytes": 5488,
        "scratch_words": 15600,
        "min_dram": 9976,
        "stack_free_lifetime": 1660,
        "error": 0
      },
      {
        "id": 3,
        "packets": 120,
        "samples": 115200,
        "wall_us": 2024466,
        "task_us": 1943187,
        "max_wall_us": 67826,
        "pcm_hash": 1528306318,
        "scratch_bytes": 5488,
        "scratch_words": 15600,
        "min_dram": 8520,
        "stack_free_lifetime": 1660,
        "error": 0
      },
      {
        "id": 4,
        "packets": 120,
        "samples": 115200,
        "wall_us": 2379583,
        "task_us": 2245197,
        "max_wall_us": 73036,
        "pcm_hash": 1717014079,
        "scratch_bytes": 5488,
        "scratch_words": 15600,
        "min_dram": 8852,
        "stack_free_lifetime": 1660,
        "error": 0
      }
    ]
  },
  "comparison": [
    {
      "name": "mono-12",
      "id": 0,
      "packets": 120,
      "samples": 115200,
      "wall_us": 550564,
      "task_us": 546937,
      "max_wall_us": 6657,
      "pcm_hash": 898651720,
      "scratch_bytes": 1808,
      "scratch_words": 14112,
      "min_dram": 10072,
      "stack_free_lifetime": 1740,
      "error": 0,
      "audio_duration_us": 2400000,
      "task_budget_percent": 22.789041666666666,
      "wall_budget_percent": 22.940166666666663,
      "task_budget_minus_empty_estimate_percent": 22.549041666666668
    },
    {
      "name": "mono-24",
      "id": 1,
      "packets": 120,
      "samples": 115200,
      "wall_us": 1381387,
      "task_us": 1315601,
      "max_wall_us": 38515,
      "pcm_hash": 3216561658,
      "scratch_bytes": 2904,
      "scratch_words": 15600,
      "min_dram": 10072,
      "stack_free_lifetime": 1660,
      "error": 0,
      "audio_duration_us": 2400000,
      "task_budget_percent": 54.81670833333333,
      "wall_budget_percent": 57.55779166666667,
      "task_budget_minus_empty_estimate_percent": 54.57670833333333
    },
    {
      "name": "stereo-64",
      "id": 2,
      "packets": 120,
      "samples": 115200,
      "wall_us": 1648330,
      "task_us": 1577786,
      "max_wall_us": 58327,
      "pcm_hash": 2337883435,
      "scratch_bytes": 5488,
      "scratch_words": 15600,
      "min_dram": 9976,
      "stack_free_lifetime": 1660,
      "error": 0,
      "audio_duration_us": 2400000,
      "task_budget_percent": 65.74108333333334,
      "wall_budget_percent": 68.68041666666667,
      "task_budget_minus_empty_estimate_percent": 65.50108333333333
    },
    {
      "name": "stereo-128",
      "id": 3,
      "packets": 120,
      "samples": 115200,
      "wall_us": 2024466,
      "task_us": 1943187,
      "max_wall_us": 67826,
      "pcm_hash": 1528306318,
      "scratch_bytes": 5488,
      "scratch_words": 15600,
      "min_dram": 8520,
      "stack_free_lifetime": 1660,
      "error": 0,
      "audio_duration_us": 2400000,
      "task_budget_percent": 80.96612499999999,
      "wall_budget_percent": 84.35274999999999,
      "task_budget_minus_empty_estimate_percent": 80.726125
    },
    {
      "name": "stereo-192",
      "id": 4,
      "packets": 120,
      "samples": 115200,
      "wall_us": 2379583,
      "task_us": 2245197,
      "max_wall_us": 73036,
      "pcm_hash": 1717014079,
      "scratch_bytes": 5488,
      "scratch_words": 15600,
      "min_dram": 8852,
      "stack_free_lifetime": 1660,
      "error": 0,
      "audio_duration_us": 2400000,
      "task_budget_percent": 93.549875,
      "wall_budget_percent": 99.14929166666667,
      "task_budget_minus_empty_estimate_percent": 93.30987499999999
    }
  ]
}
