PROGRESS 2/0/0 error 0
PROGRESS 3/4/10 error 0
{
  "final": {
    "run": 3,
    "state": 3,
    "case": 4,
    "round": 10,
    "rounds": 10,
    "dram_before": 26112,
    "dram_after": 26652,
    "state_bytes": 6582,
    "empty_task_us": 49,
    "error": 0,
    "physical_output": false,
    "results": [
      {
        "id": 0,
        "packets": 120,
        "samples": 115200,
        "wall_us": 558446,
        "task_us": 554404,
        "max_wall_us": 6702,
        "pcm_hash": 898651720,
        "scratch_bytes": 1808,
        "scratch_words": 14112,
        "min_dram": 8528,
        "stack_free_lifetime": 1660,
        "error": 0
      },
      {
        "id": 1,
        "packets": 120,
        "samples": 115200,
        "wall_us": 1316115,
        "task_us": 1298373,
        "max_wall_us": 13139,
        "pcm_hash": 3216561658,
        "scratch_bytes": 2904,
        "scratch_words": 15600,
        "min_dram": 9800,
        "stack_free_lifetime": 1660,
        "error": 0
      },
      {
        "id": 2,
        "packets": 120,
        "samples": 115200,
        "wall_us": 1533206,
        "task_us": 1509352,
        "max_wall_us": 15463,
        "pcm_hash": 2337883435,
        "scratch_bytes": 5488,
        "scratch_words": 15600,
        "min_dram": 9800,
        "stack_free_lifetime": 1660,
        "error": 0
      },
      {
        "id": 3,
        "packets": 120,
        "samples": 115200,
        "wall_us": 1770761,
        "task_us": 1742306,
        "max_wall_us": 18238,
        "pcm_hash": 1528306318,
        "scratch_bytes": 5488,
        "scratch_words": 15600,
        "min_dram": 9800,
        "stack_free_lifetime": 1660,
        "error": 0
      },
      {
        "id": 4,
        "packets": 120,
        "samples": 115200,
        "wall_us": 1968257,
        "task_us": 1942814,
        "max_wall_us": 19908,
        "pcm_hash": 1717014079,
        "scratch_bytes": 5488,
        "scratch_words": 15600,
        "min_dram": 10152,
        "stack_free_lifetime": 1660,
        "error": 0
      }
    ]
  },
  "comparison": [
    {
      "name": "mono-12",
      "id": 0,
      "packets": 120,
      "samples": 115200,
      "wall_us": 558446,
      "task_us": 554404,
      "max_wall_us": 6702,
      "pcm_hash": 898651720,
      "scratch_bytes": 1808,
      "scratch_words": 14112,
      "min_dram": 8528,
      "stack_free_lifetime": 1660,
      "error": 0,
      "audio_duration_us": 2400000,
      "task_budget_percent": 23.100166666666663,
      "wall_budget_percent": 23.268583333333332,
      "task_budget_minus_empty_estimate_percent": 22.855166666666666
    },
    {
      "name": "mono-24",
      "id": 1,
      "packets": 120,
      "samples": 115200,
      "wall_us": 1316115,
      "task_us": 1298373,
      "max_wall_us": 13139,
      "pcm_hash": 3216561658,
      "scratch_bytes": 2904,
      "scratch_words": 15600,
      "min_dram": 9800,
      "stack_free_lifetime": 1660,
      "error": 0,
      "audio_duration_us": 2400000,
      "task_budget_percent": 54.09887499999999,
      "wall_budget_percent": 54.838125,
      "task_budget_minus_empty_estimate_percent": 53.853874999999995
    },
    {
      "name": "stereo-64",
      "id": 2,
      "packets": 120,
      "samples": 115200,
      "wall_us": 1533206,
      "task_us": 1509352,
      "max_wall_us": 15463,
      "pcm_hash": 2337883435,
      "scratch_bytes": 5488,
      "scratch_words": 15600,
      "min_dram": 9800,
      "stack_free_lifetime": 1660,
      "error": 0,
      "audio_duration_us": 2400000,
      "task_budget_percent": 62.88966666666666,
      "wall_budget_percent": 63.883583333333334,
      "task_budget_minus_empty_estimate_percent": 62.644666666666666
    },
    {
      "name": "stereo-128",
      "id": 3,
      "packets": 120,
      "samples": 115200,
      "wall_us": 1770761,
      "task_us": 1742306,
      "max_wall_us": 18238,
      "pcm_hash": 1528306318,
      "scratch_bytes": 5488,
      "scratch_words": 15600,
      "min_dram": 9800,
      "stack_free_lifetime": 1660,
      "error": 0,
      "audio_duration_us": 2400000,
      "task_budget_percent": 72.59608333333333,
      "wall_budget_percent": 73.78170833333333,
      "task_budget_minus_empty_estimate_percent": 72.35108333333334
    },
    {
      "name": "stereo-192",
      "id": 4,
      "packets": 120,
      "samples": 115200,
      "wall_us": 1968257,
      "task_us": 1942814,
      "max_wall_us": 19908,
      "pcm_hash": 1717014079,
      "scratch_bytes": 5488,
      "scratch_words": 15600,
      "min_dram": 10152,
      "stack_free_lifetime": 1660,
      "error": 0,
      "audio_duration_us": 2400000,
      "task_budget_percent": 80.95058333333333,
      "wall_budget_percent": 82.01070833333333,
      "task_budget_minus_empty_estimate_percent": 80.70558333333332
    }
  ]
}
