{
  "conditional": 557,
  "bytes": 1551,
  "branches": [
    {
      "address": 1076168725,
      "text": "beq a13, a8, 4025083c <quant_all_bands+100>",
      "taken": true,
      "target": 1076168764
    },
    {
      "address": 1076168965,
      "text": "bnez a9, 40250958 <quant_all_bands+384>",
      "taken": true,
      "target": 1076169048
    },
    {
      "address": 1076169587,
      "text": "beqz a11, 40250bb7 <quant_all_bands+991>",
      "taken": false,
      "target": 1076169655
    },
    {
      "address": 1076170037,
      "text": "beqz a9, 40250e49 <quant_all_bands+1649>",
      "taken": false,
      "target": 1076170313
    },
    {
      "address": 1076170416,
      "text": "bnez a10, 40250f00 <quant_all_bands+1832>",
      "taken": false,
      "target": 1076170496
    },
    {
      "address": 1076170471,
      "text": "bnez a4, 40250ec6 <quant_all_bands+1774>",
      "taken": true,
      "target": 1076170438
    },
    {
      "address": 1076170485,
      "text": "bnez a2, 40250eed <quant_all_bands+1813>",
      "taken": true,
      "target": 1076170477
    },
    {
      "address": 1076170696,
      "text": "beqz a8, 40250fcd <quant_all_bands+2037>",
      "taken": true,
      "target": 1076170701
    },
    {
      "address": 1076170762,
      "text": "beqz a10, 4025100f <quant_all_bands+2103>",
      "taken": true,
      "target": 1076170767
    },
    {
      "address": 1076171225,
      "text": "beqz a11, 402511ea <quant_all_bands+2578>",
      "taken": true,
      "target": 1076171242
    },
    {
      "address": 1076171733,
      "text": "beqz a11, 4025141e <quant_all_bands+3142>",
      "taken": true,
      "target": 1076171806
    },
    {
      "address": 1076171971,
      "text": "bnez a11, 40251789 <quant_all_bands+4017>",
      "taken": false,
      "target": 1076172681
    },
    {
      "address": 1076172059,
      "text": "beqz a12, 402515a5 <quant_all_bands+3533>",
      "taken": true,
      "target": 1076172197
    },
    {
      "address": 1076172426,
      "text": "beqz a6, 402516cc <quant_all_bands+3828>",
      "taken": true,
      "target": 1076172492
    },
    {
      "address": 1076172545,
      "text": "bnei a6, 1, 402516d8 <quant_all_bands+3840>",
      "taken": false,
      "target": 1076172504
    },
    {
      "address": 1076172676,
      "text": "beqz a8, 402517b6 <quant_all_bands+4062>",
      "taken": true,
      "target": 1076172726
    },
    {
      "address": 1076173020,
      "text": "beqz a14, 40251904 <quant_all_bands+4396>",
      "taken": true,
      "target": 1076173060
    },
    {
      "address": 1076173088,
      "text": "bnez a2, 40251925 <quant_all_bands+4429>",
      "taken": true,
      "target": 1076173093
    },
    {
      "address": 1076173243,
      "text": "bnez a2, 402519c0 <quant_all_bands+4584>",
      "taken": true,
      "target": 1076173248
    },
    {
      "address": 1076173928,
      "text": "bnez a2, 40251c6d <quant_all_bands+5269>",
      "taken": true,
      "target": 1076173933
    },
    {
      "address": 1076174267,
      "text": "beqz a10, 40251e3c <quant_all_bands+5732>",
      "taken": true,
      "target": 1076174396
    },
    {
      "address": 1076174489,
      "text": "beqz a2, 40251eed <quant_all_bands+5909>",
      "taken": true,
      "target": 1076174573
    },
    {
      "address": 1076174634,
      "text": "bnez a9, 40251f30 <quant_all_bands+5976>",
      "taken": false,
      "target": 1076174640
    },
    {
      "address": 1076175304,
      "text": "beqz a2, 40252248 <quant_all_bands+6768>",
      "taken": true,
      "target": 1076175432
    },
    {
      "address": 1076175525,
      "text": "beqz a2, 402522f9 <quant_all_bands+6945>",
      "taken": true,
      "target": 1076175609
    },
    {
      "address": 1076175671,
      "text": "beqz a9, 402528ea <quant_all_bands+8466>",
      "taken": true,
      "target": 1076177130
    },
    {
      "address": 1076177054,
      "text": "beqz a2, 402528a3 <quant_all_bands+8395>",
      "taken": false,
      "target": 1076177059
    },
    {
      "address": 1076177112,
      "text": "beqz a9, 402528dd <quant_all_bands+8453>",
      "taken": false,
      "target": 1076177117
    },
    {
      "address": 1076177173,
      "text": "beqz a2, 40252595 <quant_all_bands+7613>",
      "taken": false,
      "target": 1076176277
    },
    {
      "address": 1076177221,
      "text": "bnez a2, 402524c1 <quant_all_bands+7401>",
      "taken": true,
      "target": 1076176065
    },
    {
      "address": 1076177399,
      "text": "bnez a9, 40252b75 <quant_all_bands+9117>",
      "taken": false,
      "target": 1076177781
    },
    {
      "address": 1076177446,
      "text": "beqz a10, 40252766 <quant_all_bands+8078>",
      "taken": false,
      "target": 1076176742
    }
  ],
  "unknownDead": 0,
  "unknownBranches": [
    {
      "address": 1076172545,
      "text": "bnei a6, 1, 402516d8 <quant_all_bands+3840>",
      "taken": false,
      "target": 1076172504
    }
  ],
  "remainingEncoderCalls": []
}
