I (59) codec_ram: begin: CPU-only decode, fixture copied to RAM, Wi-Fi off
I (64) codec_arena: Reserved 16384+0-byte codec word arena (IRAM)
I (71) helix_bridge: Helix MP3 workspace: DRAM 8440, IRAM 16384, arena used 22452
I (1069) codec_ram: MP3/Helix RAM frame=960 bytes iterations=200 callbacks=7200 decode=934973 us avg=4674 us min=4663 us max=4715 us audio=4800000 us realtime=513.3% speed=5.133x heap=86956 workspace=25028 arena=22452 dram=8440 iram=16384
I (1083) codec_ram: MP3/Helix task stack free=1712
I (1089) helix_bridge: Helix AAC workspace: DRAM 5908, IRAM 16384, arena used 20600
I (5028) codec_ram: AAC RAM frame=810 bytes iterations=200 callbacks=3200 decode=3756672 us avg=18783 us min=18770 us max=18802 us audio=4266666 us realtime=113.5% speed=1.135x heap=89536 workspace=25028 arena=20600 dram=5908 iram=16384
I (5041) codec_ram: AAC task stack free=1712
I (5047) helix_bridge: Helix MP3 workspace: DRAM 8440, IRAM 16384, arena used 22452
I (5055) helix_bridge: Helix MP3 workspace: DRAM 8440, IRAM 16384, arena used 22452
I (5064) helix_bridge: Helix MP3 workspace: DRAM 8440, IRAM 16384, arena used 22452
I (5072) helix_bridge: Helix MP3 workspace: DRAM 8440, IRAM 16384, arena used 22452
I (5080) helix_bridge: Helix MP3 workspace: DRAM 8440, IRAM 16384, arena used 22452
I (5088) helix_bridge: Helix MP3 workspace: DRAM 8440, IRAM 16384, arena used 22452
I (5097) helix_bridge: Helix MP3 workspace: DRAM 8440, IRAM 16384, arena used 22452
I (5105) helix_bridge: Helix MP3 workspace: DRAM 8440, IRAM 16384, arena used 22452
I (5113) helix_bridge: Helix MP3 workspace: DRAM 8440, IRAM 16384, arena used 22452
I (5122) helix_bridge: Helix MP3 workspace: DRAM 8440, IRAM 16384, arena used 22452
I (5130) helix_bridge: Helix MP3 workspace: DRAM 8440, IRAM 16384, arena used 22452
I (5138) helix_bridge: Helix MP3 workspace: DRAM 8440, IRAM 16384, arena used 22452
I (5147) helix_bridge: Helix MP3 workspace: DRAM 8440, IRAM 16384, arena used 22452
I (5155) helix_bridge: Helix MP3 workspace: DRAM 8440, IRAM 16384, arena used 22452
I (5163) helix_bridge: Helix MP3 workspace: DRAM 8440, IRAM 16384, arena used 22452
I (5172) helix_bridge: Helix MP3 workspace: DRAM 8440, IRAM 16384, arena used 22452
I (5180) helix_bridge: Helix MP3 workspace: DRAM 8440, IRAM 16384, arena used 22452
I (5188) helix_bridge: Helix MP3 workspace: DRAM 8440, IRAM 16384, arena used 22452
I (5196) helix_bridge: Helix MP3 workspace: DRAM 8440, IRAM 16384, arena used 22452
I (5205) helix_bridge: Helix MP3 workspace: DRAM 8440, IRAM 16384, arena used 22452
I (5213) helix_bridge: Helix MP3 workspace: DRAM 8440, IRAM 16384, arena used 22452
I (5221) helix_bridge: Helix MP3 workspace: DRAM 8440, IRAM 16384, arena used 22452
I (5230) helix_bridge: Helix MP3 workspace: DRAM 8440, IRAM 16384, arena used 22452
I (5238) helix_bridge: Helix MP3 workspace: DRAM 8440, IRAM 16384, arena used 22452
I (5246) helix_bridge: Helix MP3 workspace: DRAM 8440, IRAM 16384, arena used 22452
I (5255) helix_bridge: Helix MP3 workspace: DRAM 8440, IRAM 16384, arena used 22452
I (5263) helix_bridge: Helix MP3 workspace: DRAM 8440, IRAM 16384, arena used 22452
I (5271) helix_bridge: Helix MP3 workspace: DRAM 8440, IRAM 16384, arena used 22452
I (5280) helix_bridge: Helix MP3 workspace: DRAM 8440, IRAM 16384, arena used 22452
I (5288) helix_bridge: Helix MP3 workspace: DRAM 8440, IRAM 16384, arena used 22452
I (5297) helix_bridge: Helix MP3 workspace: DRAM 8440, IRAM 16384, arena used 22452
I (5305) helix_bridge: Helix MP3 workspace: DRAM 8440, IRAM 16384, arena used 22452
I (5314) helix_bridge: Helix MP3 workspace: DRAM 8440, IRAM 16384, arena used 22452
I (5322) helix_bridge: Helix MP3 workspace: DRAM 8440, IRAM 16384, arena used 22452
I (5330) helix_bridge: Helix MP3 workspace: DRAM 8440, IRAM 16384, arena used 22452
I (5339) helix_bridge: Helix MP3 workspace: DRAM 8440, IRAM 16384, arena used 22452
I (5347) helix_bridge: Helix MP3 workspace: DRAM 8440, IRAM 16384, arena used 22452
I (5355) helix_bridge: Helix MP3 workspace: DRAM 8440, IRAM 16384, arena used 22452
I (5364) helix_bridge: Helix MP3 workspace: DRAM 8440, IRAM 16384, arena used 22452
I (5372) helix_bridge: Helix MP3 workspace: DRAM 8440, IRAM 16384, arena used 22452
I (5380) helix_bridge: Helix MP3 workspace: DRAM 8440, IRAM 16384, arena used 22452
I (5389) helix_bridge: Helix MP3 workspace: DRAM 8440, IRAM 16384, arena used 22452
I (5397) helix_bridge: Helix MP3 workspace: DRAM 8440, IRAM 16384, arena used 22452
I (5405) helix_bridge: Helix MP3 workspace: DRAM 8440, IRAM 16384, arena used 22452
I (5413) helix_bridge: Helix MP3 workspace: DRAM 8440, IRAM 16384, arena used 22452
I (5422) helix_bridge: Helix MP3 workspace: DRAM 8440, IRAM 16384, arena used 22452
I (5430) helix_bridge: Helix MP3 workspace: DRAM 8440, IRAM 16384, arena used 22452
I (5438) helix_bridge: Helix MP3 workspace: DRAM 8440, IRAM 16384, arena used 22452
I (5447) helix_bridge: Helix MP3 workspace: DRAM 8440, IRAM 16384, arena used 22452
I (5455) helix_bridge: Helix MP3 workspace: DRAM 8440, IRAM 16384, arena used 22452
I (5463) helix_bridge: Helix MP3 workspace: DRAM 8440, IRAM 16384, arena used 22452
I (5490) codec_ram: lifecycle creates=50 switches=50 initial=95492 minimum=86956 final=95492 delta=0
I (5493) codec_ram: complete
