I (60) codec_ram: begin: RAM decode -> PCM -> PDM -> DMA, Wi-Fi off
I (80) audio_output: I2S-PDM DMA: mono GPIO3/RX, carrier 1538461 Hz, PDM32 x1 effective 1536000 Hz, nominal carrier 1536000 Hz, 2 x 512 words; UART RX ignored
I (86) codec_arena: Reserved 16384+0-byte codec word arena (IRAM)
I (93) helix_bridge: Helix MP3 workspace: DRAM 8440, IRAM 16384, arena used 22452
I (5073) codec_ram: MP3/Helix physical wall=4785684 us audio=4800000 us eof=450 underrun=0 partial=0 fifo_empty=0 prefix=1
I (5076) codec_ram: MP3/Helix RAM frame=960 bytes iterations=200 callbacks=7200 decode=4765755 us avg=23828 us min=22298 us max=28662 us audio=4800000 us realtime=100.7% speed=1.007x heap=81980 workspace=24964 arena=22452 dram=8440 iram=16384
I (5098) codec_ram: MP3/Helix task stack free=1496
I (5104) helix_bridge: Helix AAC workspace: DRAM 5844, IRAM 16384, arena used 20600
I (11554) codec_ram: AAC physical wall=6193784 us audio=4266666 us eof=2541 underrun=1462 partial=1038 fifo_empty=0 prefix=1
I (11557) codec_ram: AAC RAM frame=810 bytes iterations=200 callbacks=6400 decode=6174227 us avg=30871 us min=29827 us max=31802 us audio=4266666 us realtime=69.1% speed=0.691x heap=84624 workspace=24964 arena=20600 dram=5844 iram=16384
I (11579) codec_ram: AAC task stack free=1496
I (11584) helix_bridge: Helix MP3 workspace: DRAM 8440, IRAM 16384, arena used 22452
I (11593) helix_bridge: Helix MP3 workspace: DRAM 8440, IRAM 16384, arena used 22452
I (11601) helix_bridge: Helix MP3 workspace: DRAM 8440, IRAM 16384, arena used 22452
I (11609) helix_bridge: Helix MP3 workspace: DRAM 8440, IRAM 16384, arena used 22452
I (11618) helix_bridge: Helix MP3 workspace: DRAM 8440, IRAM 16384, arena used 22452
I (11626) helix_bridge: Helix MP3 workspace: DRAM 8440, IRAM 16384, arena used 22452
I (11635) helix_bridge: Helix MP3 workspace: DRAM 8440, IRAM 16384, arena used 22452
I (11643) helix_bridge: Helix MP3 workspace: DRAM 8440, IRAM 16384, arena used 22452
I (11651) helix_bridge: Helix MP3 workspace: DRAM 8440, IRAM 16384, arena used 22452
I (11660) helix_bridge: Helix MP3 workspace: DRAM 8440, IRAM 16384, arena used 22452
I (11668) helix_bridge: Helix MP3 workspace: DRAM 8440, IRAM 16384, arena used 22452
I (11677) helix_bridge: Helix MP3 workspace: DRAM 8440, IRAM 16384, arena used 22452
I (11685) helix_bridge: Helix MP3 workspace: DRAM 8440, IRAM 16384, arena used 22452
I (11693) helix_bridge: Helix MP3 workspace: DRAM 8440, IRAM 16384, arena used 22452
I (11702) helix_bridge: Helix MP3 workspace: DRAM 8440, IRAM 16384, arena used 22452
I (11710) helix_bridge: Helix MP3 workspace: DRAM 8440, IRAM 16384, arena used 22452
I (11719) helix_bridge: Helix MP3 workspace: DRAM 8440, IRAM 16384, arena used 22452
I (11727) helix_bridge: Helix MP3 workspace: DRAM 8440, IRAM 16384, arena used 22452
I (11735) helix_bridge: Helix MP3 workspace: DRAM 8440, IRAM 16384, arena used 22452
I (11744) helix_bridge: Helix MP3 workspace: DRAM 8440, IRAM 16384, arena used 22452
I (11752) helix_bridge: Helix MP3 workspace: DRAM 8440, IRAM 16384, arena used 22452
I (11761) helix_bridge: Helix MP3 workspace: DRAM 8440, IRAM 16384, arena used 22452
I (11769) helix_bridge: Helix MP3 workspace: DRAM 8440, IRAM 16384, arena used 22452
I (11777) helix_bridge: Helix MP3 workspace: DRAM 8440, IRAM 16384, arena used 22452
I (11786) helix_bridge: Helix MP3 workspace: DRAM 8440, IRAM 16384, arena used 22452
I (11794) helix_bridge: Helix MP3 workspace: DRAM 8440, IRAM 16384, arena used 22452
I (11803) helix_bridge: Helix MP3 workspace: DRAM 8440, IRAM 16384, arena used 22452
I (11811) helix_bridge: Helix MP3 workspace: DRAM 8440, IRAM 16384, arena used 22452
I (11819) helix_bridge: Helix MP3 workspace: DRAM 8440, IRAM 16384, arena used 22452
I (11828) helix_bridge: Helix MP3 workspace: DRAM 8440, IRAM 16384, arena used 22452
I (11836) helix_bridge: Helix MP3 workspace: DRAM 8440, IRAM 16384, arena used 22452
I (11845) helix_bridge: Helix MP3 workspace: DRAM 8440, IRAM 16384, arena used 22452
I (11853) helix_bridge: Helix MP3 workspace: DRAM 8440, IRAM 16384, arena used 22452
I (11861) helix_bridge: Helix MP3 workspace: DRAM 8440, IRAM 16384, arena used 22452
I (11870) helix_bridge: Helix MP3 workspace: DRAM 8440, IRAM 16384, arena used 22452
I (11878) helix_bridge: Helix MP3 workspace: DRAM 8440, IRAM 16384, arena used 22452
I (11886) helix_bridge: Helix MP3 workspace: DRAM 8440, IRAM 16384, arena used 22452
I (11895) helix_bridge: Helix MP3 workspace: DRAM 8440, IRAM 16384, arena used 22452
I (11903) helix_bridge: Helix MP3 workspace: DRAM 8440, IRAM 16384, arena used 22452
I (11912) helix_bridge: Helix MP3 workspace: DRAM 8440, IRAM 16384, arena used 22452
I (11920) helix_bridge: Helix MP3 workspace: DRAM 8440, IRAM 16384, arena used 22452
I (11928) helix_bridge: Helix MP3 workspace: DRAM 8440, IRAM 16384, arena used 22452
I (11937) helix_bridge: Helix MP3 workspace: DRAM 8440, IRAM 16384, arena used 22452
I (11945) helix_bridge: Helix MP3 workspace: DRAM 8440, IRAM 16384, arena used 22452
I (11954) helix_bridge: Helix MP3 workspace: DRAM 8440, IRAM 16384, arena used 22452
I (11962) helix_bridge: Helix MP3 workspace: DRAM 8440, IRAM 16384, arena used 22452
I (11970) helix_bridge: Helix MP3 workspace: DRAM 8440, IRAM 16384, arena used 22452
I (11979) helix_bridge: Helix MP3 workspace: DRAM 8440, IRAM 16384, arena used 22452
I (11987) helix_bridge: Helix MP3 workspace: DRAM 8440, IRAM 16384, arena used 22452
I (11996) helix_bridge: Helix MP3 workspace: DRAM 8440, IRAM 16384, arena used 22452
I (12004) helix_bridge: Helix MP3 workspace: DRAM 8440, IRAM 16384, arena used 22452
I (12030) codec_ram: lifecycle creates=50 switches=50 initial=90516 minimum=81980 final=90516 delta=0
I (12032) codec_ram: complete
