I (62) codec_ram: begin: RAM decode -> PCM -> PDM -> DMA, Wi-Fi off
I (81) audio_output: I2S-PDM DMA: mono GPIO3/RX, carrier 1538461 Hz, PDM32 x1 effective 1536000 Hz, nominal carrier 1536000 Hz, 2 x 512 words; UART RX ignored
I (89) codec_arena: Reserved 16384+0-byte codec word arena (IRAM)
I (96) helix_bridge: Helix MP3 workspace: DRAM 8440, IRAM 16384, arena used 22452
I (5074) codec_ram: MP3/Helix physical wall=4785435 us audio=4800000 us eof=450 underrun=0 partial=0 fifo_empty=0 prefix=1
I (5079) codec_ram: MP3/Helix RAM frame=960 bytes iterations=200 callbacks=7200 decode=4764928 us avg=23824 us min=22317 us max=28608 us audio=4800000 us realtime=100.7% speed=1.007x heap=81980 workspace=25028 arena=22452 dram=8440 iram=16384
I (5101) codec_ram: MP3/Helix task stack free=1496
I (5107) helix_bridge: Helix AAC workspace: DRAM 5908, IRAM 16384, arena used 20600
I (10004) codec_ram: AAC physical wall=4700555 us audio=4266666 us eof=833 underrun=340 partial=172 fifo_empty=0 prefix=1
I (10009) codec_ram: AAC RAM frame=810 bytes iterations=200 callbacks=3200 decode=4685228 us avg=23426 us min=21767 us max=28600 us audio=4266666 us realtime=91.0% speed=0.910x heap=84560 workspace=25028 arena=20600 dram=5908 iram=16384
I (10030) codec_ram: AAC task stack free=1496
I (10036) helix_bridge: Helix MP3 workspace: DRAM 8440, IRAM 16384, arena used 22452
I (10044) helix_bridge: Helix MP3 workspace: DRAM 8440, IRAM 16384, arena used 22452
I (10053) helix_bridge: Helix MP3 workspace: DRAM 8440, IRAM 16384, arena used 22452
I (10061) helix_bridge: Helix MP3 workspace: DRAM 8440, IRAM 16384, arena used 22452
I (10069) helix_bridge: Helix MP3 workspace: DRAM 8440, IRAM 16384, arena used 22452
I (10078) helix_bridge: Helix MP3 workspace: DRAM 8440, IRAM 16384, arena used 22452
I (10086) helix_bridge: Helix MP3 workspace: DRAM 8440, IRAM 16384, arena used 22452
I (10095) helix_bridge: Helix MP3 workspace: DRAM 8440, IRAM 16384, arena used 22452
I (10103) helix_bridge: Helix MP3 workspace: DRAM 8440, IRAM 16384, arena used 22452
I (10111) helix_bridge: Helix MP3 workspace: DRAM 8440, IRAM 16384, arena used 22452
I (10120) helix_bridge: Helix MP3 workspace: DRAM 8440, IRAM 16384, arena used 22452
I (10128) helix_bridge: Helix MP3 workspace: DRAM 8440, IRAM 16384, arena used 22452
I (10136) helix_bridge: Helix MP3 workspace: DRAM 8440, IRAM 16384, arena used 22452
I (10145) helix_bridge: Helix MP3 workspace: DRAM 8440, IRAM 16384, arena used 22452
I (10153) helix_bridge: Helix MP3 workspace: DRAM 8440, IRAM 16384, arena used 22452
I (10162) helix_bridge: Helix MP3 workspace: DRAM 8440, IRAM 16384, arena used 22452
I (10170) helix_bridge: Helix MP3 workspace: DRAM 8440, IRAM 16384, arena used 22452
I (10178) helix_bridge: Helix MP3 workspace: DRAM 8440, IRAM 16384, arena used 22452
I (10187) helix_bridge: Helix MP3 workspace: DRAM 8440, IRAM 16384, arena used 22452
I (10196) helix_bridge: Helix MP3 workspace: DRAM 8440, IRAM 16384, arena used 22452
I (10205) helix_bridge: Helix MP3 workspace: DRAM 8440, IRAM 16384, arena used 22452
I (10213) helix_bridge: Helix MP3 workspace: DRAM 8440, IRAM 16384, arena used 22452
I (10221) helix_bridge: Helix MP3 workspace: DRAM 8440, IRAM 16384, arena used 22452
I (10230) helix_bridge: Helix MP3 workspace: DRAM 8440, IRAM 16384, arena used 22452
I (10238) helix_bridge: Helix MP3 workspace: DRAM 8440, IRAM 16384, arena used 22452
I (10247) helix_bridge: Helix MP3 workspace: DRAM 8440, IRAM 16384, arena used 22452
I (10255) helix_bridge: Helix MP3 workspace: DRAM 8440, IRAM 16384, arena used 22452
I (10263) helix_bridge: Helix MP3 workspace: DRAM 8440, IRAM 16384, arena used 22452
I (10272) helix_bridge: Helix MP3 workspace: DRAM 8440, IRAM 16384, arena used 22452
I (10280) helix_bridge: Helix MP3 workspace: DRAM 8440, IRAM 16384, arena used 22452
I (10288) helix_bridge: Helix MP3 workspace: DRAM 8440, IRAM 16384, arena used 22452
I (10297) helix_bridge: Helix MP3 workspace: DRAM 8440, IRAM 16384, arena used 22452
I (10305) helix_bridge: Helix MP3 workspace: DRAM 8440, IRAM 16384, arena used 22452
I (10314) helix_bridge: Helix MP3 workspace: DRAM 8440, IRAM 16384, arena used 22452
I (10322) helix_bridge: Helix MP3 workspace: DRAM 8440, IRAM 16384, arena used 22452
I (10330) helix_bridge: Helix MP3 workspace: DRAM 8440, IRAM 16384, arena used 22452
I (10339) helix_bridge: Helix MP3 workspace: DRAM 8440, IRAM 16384, arena used 22452
I (10347) helix_bridge: Helix MP3 workspace: DRAM 8440, IRAM 16384, arena used 22452
I (10356) helix_bridge: Helix MP3 workspace: DRAM 8440, IRAM 16384, arena used 22452
I (10364) helix_bridge: Helix MP3 workspace: DRAM 8440, IRAM 16384, arena used 22452
I (10372) helix_bridge: Helix MP3 workspace: DRAM 8440, IRAM 16384, arena used 22452
I (10381) helix_bridge: Helix MP3 workspace: DRAM 8440, IRAM 16384, arena used 22452
I (10389) helix_bridge: Helix MP3 workspace: DRAM 8440, IRAM 16384, arena used 22452
I (10398) helix_bridge: Helix MP3 workspace: DRAM 8440, IRAM 16384, arena used 22452
I (10406) helix_bridge: Helix MP3 workspace: DRAM 8440, IRAM 16384, arena used 22452
I (10414) helix_bridge: Helix MP3 workspace: DRAM 8440, IRAM 16384, arena used 22452
I (10423) helix_bridge: Helix MP3 workspace: DRAM 8440, IRAM 16384, arena used 22452
I (10431) helix_bridge: Helix MP3 workspace: DRAM 8440, IRAM 16384, arena used 22452
I (10440) helix_bridge: Helix MP3 workspace: DRAM 8440, IRAM 16384, arena used 22452
I (10448) helix_bridge: Helix MP3 workspace: DRAM 8440, IRAM 16384, arena used 22452
I (10456) helix_bridge: Helix MP3 workspace: DRAM 8440, IRAM 16384, arena used 22452
I (10483) codec_ram: lifecycle creates=50 switches=50 initial=90516 minimum=81980 final=90516 delta=0
I (10486) codec_ram: complete
