I (62) codec_ram: begin: RAM decode -> PCM -> PDM -> DMA, Wi-Fi off
I (81) audio_output: I2S-PDM DMA: mono GPIO3/RX, carrier 1538461 Hz, PDM32 x1 effective 1536000 Hz, nominal carrier 1536000 Hz, 2 x 512 words; UART RX ignored
I (89) codec_arena: Reserved 16384+0-byte codec word arena (IRAM)
I (96) helix_bridge: Helix MP3 workspace: DRAM 8440, IRAM 16384, arena used 22452
I (5074) codec_ram: MP3/Helix physical wall=4785315 us audio=4800000 us eof=450 underrun=0 partial=0 fifo_empty=0 prefix=1
I (5079) codec_ram: MP3/Helix RAM frame=960 bytes iterations=200 callbacks=7200 decode=4767384 us avg=23836 us min=22298 us max=29001 us audio=4800000 us realtime=100.6% speed=1.006x heap=81980 workspace=25924 arena=22452 dram=8440 iram=16384
I (5101) codec_ram: MP3/Helix task stack free=1496
I (5107) helix_bridge: Helix AAC workspace: DRAM 6804, IRAM 16384, arena used 20600
I (9549) codec_ram: AAC physical wall=4254014 us audio=4266666 us eof=400 underrun=0 partial=0 fifo_empty=0 prefix=1
I (9553) codec_ram: AAC RAM frame=810 bytes iterations=200 callbacks=400 decode=4233536 us avg=21167 us min=21082 us max=21263 us audio=4266666 us realtime=100.7% speed=1.007x heap=83664 workspace=25924 arena=20600 dram=6804 iram=16384
I (9575) codec_ram: AAC task stack free=1496
I (9580) helix_bridge: Helix MP3 workspace: DRAM 8440, IRAM 16384, arena used 22452
I (9588) helix_bridge: Helix MP3 workspace: DRAM 8440, IRAM 16384, arena used 22452
I (9597) helix_bridge: Helix MP3 workspace: DRAM 8440, IRAM 16384, arena used 22452
I (9605) helix_bridge: Helix MP3 workspace: DRAM 8440, IRAM 16384, arena used 22452
I (9613) helix_bridge: Helix MP3 workspace: DRAM 8440, IRAM 16384, arena used 22452
I (9622) helix_bridge: Helix MP3 workspace: DRAM 8440, IRAM 16384, arena used 22452
I (9630) helix_bridge: Helix MP3 workspace: DRAM 8440, IRAM 16384, arena used 22452
I (9638) helix_bridge: Helix MP3 workspace: DRAM 8440, IRAM 16384, arena used 22452
I (9647) helix_bridge: Helix MP3 workspace: DRAM 8440, IRAM 16384, arena used 22452
I (9655) helix_bridge: Helix MP3 workspace: DRAM 8440, IRAM 16384, arena used 22452
I (9663) helix_bridge: Helix MP3 workspace: DRAM 8440, IRAM 16384, arena used 22452
I (9671) helix_bridge: Helix MP3 workspace: DRAM 8440, IRAM 16384, arena used 22452
I (9680) helix_bridge: Helix MP3 workspace: DRAM 8440, IRAM 16384, arena used 22452
I (9688) helix_bridge: Helix MP3 workspace: DRAM 8440, IRAM 16384, arena used 22452
I (9696) helix_bridge: Helix MP3 workspace: DRAM 8440, IRAM 16384, arena used 22452
I (9705) helix_bridge: Helix MP3 workspace: DRAM 8440, IRAM 16384, arena used 22452
I (9713) helix_bridge: Helix MP3 workspace: DRAM 8440, IRAM 16384, arena used 22452
I (9721) helix_bridge: Helix MP3 workspace: DRAM 8440, IRAM 16384, arena used 22452
I (9730) helix_bridge: Helix MP3 workspace: DRAM 8440, IRAM 16384, arena used 22452
I (9738) helix_bridge: Helix MP3 workspace: DRAM 8440, IRAM 16384, arena used 22452
I (9746) helix_bridge: Helix MP3 workspace: DRAM 8440, IRAM 16384, arena used 22452
I (9755) helix_bridge: Helix MP3 workspace: DRAM 8440, IRAM 16384, arena used 22452
I (9763) helix_bridge: Helix MP3 workspace: DRAM 8440, IRAM 16384, arena used 22452
I (9771) helix_bridge: Helix MP3 workspace: DRAM 8440, IRAM 16384, arena used 22452
I (9779) helix_bridge: Helix MP3 workspace: DRAM 8440, IRAM 16384, arena used 22452
I (9788) helix_bridge: Helix MP3 workspace: DRAM 8440, IRAM 16384, arena used 22452
I (9796) helix_bridge: Helix MP3 workspace: DRAM 8440, IRAM 16384, arena used 22452
I (9804) helix_bridge: Helix MP3 workspace: DRAM 8440, IRAM 16384, arena used 22452
I (9813) helix_bridge: Helix MP3 workspace: DRAM 8440, IRAM 16384, arena used 22452
I (9821) helix_bridge: Helix MP3 workspace: DRAM 8440, IRAM 16384, arena used 22452
I (9829) helix_bridge: Helix MP3 workspace: DRAM 8440, IRAM 16384, arena used 22452
I (9838) helix_bridge: Helix MP3 workspace: DRAM 8440, IRAM 16384, arena used 22452
I (9846) helix_bridge: Helix MP3 workspace: DRAM 8440, IRAM 16384, arena used 22452
I (9854) helix_bridge: Helix MP3 workspace: DRAM 8440, IRAM 16384, arena used 22452
I (9863) helix_bridge: Helix MP3 workspace: DRAM 8440, IRAM 16384, arena used 22452
I (9871) helix_bridge: Helix MP3 workspace: DRAM 8440, IRAM 16384, arena used 22452
I (9879) helix_bridge: Helix MP3 workspace: DRAM 8440, IRAM 16384, arena used 22452
I (9887) helix_bridge: Helix MP3 workspace: DRAM 8440, IRAM 16384, arena used 22452
I (9896) helix_bridge: Helix MP3 workspace: DRAM 8440, IRAM 16384, arena used 22452
I (9904) helix_bridge: Helix MP3 workspace: DRAM 8440, IRAM 16384, arena used 22452
I (9912) helix_bridge: Helix MP3 workspace: DRAM 8440, IRAM 16384, arena used 22452
I (9921) helix_bridge: Helix MP3 workspace: DRAM 8440, IRAM 16384, arena used 22452
I (9929) helix_bridge: Helix MP3 workspace: DRAM 8440, IRAM 16384, arena used 22452
I (9937) helix_bridge: Helix MP3 workspace: DRAM 8440, IRAM 16384, arena used 22452
I (9946) helix_bridge: Helix MP3 workspace: DRAM 8440, IRAM 16384, arena used 22452
I (9954) helix_bridge: Helix MP3 workspace: DRAM 8440, IRAM 16384, arena used 22452
I (9962) helix_bridge: Helix MP3 workspace: DRAM 8440, IRAM 16384, arena used 22452
I (9970) helix_bridge: Helix MP3 workspace: DRAM 8440, IRAM 16384, arena used 22452
I (9979) helix_bridge: Helix MP3 workspace: DRAM 8440, IRAM 16384, arena used 22452
I (9987) helix_bridge: Helix MP3 workspace: DRAM 8440, IRAM 16384, arena used 22452
I (9995) helix_bridge: Helix MP3 workspace: DRAM 8440, IRAM 16384, arena used 22452
I (10022) codec_ram: lifecycle creates=50 switches=50 initial=90516 minimum=81980 final=90516 delta=0
I (10025) codec_ram: complete
