[0;32mI (266770) radio: Station 510: Ретро FM[0m

[0;32mI (274258) audio: Profile header RX started: 536 bytes[0m

[0;32mI (274274) audio: Stream response 200, ICY interval 16000[0m

[0;32mI (274277) audio: Profile detection: codec=1 bytes=356 free_heap=22292[0m

[0;32mI (274279) audio: Profile decoder switch begin[0m

[0;32mI (274285) helix_bridge: Helix MP3 workspace: DRAM 11472, IRAM 16384, arena used 23244[0m

[0;32mI (274293) audio: Profile decoder switch end: ready=1 free_heap=10716[0m

[0;32mI (274300) audio: Profile stack decoder ready: high_water=1528 bytes[0m

[0;32mI (274307) audio: Profile initial feed begin[0m

[0;32mI (274312) audio: Profile initial feed end: result=0[0m

[0;32mI (310775) audio_profile: === MP3 window=36482 ms audio=287 ms (0.7% realtime) frames=12 net=1 kbps ===[0m

[0;32mI (310779) audio_profile: tcp_wait=2200.635 ms (6.0%), calls=36011 max=1842 us[0m

[0;32mI (310786) audio_profile: frame_scan=1.415 ms (0.0%), calls=10 max=281 us[0m

[0;32mI (310793) audio_profile: decode_core=282.130 ms (0.7%), calls=12 max=31467 us[0m

[0;32mI (310801) audio_profile: pcm_output=63.026 ms (0.1%), calls=22 max=10963 us[0m

[0;32mI (310809) audio_profile: normalize=0.136 ms (0.0%), calls=22 max=8 us[0m

[0;32mI (310816) audio_profile: output_dma_wait=28.517 ms (0.0%), calls=5 max=9251 us[0m

[0;32mI (310824) audio_profile: pcm_gap=26231.773 ms (71.9%), calls=21 max=10297839 us[0m

[0;32mI (310832) audio_profile: dma eof=3430 late_start=3425 empty_start=3404 incomplete_eof=1226 incomplete_words=377580[0m

[0;32mI (310843) audio_profile: gain+mix+pdm=34.373 ms (0.0%)[0m

[0;32mI (310849) audio_profile: heap total=98888 used=89320 free=9568 min_free=8928[0m

[0;32mI (347275) radio: Station 498: ROCK FM[0m

[0;32mI (347644) audio: Profile header RX started: 536 bytes[0m

[0;32mI (347660) audio: Stream response 200, ICY interval 16000[0m

[0;32mI (347662) audio: Profile detection: codec=1 bytes=320 free_heap=9316[0m

[0;32mI (347665) audio: Profile decoder switch begin[0m

[0;32mI (347670) audio: Profile decoder switch end: ready=1 free_heap=9316[0m

[0;32mI (347677) audio: Profile stack decoder ready: high_water=1200 bytes[0m

[0;32mI (347684) audio: Profile initial feed begin[0m

[0;32mI (347689) audio: Profile initial feed end: result=0[0m

[0;32mI (350044) audio: Profile codec release stop: DRAM=11472 IRAM=16384 heap=11568[0m

