PROGRESS 2/0/0 error 0
PROGRESS 3/4/10 error 0
{
  "final": {
    "run": 5,
    "state": 3,
    "case": 4,
    "round": 10,
    "rounds": 10,
    "dram_before": 25244,
    "dram_after": 26300,
    "state_bytes": 6582,
    "empty_task_us": 65,
    "error": 0,
    "physical_output": false,
    "results": [
      {
        "id": 0,
        "packets": 120,
        "samples": 115200,
        "wall_us": 561619,
        "task_us": 555208,
        "max_wall_us": 6930,
        "pcm_hash": 898651720,
        "scratch_bytes": 1808,
        "scratch_words": 14112,
        "min_dram": 8028,
        "stack_free_lifetime": 1660,
        "error": 0
      },
      {
        "id": 1,
        "packets": 120,
        "samples": 115200,
        "wall_us": 1318784,
        "task_us": 1300103,
        "max_wall_us": 13152,
        "pcm_hash": 3216561658,
        "scratch_bytes": 2904,
        "scratch_words": 15600,
        "min_dram": 9448,
        "stack_free_lifetime": 1660,
        "error": 0
      },
      {
        "id": 2,
        "packets": 120,
        "samples": 115200,
        "wall_us": 1545379,
        "task_us": 1522182,
        "max_wall_us": 15555,
        "pcm_hash": 2337883435,
        "scratch_bytes": 5488,
        "scratch_words": 15600,
        "min_dram": 9448,
        "stack_free_lifetime": 1660,
        "error": 0
      },
      {
        "id": 3,
        "packets": 120,
        "samples": 115200,
        "wall_us": 1803100,
        "task_us": 1771913,
        "max_wall_us": 18251,
        "pcm_hash": 1528306318,
        "scratch_bytes": 5488,
        "scratch_words": 15600,
        "min_dram": 9596,
        "stack_free_lifetime": 1660,
        "error": 0
      },
      {
        "id": 4,
        "packets": 120,
        "samples": 115200,
        "wall_us": 2019391,
        "task_us": 1987980,
        "max_wall_us": 19229,
        "pcm_hash": 1717014079,
        "scratch_bytes": 5488,
        "scratch_words": 15600,
        "min_dram": 9800,
        "stack_free_lifetime": 1660,
        "error": 0
      }
    ]
  },
  "comparison": [
    {
      "name": "mono-12",
      "id": 0,
      "packets": 120,
      "samples": 115200,
      "wall_us": 561619,
      "task_us": 555208,
      "max_wall_us": 6930,
      "pcm_hash": 898651720,
      "scratch_bytes": 1808,
      "scratch_words": 14112,
      "min_dram": 8028,
      "stack_free_lifetime": 1660,
      "error": 0,
      "audio_duration_us": 2400000,
      "task_budget_percent": 23.133666666666667,
      "wall_budget_percent": 23.400791666666663,
      "task_budget_minus_empty_estimate_percent": 22.808666666666667
    },
    {
      "name": "mono-24",
      "id": 1,
      "packets": 120,
      "samples": 115200,
      "wall_us": 1318784,
      "task_us": 1300103,
      "max_wall_us": 13152,
      "pcm_hash": 3216561658,
      "scratch_bytes": 2904,
      "scratch_words": 15600,
      "min_dram": 9448,
      "stack_free_lifetime": 1660,
      "error": 0,
      "audio_duration_us": 2400000,
      "task_budget_percent": 54.17095833333333,
      "wall_budget_percent": 54.949333333333335,
      "task_budget_minus_empty_estimate_percent": 53.84595833333333
    },
    {
      "name": "stereo-64",
      "id": 2,
      "packets": 120,
      "samples": 115200,
      "wall_us": 1545379,
      "task_us": 1522182,
      "max_wall_us": 15555,
      "pcm_hash": 2337883435,
      "scratch_bytes": 5488,
      "scratch_words": 15600,
      "min_dram": 9448,
      "stack_free_lifetime": 1660,
      "error": 0,
      "audio_duration_us": 2400000,
      "task_budget_percent": 63.424249999999994,
      "wall_budget_percent": 64.39079166666667,
      "task_budget_minus_empty_estimate_percent": 63.09925
    },
    {
      "name": "stereo-128",
      "id": 3,
      "packets": 120,
      "samples": 115200,
      "wall_us": 1803100,
      "task_us": 1771913,
      "max_wall_us": 18251,
      "pcm_hash": 1528306318,
      "scratch_bytes": 5488,
      "scratch_words": 15600,
      "min_dram": 9596,
      "stack_free_lifetime": 1660,
      "error": 0,
      "audio_duration_us": 2400000,
      "task_budget_percent": 73.82970833333334,
      "wall_budget_percent": 75.12916666666666,
      "task_budget_minus_empty_estimate_percent": 73.50470833333334
    },
    {
      "name": "stereo-192",
      "id": 4,
      "packets": 120,
      "samples": 115200,
      "wall_us": 2019391,
      "task_us": 1987980,
      "max_wall_us": 19229,
      "pcm_hash": 1717014079,
      "scratch_bytes": 5488,
      "scratch_words": 15600,
      "min_dram": 9800,
      "stack_free_lifetime": 1660,
      "error": 0,
      "audio_duration_us": 2400000,
      "task_budget_percent": 82.8325,
      "wall_budget_percent": 84.14129166666666,
      "task_budget_minus_empty_estimate_percent": 82.5075
    }
  ]
}
